
> bensa-web@1.0.0 test
> vitest --passWithNoTests


[1m[44m DEV [49m[22m [34mv4.0.18 [39m[90mC:/Users/moxch/Documents/GitHub/bensa/web[39m

 [32mÔ£ô[39m src/__tests__/services/priceService.test.ts [2m([22m[2m5 tests[22m[2m)[22m[32m 3[2mms[22m[39m
 [32mÔ£ô[39m src/__tests__/services/stationService.test.ts [2m([22m[2m7 tests[22m[2m)[22m[32m 4[2mms[22m[39m
 [32mÔ£ô[39m src/__tests__/utils/priceUtils.test.ts [2m([22m[2m14 tests[22m[2m)[22m[32m 5[2mms[22m[39m
 [31mÔØ»[39m src/__tests__/components/LoadingFuel.test.tsx [2m([22m[2m3 tests[22m[2m | [22m[31m3 failed[39m[2m)[22m[32m 11[2mms[22m[39m
[31m     [31m├ù[31m renders loading text[39m[32m 8[2mms[22m[39m
[31m     [31m├ù[31m renders fuel pump emoji[39m[32m 1[2mms[22m[39m
[31m     [31m├ù[31m has the loading container ID[39m[32m 1[2mms[22m[39m
 [31mÔØ»[39m src/__tests__/components/FuelTypeSelector.test.tsx [2m([22m[2m3 tests[22m[2m | [22m[31m3 failed[39m[2m)[22m[32m 10[2mms[22m[39m
[31m     [31m├ù[31m renders all three fuel type buttons[39m[32m 7[2mms[22m[39m
[31m     [31m├ù[31m calls onChange when a fuel type is clicked[39m[32m 1[2mms[22m[39m
[31m     [31m├ù[31m has the correct container ID[39m[32m 1[2mms[22m[39m
 [31mÔØ»[39m src/__tests__/components/Header.test.tsx [2m([22m[2m5 tests[22m[2m | [22m[31m5 failed[39m[2m)[22m[32m 11[2mms[22m[39m
[31m     [31m├ù[31m renders the app title[39m[32m 7[2mms[22m[39m
[31m     [31m├ù[31m renders the subtitle[39m[32m 1[2mms[22m[39m
[31m     [31m├ù[31m renders a header element[39m[32m 1[2mms[22m[39m
[31m     [31m├ù[31m has proper heading hierarchy with h1[39m[32m 1[2mms[22m[39m
[31m     [31m├ù[31m renders the fuel pump emoji[39m[32m 1[2mms[22m[39m
 [31mÔØ»[39m src/__tests__/components/StationCard.test.tsx [2m([22m[2m6 tests[22m[2m | [22m[31m6 failed[39m[2m)[22m[32m 13[2mms[22m[39m
[31m     [31m├ù[31m renders the station name[39m[32m 8[2mms[22m[39m
[31m     [31m├ù[31m renders the station address and city[39m[32m 1[2mms[22m[39m
[31m     [31m├ù[31m renders the fuel price[39m[32m 1[2mms[22m[39m
[31m     [31m├ù[31m renders the distance[39m[32m 1[2mms[22m[39m
[31m     [31m├ù[31m renders the rank badge[39m[32m 1[2mms[22m[39m
[31m     [31m├ù[31m has the correct card ID[39m[32m 1[2mms[22m[39m
 [31mÔØ»[39m src/__tests__/components/PriceGauge.test.tsx [2m([22m[2m7 tests[22m[2m | [22m[31m7 failed[39m[2m)[22m[32m 13[2mms[22m[39m
[31m     [31m├ù[31m renders the average price[39m[32m 8[2mms[22m[39m
[31m     [31m├ù[31m renders the fuel type label[39m[32m 1[2mms[22m[39m
[31m     [31m├ù[31m renders min and max prices[39m[32m 1[2mms[22m[39m
[31m     [31m├ù[31m renders the Ôé¼/L unit[39m[32m 1[2mms[22m[39m
[31m     [31m├ù[31m has the gauge container ID[39m[32m 1[2mms[22m[39m
[31m     [31m├ù[31m shows cheap level for low prices[39m[32m 0[2mms[22m[39m
[31m     [31m├ù[31m shows expensive level for high prices[39m[32m 0[2mms[22m[39m

ÔÄ»ÔÄ»ÔÄ»ÔÄ»ÔÄ»ÔÄ» Failed Tests 24 ÔÄ»ÔÄ»ÔÄ»ÔÄ»ÔÄ»ÔÄ»ÔÄ»

 FAIL  src/__tests__/components/FuelTypeSelector.test.tsx > FuelTypeSelector > renders all three fuel type buttons
 FAIL  src/__tests__/components/FuelTypeSelector.test.tsx > FuelTypeSelector > calls onChange when a fuel type is clicked
 FAIL  src/__tests__/components/FuelTypeSelector.test.tsx > FuelTypeSelector > has the correct container ID
 FAIL  src/__tests__/components/Header.test.tsx > Header > renders the app title
 FAIL  src/__tests__/components/Header.test.tsx > Header > renders the subtitle
 FAIL  src/__tests__/components/Header.test.tsx > Header > renders a header element
 FAIL  src/__tests__/components/Header.test.tsx > Header > has proper heading hierarchy with h1
 FAIL  src/__tests__/components/Header.test.tsx > Header > renders the fuel pump emoji
 FAIL  src/__tests__/components/LoadingFuel.test.tsx > LoadingFuel > renders loading text
 FAIL  src/__tests__/components/LoadingFuel.test.tsx > LoadingFuel > renders fuel pump emoji
 FAIL  src/__tests__/components/LoadingFuel.test.tsx > LoadingFuel > has the loading container ID
 FAIL  src/__tests__/components/PriceGauge.test.tsx > PriceGauge > renders the average price
 FAIL  src/__tests__/components/PriceGauge.test.tsx > PriceGauge > renders the fuel type label
 FAIL  src/__tests__/components/PriceGauge.test.tsx > PriceGauge > renders min and max prices
 FAIL  src/__tests__/components/PriceGauge.test.tsx > PriceGauge > renders the Ôé¼/L unit
 FAIL  src/__tests__/components/PriceGauge.test.tsx > PriceGauge > has the gauge container ID
 FAIL  src/__tests__/components/PriceGauge.test.tsx > PriceGauge > shows cheap level for low prices
 FAIL  src/__tests__/components/PriceGauge.test.tsx > PriceGauge > shows expensive level for high prices
 FAIL  src/__tests__/components/StationCard.test.tsx > StationCard > renders the station name
 FAIL  src/__tests__/components/StationCard.test.tsx > StationCard > renders the station address and city
 FAIL  src/__tests__/components/StationCard.test.tsx > StationCard > renders the fuel price
 FAIL  src/__tests__/components/StationCard.test.tsx > StationCard > renders the distance
 FAIL  src/__tests__/components/StationCard.test.tsx > StationCard > renders the rank badge
 FAIL  src/__tests__/components/StationCard.test.tsx > StationCard > has the correct card ID
Error: Objects are not valid as a React child (found: object with keys {$$typeof, type, key, props, _owner, _store}). If you meant to render a collection of children, use an array instead.
 ÔØ» throwOnInvalidObjectType ../node_modules/react-dom/cjs/react-dom.development.js:13123:9
 ÔØ» reconcileChildFibers ../node_modules/react-dom/cjs/react-dom.development.js:14064:7
 ÔØ» reconcileChildren ../node_modules/react-dom/cjs/react-dom.development.js:19193:28
 ÔØ» updateHostRoot ../node_modules/react-dom/cjs/react-dom.development.js:19912:5
 ÔØ» beginWork ../node_modules/react-dom/cjs/react-dom.development.js:21654:14
 ÔØ» HTMLUnknownElement.callCallback ../node_modules/react-dom/cjs/react-dom.development.js:4164:14
 ÔØ» HTMLUnknownElement.#callDispatchEventListeners ../node_modules/happy-dom/lib/event/EventTarget.js:241:34
 ÔØ» HTMLUnknownElement.dispatchEvent ../node_modules/happy-dom/lib/event/EventTarget.js:104:41
 ÔØ» HTMLUnknownElement.#goThroughDispatchEventPhases ../node_modules/happy-dom/lib/event/EventTarget.js:164:38
 ÔØ» HTMLUnknownElement.dispatchEvent ../node_modules/happy-dom/lib/event/EventTarget.js:100:47

ÔÄ»ÔÄ»ÔÄ»ÔÄ»ÔÄ»ÔÄ»ÔÄ»ÔÄ»ÔÄ»ÔÄ»ÔÄ»ÔÄ»ÔÄ»ÔÄ»ÔÄ»ÔÄ»ÔÄ»ÔÄ»ÔÄ»ÔÄ»ÔÄ»ÔÄ»ÔÄ»[1/24]ÔÄ»


[2m Test Files [22m [1m[31m5 failed[39m[22m[2m | [22m[1m[32m3 passed[39m[22m[90m (8)[39m
[2m      Tests [22m [1m[31m24 failed[39m[22m[2m | [22m[1m[32m26 passed[39m[22m[90m (50)[39m
[2m   Start at [22m 19:12:52
[2m   Duration [22m 893ms[2m (transform 380ms, setup 1.05s, import 972ms, tests 69ms, environment 3.24s)[22m

[1m[41m FAIL [49m[22m [31mTests failed. Watching for file changes...[39m
       [2mpress [22m[1mh[22m[2m to show help[22m[2m, [22m[2mpress [22m[1mq[22m[2m to quit[22m
c[3J[1m[44m RERUN [49m[22m [34m[2msrc/__tests__/components/LoadingFuel.test.tsx [22m[34mx1 [34m[39m

 [31mÔØ»[39m src/__tests__/components/StationCard.test.tsx [2m([22m[2m6 tests[22m[2m | [22m[31m6 failed[39m[2m)[22m[32m 13[2mms[22m[39m
[31m     [31m├ù[31m renders the station name[39m[32m 8[2mms[22m[39m
[31m     [31m├ù[31m renders the station address and city[39m[32m 1[2mms[22m[39m
[31m     [31m├ù[31m renders the fuel price[39m[32m 1[2mms[22m[39m
[31m     [31m├ù[31m renders the distance[39m[32m 1[2mms[22m[39m
[31m     [31m├ù[31m renders the rank badge[39m[32m 1[2mms[22m[39m
[31m     [31m├ù[31m has the correct card ID[39m[32m 1[2mms[22m[39m
 [31mÔØ»[39m src/__tests__/components/Header.test.tsx [2m([22m[2m5 tests[22m[2m | [22m[31m5 failed[39m[2m)[22m[32m 11[2mms[22m[39m
[31m     [31m├ù[31m renders the app title[39m[32m 7[2mms[22m[39m
[31m     [31m├ù[31m renders the subtitle[39m[32m 1[2mms[22m[39m
[31m     [31m├ù[31m renders a header element[39m[32m 1[2mms[22m[39m
[31m     [31m├ù[31m has proper heading hierarchy with h1[39m[32m 1[2mms[22m[39m
[31m     [31m├ù[31m renders the fuel pump emoji[39m[32m 1[2mms[22m[39m
 [31mÔØ»[39m src/__tests__/components/PriceGauge.test.tsx [2m([22m[2m7 tests[22m[2m | [22m[31m7 failed[39m[2m)[22m[32m 13[2mms[22m[39m
[31m     [31m├ù[31m renders the average price[39m[32m 8[2mms[22m[39m
[31m     [31m├ù[31m renders the fuel type label[39m[32m 1[2mms[22m[39m
[31m     [31m├ù[31m renders min and max prices[39m[32m 1[2mms[22m[39m
[31m     [31m├ù[31m renders the Ôé¼/L unit[39m[32m 1[2mms[22m[39m
[31m     [31m├ù[31m has the gauge container ID[39m[32m 1[2mms[22m[39m
[31m     [31m├ù[31m shows cheap level for low prices[39m[32m 0[2mms[22m[39m
[31m     [31m├ù[31m shows expensive level for high prices[39m[32m 0[2mms[22m[39m
 [31mÔØ»[39m src/__tests__/components/FuelTypeSelector.test.tsx [2m([22m[2m3 tests[22m[2m | [22m[31m3 failed[39m[2m)[22m[32m 10[2mms[22m[39m
[31m     [31m├ù[31m renders all three fuel type buttons[39m[32m 7[2mms[22m[39m
[31m     [31m├ù[31m calls onChange when a fuel type is clicked[39m[32m 1[2mms[22m[39m
[31m     [31m├ù[31m has the correct container ID[39m[32m 1[2mms[22m[39m
 [31mÔØ»[39m src/__tests__/components/LoadingFuel.test.tsx [2m([22m[2m3 tests[22m[2m | [22m[31m3 failed[39m[2m)[22m[32m 8[2mms[22m[39m
[31m     [31m├ù[31m renders loading text[39m[32m 6[2mms[22m[39m
[31m     [31m├ù[31m renders fuel pump emoji[39m[32m 1[2mms[22m[39m
[31m     [31m├ù[31m has the loading container ID[39m[32m 1[2mms[22m[39m

ÔÄ»ÔÄ»ÔÄ»ÔÄ»ÔÄ»ÔÄ»ÔÄ» Failed Tests 3 ÔÄ»ÔÄ»ÔÄ»ÔÄ»ÔÄ»ÔÄ»ÔÄ»

 FAIL  src/__tests__/components/LoadingFuel.test.tsx > LoadingFuel > renders loading text
 FAIL  src/__tests__/components/LoadingFuel.test.tsx > LoadingFuel > renders fuel pump emoji
 FAIL  src/__tests__/components/LoadingFuel.test.tsx > LoadingFuel > has the loading container ID
Error: Objects are not valid as a React child (found: object with keys {$$typeof, type, key, props, _owner, _store}). If you meant to render a collection of children, use an array instead.
 ÔØ» throwOnInvalidObjectType ../node_modules/react-dom/cjs/react-dom.development.js:13123:9
 ÔØ» reconcileChildFibers ../node_modules/react-dom/cjs/react-dom.development.js:14064:7
 ÔØ» reconcileChildren ../node_modules/react-dom/cjs/react-dom.development.js:19193:28
 ÔØ» updateHostRoot ../node_modules/react-dom/cjs/react-dom.development.js:19912:5
 ÔØ» beginWork ../node_modules/react-dom/cjs/react-dom.development.js:21654:14
 ÔØ» HTMLUnknownElement.callCallback ../node_modules/react-dom/cjs/react-dom.development.js:4164:14
 ÔØ» HTMLUnknownElement.#callDispatchEventListeners ../node_modules/happy-dom/lib/event/EventTarget.js:241:34
 ÔØ» HTMLUnknownElement.dispatchEvent ../node_modules/happy-dom/lib/event/EventTarget.js:104:41
 ÔØ» HTMLUnknownElement.#goThroughDispatchEventPhases ../node_modules/happy-dom/lib/event/EventTarget.js:164:38
 ÔØ» HTMLUnknownElement.dispatchEvent ../node_modules/happy-dom/lib/event/EventTarget.js:100:47

ÔÄ»ÔÄ»ÔÄ»ÔÄ»ÔÄ»ÔÄ»ÔÄ»ÔÄ»ÔÄ»ÔÄ»ÔÄ»ÔÄ»ÔÄ»ÔÄ»ÔÄ»ÔÄ»ÔÄ»ÔÄ»ÔÄ»ÔÄ»ÔÄ»ÔÄ»ÔÄ»ÔÄ»[1/3]ÔÄ»


[2m Test Files [22m [1m[31m5 failed[39m[22m[90m (5)[39m
[2m      Tests [22m [1m[31m24 failed[39m[22m[90m (24)[39m
[2m   Start at [22m 19:13:51
[2m   Duration [22m 189ms

[1m[41m FAIL [49m[22m [31mTests failed. Watching for file changes...[39m
       [2mpress [22m[1mh[22m[2m to show help[22m[2m, [22m[2mpress [22m[1mq[22m[2m to quit[22m
c[3J[1m[44m RERUN [49m[22m [34m[2msrc/__tests__/components/Minimal.test.tsx [22m[34mx1 [34m[39m

 [31mÔØ»[39m src/__tests__/components/StationCard.test.tsx [2m([22m[2m6 tests[22m[2m | [22m[31m6 failed[39m[2m)[22m[32m 13[2mms[22m[39m
[31m     [31m├ù[31m renders the station name[39m[32m 8[2mms[22m[39m
[31m     [31m├ù[31m renders the station address and city[39m[32m 1[2mms[22m[39m
[31m     [31m├ù[31m renders the fuel price[39m[32m 1[2mms[22m[39m
[31m     [31m├ù[31m renders the distance[39m[32m 1[2mms[22m[39m
[31m     [31m├ù[31m renders the rank badge[39m[32m 1[2mms[22m[39m
[31m     [31m├ù[31m has the correct card ID[39m[32m 1[2mms[22m[39m
 [31mÔØ»[39m src/__tests__/components/Header.test.tsx [2m([22m[2m5 tests[22m[2m | [22m[31m5 failed[39m[2m)[22m[32m 11[2mms[22m[39m
[31m     [31m├ù[31m renders the app title[39m[32m 7[2mms[22m[39m
[31m     [31m├ù[31m renders the subtitle[39m[32m 1[2mms[22m[39m
[31m     [31m├ù[31m renders a header element[39m[32m 1[2mms[22m[39m
[31m     [31m├ù[31m has proper heading hierarchy with h1[39m[32m 1[2mms[22m[39m
[31m     [31m├ù[31m renders the fuel pump emoji[39m[32m 1[2mms[22m[39m
 [31mÔØ»[39m src/__tests__/components/PriceGauge.test.tsx [2m([22m[2m7 tests[22m[2m | [22m[31m7 failed[39m[2m)[22m[32m 13[2mms[22m[39m
[31m     [31m├ù[31m renders the average price[39m[32m 8[2mms[22m[39m
[31m     [31m├ù[31m renders the fuel type label[39m[32m 1[2mms[22m[39m
[31m     [31m├ù[31m renders min and max prices[39m[32m 1[2mms[22m[39m
[31m     [31m├ù[31m renders the Ôé¼/L unit[39m[32m 1[2mms[22m[39m
[31m     [31m├ù[31m has the gauge container ID[39m[32m 1[2mms[22m[39m
[31m     [31m├ù[31m shows cheap level for low prices[39m[32m 0[2mms[22m[39m
[31m     [31m├ù[31m shows expensive level for high prices[39m[32m 0[2mms[22m[39m
 [31mÔØ»[39m src/__tests__/components/LoadingFuel.test.tsx [2m([22m[2m3 tests[22m[2m | [22m[31m3 failed[39m[2m)[22m[32m 8[2mms[22m[39m
[31m     [31m├ù[31m renders loading text[39m[32m 6[2mms[22m[39m
[31m     [31m├ù[31m renders fuel pump emoji[39m[32m 1[2mms[22m[39m
[31m     [31m├ù[31m has the loading container ID[39m[32m 1[2mms[22m[39m
 [31mÔØ»[39m src/__tests__/components/FuelTypeSelector.test.tsx [2m([22m[2m3 tests[22m[2m | [22m[31m3 failed[39m[2m)[22m[32m 10[2mms[22m[39m
[31m     [31m├ù[31m renders all three fuel type buttons[39m[32m 7[2mms[22m[39m
[31m     [31m├ù[31m calls onChange when a fuel type is clicked[39m[32m 1[2mms[22m[39m
[31m     [31m├ù[31m has the correct container ID[39m[32m 1[2mms[22m[39m
 [31mÔØ»[39m src/__tests__/components/Minimal.test.tsx [2m([22m[2m1 test[22m[2m | [22m[31m1 failed[39m[2m)[22m[32m 7[2mms[22m[39m
[31m     [31m├ù[31m renders a simple div[39m[32m 6[2mms[22m[39m

ÔÄ»ÔÄ»ÔÄ»ÔÄ»ÔÄ»ÔÄ»ÔÄ» Failed Tests 1 ÔÄ»ÔÄ»ÔÄ»ÔÄ»ÔÄ»ÔÄ»ÔÄ»

 FAIL  src/__tests__/components/Minimal.test.tsx > Minimal > renders a simple div
Error: Objects are not valid as a React child (found: object with keys {$$typeof, type, key, props, _owner, _store}). If you meant to render a collection of children, use an array instead.
 ÔØ» throwOnInvalidObjectType ../node_modules/react-dom/cjs/react-dom.development.js:13123:9
 ÔØ» reconcileChildFibers ../node_modules/react-dom/cjs/react-dom.development.js:14064:7
 ÔØ» reconcileChildren ../node_modules/react-dom/cjs/react-dom.development.js:19193:28
 ÔØ» updateHostRoot ../node_modules/react-dom/cjs/react-dom.development.js:19912:5
 ÔØ» beginWork ../node_modules/react-dom/cjs/react-dom.development.js:21654:14
 ÔØ» HTMLUnknownElement.callCallback ../node_modules/react-dom/cjs/react-dom.development.js:4164:14
 ÔØ» HTMLUnknownElement.#callDispatchEventListeners ../node_modules/happy-dom/lib/event/EventTarget.js:241:34
 ÔØ» HTMLUnknownElement.dispatchEvent ../node_modules/happy-dom/lib/event/EventTarget.js:104:41
 ÔØ» HTMLUnknownElement.#goThroughDispatchEventPhases ../node_modules/happy-dom/lib/event/EventTarget.js:164:38
 ÔØ» HTMLUnknownElement.dispatchEvent ../node_modules/happy-dom/lib/event/EventTarget.js:100:47

ÔÄ»ÔÄ»ÔÄ»ÔÄ»ÔÄ»ÔÄ»ÔÄ»ÔÄ»ÔÄ»ÔÄ»ÔÄ»ÔÄ»ÔÄ»ÔÄ»ÔÄ»ÔÄ»ÔÄ»ÔÄ»ÔÄ»ÔÄ»ÔÄ»ÔÄ»ÔÄ»ÔÄ»[1/1]ÔÄ»


[2m Test Files [22m [1m[31m6 failed[39m[22m[90m (6)[39m
[2m      Tests [22m [1m[31m25 failed[39m[22m[90m (25)[39m
[2m   Start at [22m 19:14:25
[2m   Duration [22m 176ms

[1m[41m FAIL [49m[22m [31mTests failed. Watching for file changes...[39m
       [2mpress [22m[1mh[22m[2m to show help[22m[2m, [22m[2mpress [22m[1mq[22m[2m to quit[22m
c[3J[1m[44m RERUN [49m[22m [34m[2msrc/__tests__/components/Minimal.test.tsx [22m[34mx2 [34m[39m

 [31mÔØ»[39m src/__tests__/components/StationCard.test.tsx [2m([22m[2m6 tests[22m[2m | [22m[31m6 failed[39m[2m)[22m[32m 13[2mms[22m[39m
[31m     [31m├ù[31m renders the station name[39m[32m 8[2mms[22m[39m
[31m     [31m├ù[31m renders the station address and city[39m[32m 1[2mms[22m[39m
[31m     [31m├ù[31m renders the fuel price[39m[32m 1[2mms[22m[39m
[31m     [31m├ù[31m renders the distance[39m[32m 1[2mms[22m[39m
[31m     [31m├ù[31m renders the rank badge[39m[32m 1[2mms[22m[39m
[31m     [31m├ù[31m has the correct card ID[39m[32m 1[2mms[22m[39m
 [31mÔØ»[39m src/__tests__/components/Header.test.tsx [2m([22m[2m5 tests[22m[2m | [22m[31m5 failed[39m[2m)[22m[32m 11[2mms[22m[39m
[31m     [31m├ù[31m renders the app title[39m[32m 7[2mms[22m[39m
[31m     [31m├ù[31m renders the subtitle[39m[32m 1[2mms[22m[39m
[31m     [31m├ù[31m renders a header element[39m[32m 1[2mms[22m[39m
[31m     [31m├ù[31m has proper heading hierarchy with h1[39m[32m 1[2mms[22m[39m
[31m     [31m├ù[31m renders the fuel pump emoji[39m[32m 1[2mms[22m[39m
 [31mÔØ»[39m src/__tests__/components/PriceGauge.test.tsx [2m([22m[2m7 tests[22m[2m | [22m[31m7 failed[39m[2m)[22m[32m 13[2mms[22m[39m
[31m     [31m├ù[31m renders the average price[39m[32m 8[2mms[22m[39m
[31m     [31m├ù[31m renders the fuel type label[39m[32m 1[2mms[22m[39m
[31m     [31m├ù[31m renders min and max prices[39m[32m 1[2mms[22m[39m
[31m     [31m├ù[31m renders the Ôé¼/L unit[39m[32m 1[2mms[22m[39m
[31m     [31m├ù[31m has the gauge container ID[39m[32m 1[2mms[22m[39m
[31m     [31m├ù[31m shows cheap level for low prices[39m[32m 0[2mms[22m[39m
[31m     [31m├ù[31m shows expensive level for high prices[39m[32m 0[2mms[22m[39m
 [31mÔØ»[39m src/__tests__/components/LoadingFuel.test.tsx [2m([22m[2m3 tests[22m[2m | [22m[31m3 failed[39m[2m)[22m[32m 8[2mms[22m[39m
[31m     [31m├ù[31m renders loading text[39m[32m 6[2mms[22m[39m
[31m     [31m├ù[31m renders fuel pump emoji[39m[32m 1[2mms[22m[39m
[31m     [31m├ù[31m has the loading container ID[39m[32m 1[2mms[22m[39m
 [31mÔØ»[39m src/__tests__/components/FuelTypeSelector.test.tsx [2m([22m[2m3 tests[22m[2m | [22m[31m3 failed[39m[2m)[22m[32m 10[2mms[22m[39m
[31m     [31m├ù[31m renders all three fuel type buttons[39m[32m 7[2mms[22m[39m
[31m     [31m├ù[31m calls onChange when a fuel type is clicked[39m[32m 1[2mms[22m[39m
[31m     [31m├ù[31m has the correct container ID[39m[32m 1[2mms[22m[39m
 [31mÔØ»[39m src/__tests__/components/Minimal.test.tsx [2m([22m[2m1 test[22m[2m | [22m[31m1 failed[39m[2m)[22m[32m 7[2mms[22m[39m
[31m     [31m├ù[31m renders a simple div[39m[32m 6[2mms[22m[39m

ÔÄ»ÔÄ»ÔÄ»ÔÄ»ÔÄ»ÔÄ»ÔÄ» Failed Tests 1 ÔÄ»ÔÄ»ÔÄ»ÔÄ»ÔÄ»ÔÄ»ÔÄ»

 FAIL  src/__tests__/components/Minimal.test.tsx > Minimal > renders a simple div
Error: Objects are not valid as a React child (found: object with keys {$$typeof, type, key, props, _owner, _store}). If you meant to render a collection of children, use an array instead.
 ÔØ» throwOnInvalidObjectType ../node_modules/react-dom/cjs/react-dom.development.js:13123:9
 ÔØ» reconcileChildFibers ../node_modules/react-dom/cjs/react-dom.development.js:14064:7
 ÔØ» reconcileChildren ../node_modules/react-dom/cjs/react-dom.development.js:19193:28
 ÔØ» updateHostRoot ../node_modules/react-dom/cjs/react-dom.development.js:19912:5
 ÔØ» beginWork ../node_modules/react-dom/cjs/react-dom.development.js:21654:14
 ÔØ» HTMLUnknownElement.callCallback ../node_modules/react-dom/cjs/react-dom.development.js:4164:14
 ÔØ» HTMLUnknownElement.#callDispatchEventListeners ../node_modules/happy-dom/lib/event/EventTarget.js:241:34
 ÔØ» HTMLUnknownElement.dispatchEvent ../node_modules/happy-dom/lib/event/EventTarget.js:104:41
 ÔØ» HTMLUnknownElement.#goThroughDispatchEventPhases ../node_modules/happy-dom/lib/event/EventTarget.js:164:38
 ÔØ» HTMLUnknownElement.dispatchEvent ../node_modules/happy-dom/lib/event/EventTarget.js:100:47

ÔÄ»ÔÄ»ÔÄ»ÔÄ»ÔÄ»ÔÄ»ÔÄ»ÔÄ»ÔÄ»ÔÄ»ÔÄ»ÔÄ»ÔÄ»ÔÄ»ÔÄ»ÔÄ»ÔÄ»ÔÄ»ÔÄ»ÔÄ»ÔÄ»ÔÄ»ÔÄ»ÔÄ»[1/1]ÔÄ»


[2m Test Files [22m [1m[31m6 failed[39m[22m[90m (6)[39m
[2m      Tests [22m [1m[31m25 failed[39m[22m[90m (25)[39m
[2m   Start at [22m 19:14:26
[2m   Duration [22m 181ms

[1m[41m FAIL [49m[22m [31mTests failed. Watching for file changes...[39m
       [2mpress [22m[1mh[22m[2m to show help[22m[2m, [22m[2mpress [22m[1mq[22m[2m to quit[22m
[1m[35m
Restarting due to config changes...[39m[22m

[1m[44m DEV [49m[22m [34mv4.0.18 [39m[90mC:/Users/moxch/Documents/GitHub/bensa/web[39m

 [32mÔ£ô[39m src/__tests__/services/stationService.test.ts [2m([22m[2m7 tests[22m[2m)[22m[32m 5[2mms[22m[39m
 [32mÔ£ô[39m src/__tests__/utils/priceUtils.test.ts [2m([22m[2m14 tests[22m[2m)[22m[32m 5[2mms[22m[39m
 [31mÔØ»[39m src/__tests__/components/StationCard.test.tsx [2m([22m[2m6 tests[22m[2m | [22m[31m6 failed[39m[2m)[22m[32m 16[2mms[22m[39m
[31m     [31m├ù[31m renders the station name[39m[32m 9[2mms[22m[39m
[31m     [31m├ù[31m renders the station address and city[39m[32m 1[2mms[22m[39m
[31m     [31m├ù[31m renders the fuel price[39m[32m 1[2mms[22m[39m
[31m     [31m├ù[31m renders the distance[39m[32m 1[2mms[22m[39m
[31m     [31m├ù[31m renders the rank badge[39m[32m 1[2mms[22m[39m
[31m     [31m├ù[31m has the correct card ID[39m[32m 1[2mms[22m[39m
 [31mÔØ»[39m src/__tests__/components/PriceGauge.test.tsx [2m([22m[2m7 tests[22m[2m | [22m[31m7 failed[39m[2m)[22m[32m 18[2mms[22m[39m
[31m     [31m├ù[31m renders the average price[39m[32m 10[2mms[22m[39m
[31m     [31m├ù[31m renders the fuel type label[39m[32m 1[2mms[22m[39m
[31m     [31m├ù[31m renders min and max prices[39m[32m 1[2mms[22m[39m
[31m     [31m├ù[31m renders the Ôé¼/L unit[39m[32m 1[2mms[22m[39m
[31m     [31m├ù[31m has the gauge container ID[39m[32m 1[2mms[22m[39m
[31m     [31m├ù[31m shows cheap level for low prices[39m[32m 1[2mms[22m[39m
[31m     [31m├ù[31m shows expensive level for high prices[39m[32m 1[2mms[22m[39m
 [31mÔØ»[39m src/__tests__/components/LoadingFuel.test.tsx [2m([22m[2m3 tests[22m[2m | [22m[31m3 failed[39m[2m)[22m[32m 14[2mms[22m[39m
[31m     [31m├ù[31m renders loading text[39m[32m 10[2mms[22m[39m
[31m     [31m├ù[31m renders fuel pump emoji[39m[32m 2[2mms[22m[39m
[31m     [31m├ù[31m has the loading container ID[39m[32m 1[2mms[22m[39m
 [31mÔØ»[39m src/__tests__/components/Header.test.tsx [2m([22m[2m5 tests[22m[2m | [22m[31m5 failed[39m[2m)[22m[32m 16[2mms[22m[39m
[31m     [31m├ù[31m renders the app title[39m[32m 10[2mms[22m[39m
[31m     [31m├ù[31m renders the subtitle[39m[32m 1[2mms[22m[39m
[31m     [31m├ù[31m renders a header element[39m[32m 1[2mms[22m[39m
[31m     [31m├ù[31m has proper heading hierarchy with h1[39m[32m 1[2mms[22m[39m
[31m     [31m├ù[31m renders the fuel pump emoji[39m[32m 1[2mms[22m[39m
 [31mÔØ»[39m src/__tests__/components/FuelTypeSelector.test.tsx [2m([22m[2m3 tests[22m[2m | [22m[31m3 failed[39m[2m)[22m[32m 16[2mms[22m[39m
[31m     [31m├ù[31m renders all three fuel type buttons[39m[32m 11[2mms[22m[39m
[31m     [31m├ù[31m calls onChange when a fuel type is clicked[39m[32m 2[2mms[22m[39m
[31m     [31m├ù[31m has the correct container ID[39m[32m 1[2mms[22m[39m
 [31mÔØ»[39m src/__tests__/components/Minimal.test.tsx [2m([22m[2m1 test[22m[2m | [22m[31m1 failed[39m[2m)[22m[32m 15[2mms[22m[39m
[31m     [31m├ù[31m renders a simple div[39m[32m 13[2mms[22m[39m
 [32mÔ£ô[39m src/__tests__/services/priceService.test.ts [2m([22m[2m5 tests[22m[2m)[22m[32m 3[2mms[22m[39m

ÔÄ»ÔÄ»ÔÄ»ÔÄ»ÔÄ»ÔÄ» Failed Tests 25 ÔÄ»ÔÄ»ÔÄ»ÔÄ»ÔÄ»ÔÄ»ÔÄ»

 FAIL  src/__tests__/components/FuelTypeSelector.test.tsx > FuelTypeSelector > renders all three fuel type buttons
 FAIL  src/__tests__/components/FuelTypeSelector.test.tsx > FuelTypeSelector > calls onChange when a fuel type is clicked
 FAIL  src/__tests__/components/FuelTypeSelector.test.tsx > FuelTypeSelector > has the correct container ID
 FAIL  src/__tests__/components/Header.test.tsx > Header > renders the app title
 FAIL  src/__tests__/components/Header.test.tsx > Header > renders the subtitle
 FAIL  src/__tests__/components/Header.test.tsx > Header > renders a header element
 FAIL  src/__tests__/components/Header.test.tsx > Header > has proper heading hierarchy with h1
 FAIL  src/__tests__/components/Header.test.tsx > Header > renders the fuel pump emoji
 FAIL  src/__tests__/components/LoadingFuel.test.tsx > LoadingFuel > renders loading text
 FAIL  src/__tests__/components/LoadingFuel.test.tsx > LoadingFuel > renders fuel pump emoji
 FAIL  src/__tests__/components/LoadingFuel.test.tsx > LoadingFuel > has the loading container ID
 FAIL  src/__tests__/components/Minimal.test.tsx > Minimal > renders a simple div
 FAIL  src/__tests__/components/PriceGauge.test.tsx > PriceGauge > renders the average price
 FAIL  src/__tests__/components/PriceGauge.test.tsx > PriceGauge > renders the fuel type label
 FAIL  src/__tests__/components/PriceGauge.test.tsx > PriceGauge > renders min and max prices
 FAIL  src/__tests__/components/PriceGauge.test.tsx > PriceGauge > renders the Ôé¼/L unit
 FAIL  src/__tests__/components/PriceGauge.test.tsx > PriceGauge > has the gauge container ID
 FAIL  src/__tests__/components/PriceGauge.test.tsx > PriceGauge > shows cheap level for low prices
 FAIL  src/__tests__/components/PriceGauge.test.tsx > PriceGauge > shows expensive level for high prices
 FAIL  src/__tests__/components/StationCard.test.tsx > StationCard > renders the station name
 FAIL  src/__tests__/components/StationCard.test.tsx > StationCard > renders the station address and city
 FAIL  src/__tests__/components/StationCard.test.tsx > StationCard > renders the fuel price
 FAIL  src/__tests__/components/StationCard.test.tsx > StationCard > renders the distance
 FAIL  src/__tests__/components/StationCard.test.tsx > StationCard > renders the rank badge
 FAIL  src/__tests__/components/StationCard.test.tsx > StationCard > has the correct card ID
Error: Objects are not valid as a React child (found: object with keys {$$typeof, type, key, props, _owner, _store}). If you meant to render a collection of children, use an array instead.
 ÔØ» throwOnInvalidObjectType ../node_modules/react-dom/cjs/react-dom.development.js:13123:9
 ÔØ» reconcileChildFibers ../node_modules/react-dom/cjs/react-dom.development.js:14064:7
 ÔØ» reconcileChildren ../node_modules/react-dom/cjs/react-dom.development.js:19193:28
 ÔØ» updateHostRoot ../node_modules/react-dom/cjs/react-dom.development.js:19912:5
 ÔØ» beginWork ../node_modules/react-dom/cjs/react-dom.development.js:21654:14
 ÔØ» HTMLUnknownElement.callCallback ../node_modules/react-dom/cjs/react-dom.development.js:4164:14
 ÔØ» HTMLUnknownElement.#callDispatchEventListeners ../node_modules/happy-dom/lib/event/EventTarget.js:241:34
 ÔØ» HTMLUnknownElement.dispatchEvent ../node_modules/happy-dom/lib/event/EventTarget.js:104:41
 ÔØ» HTMLUnknownElement.#goThroughDispatchEventPhases ../node_modules/happy-dom/lib/event/EventTarget.js:164:38
 ÔØ» HTMLUnknownElement.dispatchEvent ../node_modules/happy-dom/lib/event/EventTarget.js:100:47

ÔÄ»ÔÄ»ÔÄ»ÔÄ»ÔÄ»ÔÄ»ÔÄ»ÔÄ»ÔÄ»ÔÄ»ÔÄ»ÔÄ»ÔÄ»ÔÄ»ÔÄ»ÔÄ»ÔÄ»ÔÄ»ÔÄ»ÔÄ»ÔÄ»ÔÄ»ÔÄ»[1/25]ÔÄ»


[2m Test Files [22m [1m[31m6 failed[39m[22m[2m | [22m[1m[32m3 passed[39m[22m[90m (9)[39m
[2m      Tests [22m [1m[31m25 failed[39m[22m[2m | [22m[1m[32m26 passed[39m[22m[90m (51)[39m
[2m   Start at [22m 19:14:49
[2m   Duration [22m 2.20s[2m (transform 703ms, setup 1.73s, import 2.08s, tests 107ms, environment 7.07s)[22m

[1m[41m FAIL [49m[22m [31mTests failed. Watching for file changes...[39m
       [2mpress [22m[1mh[22m[2m to show help[22m[2m, [22m[2mpress [22m[1mq[22m[2m to quit[22m
[1m[35m
Restarting due to config changes...[39m[22m

[1m[44m DEV [49m[22m [34mv4.0.18 [39m[90mC:/Users/moxch/Documents/GitHub/bensa/web[39m

 [32mÔ£ô[39m src/__tests__/services/stationService.test.ts [2m([22m[2m7 tests[22m[2m)[22m[32m 5[2mms[22m[39m
 [32mÔ£ô[39m src/__tests__/utils/priceUtils.test.ts [2m([22m[2m14 tests[22m[2m)[22m[32m 5[2mms[22m[39m
 [31mÔØ»[39m src/__tests__/components/PriceGauge.test.tsx [2m([22m[2m7 tests[22m[2m | [22m[31m7 failed[39m[2m)[22m[32m 17[2mms[22m[39m
[31m     [31m├ù[31m renders the average price[39m[32m 10[2mms[22m[39m
[31m     [31m├ù[31m renders the fuel type label[39m[32m 2[2mms[22m[39m
[31m     [31m├ù[31m renders min and max prices[39m[32m 1[2mms[22m[39m
[31m     [31m├ù[31m renders the Ôé¼/L unit[39m[32m 1[2mms[22m[39m
[31m     [31m├ù[31m has the gauge container ID[39m[32m 1[2mms[22m[39m
[31m     [31m├ù[31m shows cheap level for low prices[39m[32m 1[2mms[22m[39m
[31m     [31m├ù[31m shows expensive level for high prices[39m[32m 1[2mms[22m[39m
 [31mÔØ»[39m src/__tests__/components/Header.test.tsx [2m([22m[2m5 tests[22m[2m | [22m[31m5 failed[39m[2m)[22m[32m 16[2mms[22m[39m
[31m     [31m├ù[31m renders the app title[39m[32m 10[2mms[22m[39m
[31m     [31m├ù[31m renders the subtitle[39m[32m 1[2mms[22m[39m
[31m     [31m├ù[31m renders a header element[39m[32m 1[2mms[22m[39m
[31m     [31m├ù[31m has proper heading hierarchy with h1[39m[32m 1[2mms[22m[39m
[31m     [31m├ù[31m renders the fuel pump emoji[39m[32m 1[2mms[22m[39m
 [31mÔØ»[39m src/__tests__/components/StationCard.test.tsx [2m([22m[2m6 tests[22m[2m | [22m[31m6 failed[39m[2m)[22m[32m 16[2mms[22m[39m
[31m     [31m├ù[31m renders the station name[39m[32m 10[2mms[22m[39m
[31m     [31m├ù[31m renders the station address and city[39m[32m 1[2mms[22m[39m
[31m     [31m├ù[31m renders the fuel price[39m[32m 1[2mms[22m[39m
[31m     [31m├ù[31m renders the distance[39m[32m 1[2mms[22m[39m
[31m     [31m├ù[31m renders the rank badge[39m[32m 1[2mms[22m[39m
[31m     [31m├ù[31m has the correct card ID[39m[32m 1[2mms[22m[39m
 [31mÔØ»[39m src/__tests__/components/LoadingFuel.test.tsx [2m([22m[2m3 tests[22m[2m | [22m[31m3 failed[39m[2m)[22m[32m 14[2mms[22m[39m
[31m     [31m├ù[31m renders loading text[39m[32m 10[2mms[22m[39m
[31m     [31m├ù[31m renders fuel pump emoji[39m[32m 1[2mms[22m[39m
[31m     [31m├ù[31m has the loading container ID[39m[32m 1[2mms[22m[39m
 [31mÔØ»[39m src/__tests__/components/Minimal.test.tsx [2m([22m[2m1 test[22m[2m | [22m[31m1 failed[39m[2m)[22m[32m 12[2mms[22m[39m
[31m     [31m├ù[31m renders a simple div[39m[32m 11[2mms[22m[39m
 [31mÔØ»[39m src/__tests__/components/FuelTypeSelector.test.tsx [2m([22m[2m3 tests[22m[2m | [22m[31m3 failed[39m[2m)[22m[32m 10[2mms[22m[39m
[31m     [31m├ù[31m renders all three fuel type buttons[39m[32m 7[2mms[22m[39m
[31m     [31m├ù[31m calls onChange when a fuel type is clicked[39m[32m 1[2mms[22m[39m
[31m     [31m├ù[31m has the correct container ID[39m[32m 1[2mms[22m[39m
 [32mÔ£ô[39m src/__tests__/services/priceService.test.ts [2m([22m[2m5 tests[22m[2m)[22m[32m 2[2mms[22m[39m

ÔÄ»ÔÄ»ÔÄ»ÔÄ»ÔÄ»ÔÄ» Failed Tests 25 ÔÄ»ÔÄ»ÔÄ»ÔÄ»ÔÄ»ÔÄ»ÔÄ»

 FAIL  src/__tests__/components/FuelTypeSelector.test.tsx > FuelTypeSelector > renders all three fuel type buttons
 FAIL  src/__tests__/components/FuelTypeSelector.test.tsx > FuelTypeSelector > calls onChange when a fuel type is clicked
 FAIL  src/__tests__/components/FuelTypeSelector.test.tsx > FuelTypeSelector > has the correct container ID
 FAIL  src/__tests__/components/Header.test.tsx > Header > renders the app title
 FAIL  src/__tests__/components/Header.test.tsx > Header > renders the subtitle
 FAIL  src/__tests__/components/Header.test.tsx > Header > renders a header element
 FAIL  src/__tests__/components/Header.test.tsx > Header > has proper heading hierarchy with h1
 FAIL  src/__tests__/components/Header.test.tsx > Header > renders the fuel pump emoji
 FAIL  src/__tests__/components/LoadingFuel.test.tsx > LoadingFuel > renders loading text
 FAIL  src/__tests__/components/LoadingFuel.test.tsx > LoadingFuel > renders fuel pump emoji
 FAIL  src/__tests__/components/LoadingFuel.test.tsx > LoadingFuel > has the loading container ID
 FAIL  src/__tests__/components/Minimal.test.tsx > Minimal > renders a simple div
 FAIL  src/__tests__/components/PriceGauge.test.tsx > PriceGauge > renders the average price
 FAIL  src/__tests__/components/PriceGauge.test.tsx > PriceGauge > renders the fuel type label
 FAIL  src/__tests__/components/PriceGauge.test.tsx > PriceGauge > renders min and max prices
 FAIL  src/__tests__/components/PriceGauge.test.tsx > PriceGauge > renders the Ôé¼/L unit
 FAIL  src/__tests__/components/PriceGauge.test.tsx > PriceGauge > has the gauge container ID
 FAIL  src/__tests__/components/PriceGauge.test.tsx > PriceGauge > shows cheap level for low prices
 FAIL  src/__tests__/components/PriceGauge.test.tsx > PriceGauge > shows expensive level for high prices
 FAIL  src/__tests__/components/StationCard.test.tsx > StationCard > renders the station name
 FAIL  src/__tests__/components/StationCard.test.tsx > StationCard > renders the station address and city
 FAIL  src/__tests__/components/StationCard.test.tsx > StationCard > renders the fuel price
 FAIL  src/__tests__/components/StationCard.test.tsx > StationCard > renders the distance
 FAIL  src/__tests__/components/StationCard.test.tsx > StationCard > renders the rank badge
 FAIL  src/__tests__/components/StationCard.test.tsx > StationCard > has the correct card ID
Error: Objects are not valid as a React child (found: object with keys {$$typeof, type, key, props, _owner, _store}). If you meant to render a collection of children, use an array instead.
 ÔØ» throwOnInvalidObjectType ../node_modules/react-dom/cjs/react-dom.development.js:13123:9
 ÔØ» reconcileChildFibers ../node_modules/react-dom/cjs/react-dom.development.js:14064:7
 ÔØ» reconcileChildren ../node_modules/react-dom/cjs/react-dom.development.js:19193:28
 ÔØ» updateHostRoot ../node_modules/react-dom/cjs/react-dom.development.js:19912:5
 ÔØ» beginWork ../node_modules/react-dom/cjs/react-dom.development.js:21654:14
 ÔØ» HTMLUnknownElement.callCallback ../node_modules/react-dom/cjs/react-dom.development.js:4164:14
 ÔØ» HTMLUnknownElement.#callDispatchEventListeners ../node_modules/happy-dom/lib/event/EventTarget.js:241:34
 ÔØ» HTMLUnknownElement.dispatchEvent ../node_modules/happy-dom/lib/event/EventTarget.js:104:41
 ÔØ» HTMLUnknownElement.#goThroughDispatchEventPhases ../node_modules/happy-dom/lib/event/EventTarget.js:164:38
 ÔØ» HTMLUnknownElement.dispatchEvent ../node_modules/happy-dom/lib/event/EventTarget.js:100:47

ÔÄ»ÔÄ»ÔÄ»ÔÄ»ÔÄ»ÔÄ»ÔÄ»ÔÄ»ÔÄ»ÔÄ»ÔÄ»ÔÄ»ÔÄ»ÔÄ»ÔÄ»ÔÄ»ÔÄ»ÔÄ»ÔÄ»ÔÄ»ÔÄ»ÔÄ»ÔÄ»[1/25]ÔÄ»


[2m Test Files [22m [1m[31m6 failed[39m[22m[2m | [22m[1m[32m3 passed[39m[22m[90m (9)[39m
[2m      Tests [22m [1m[31m25 failed[39m[22m[2m | [22m[1m[32m26 passed[39m[22m[90m (51)[39m
[2m   Start at [22m 19:15:34
[2m   Duration [22m 1.80s[2m (transform 285ms, setup 1.37s, import 1.88s, tests 97ms, environment 5.51s)[22m

[1m[41m FAIL [49m[22m [31mTests failed. Watching for file changes...[39m
       [2mpress [22m[1mh[22m[2m to show help[22m[2m, [22m[2mpress [22m[1mq[22m[2m to quit[22m
[1m[35m
Restarting due to config changes...[39m[22m

[1m[44m DEV [49m[22m [34mv4.0.18 [39m[90mC:/Users/moxch/Documents/GitHub/bensa/web[39m

 [32mÔ£ô[39m src/__tests__/utils/priceUtils.test.ts [2m([22m[2m14 tests[22m[2m)[22m[32m 4[2mms[22m[39m
 [32mÔ£ô[39m src/__tests__/services/stationService.test.ts [2m([22m[2m7 tests[22m[2m)[22m[32m 4[2mms[22m[39m
 [31mÔØ»[39m src/__tests__/components/StationCard.test.tsx [2m([22m[2m6 tests[22m[2m | [22m[31m6 failed[39m[2m)[22m[32m 16[2mms[22m[39m
[31m     [31m├ù[31m renders the station name[39m[32m 10[2mms[22m[39m
[31m     [31m├ù[31m renders the station address and city[39m[32m 1[2mms[22m[39m
[31m     [31m├ù[31m renders the fuel price[39m[32m 1[2mms[22m[39m
[31m     [31m├ù[31m renders the distance[39m[32m 1[2mms[22m[39m
[31m     [31m├ù[31m renders the rank badge[39m[32m 1[2mms[22m[39m
[31m     [31m├ù[31m has the correct card ID[39m[32m 1[2mms[22m[39m
 [31mÔØ»[39m src/__tests__/components/Header.test.tsx [2m([22m[2m5 tests[22m[2m | [22m[31m5 failed[39m[2m)[22m[32m 16[2mms[22m[39m
[31m     [31m├ù[31m renders the app title[39m[32m 10[2mms[22m[39m
[31m     [31m├ù[31m renders the subtitle[39m[32m 1[2mms[22m[39m
[31m     [31m├ù[31m renders a header element[39m[32m 1[2mms[22m[39m
[31m     [31m├ù[31m has proper heading hierarchy with h1[39m[32m 1[2mms[22m[39m
[31m     [31m├ù[31m renders the fuel pump emoji[39m[32m 1[2mms[22m[39m
 [31mÔØ»[39m src/__tests__/components/PriceGauge.test.tsx [2m([22m[2m7 tests[22m[2m | [22m[31m7 failed[39m[2m)[22m[32m 16[2mms[22m[39m
[31m     [31m├ù[31m renders the average price[39m[32m 10[2mms[22m[39m
[31m     [31m├ù[31m renders the fuel type label[39m[32m 1[2mms[22m[39m
[31m     [31m├ù[31m renders min and max prices[39m[32m 1[2mms[22m[39m
[31m     [31m├ù[31m renders the Ôé¼/L unit[39m[32m 1[2mms[22m[39m
[31m     [31m├ù[31m has the gauge container ID[39m[32m 1[2mms[22m[39m
[31m     [31m├ù[31m shows cheap level for low prices[39m[32m 1[2mms[22m[39m
[31m     [31m├ù[31m shows expensive level for high prices[39m[32m 1[2mms[22m[39m
 [31mÔØ»[39m src/__tests__/components/LoadingFuel.test.tsx [2m([22m[2m3 tests[22m[2m | [22m[31m3 failed[39m[2m)[22m[32m 14[2mms[22m[39m
[31m     [31m├ù[31m renders loading text[39m[32m 10[2mms[22m[39m
[31m     [31m├ù[31m renders fuel pump emoji[39m[32m 1[2mms[22m[39m
[31m     [31m├ù[31m has the loading container ID[39m[32m 1[2mms[22m[39m
 [31mÔØ»[39m src/__tests__/components/Minimal.test.tsx [2m([22m[2m1 test[22m[2m | [22m[31m1 failed[39m[2m)[22m[32m 12[2mms[22m[39m
[31m     [31m├ù[31m renders a simple div[39m[32m 10[2mms[22m[39m
 [31mÔØ»[39m src/__tests__/components/FuelTypeSelector.test.tsx [2m([22m[2m3 tests[22m[2m | [22m[31m3 failed[39m[2m)[22m[32m 15[2mms[22m[39m
[31m     [31m├ù[31m renders all three fuel type buttons[39m[32m 11[2mms[22m[39m
[31m     [31m├ù[31m calls onChange when a fuel type is clicked[39m[32m 1[2mms[22m[39m
[31m     [31m├ù[31m has the correct container ID[39m[32m 1[2mms[22m[39m
 [32mÔ£ô[39m src/__tests__/services/priceService.test.ts [2m([22m[2m5 tests[22m[2m)[22m[32m 3[2mms[22m[39m

ÔÄ»ÔÄ»ÔÄ»ÔÄ»ÔÄ»ÔÄ» Failed Tests 25 ÔÄ»ÔÄ»ÔÄ»ÔÄ»ÔÄ»ÔÄ»ÔÄ»

 FAIL  src/__tests__/components/FuelTypeSelector.test.tsx > FuelTypeSelector > renders all three fuel type buttons
 FAIL  src/__tests__/components/FuelTypeSelector.test.tsx > FuelTypeSelector > calls onChange when a fuel type is clicked
 FAIL  src/__tests__/components/FuelTypeSelector.test.tsx > FuelTypeSelector > has the correct container ID
 FAIL  src/__tests__/components/Header.test.tsx > Header > renders the app title
 FAIL  src/__tests__/components/Header.test.tsx > Header > renders the subtitle
 FAIL  src/__tests__/components/Header.test.tsx > Header > renders a header element
 FAIL  src/__tests__/components/Header.test.tsx > Header > has proper heading hierarchy with h1
 FAIL  src/__tests__/components/Header.test.tsx > Header > renders the fuel pump emoji
 FAIL  src/__tests__/components/LoadingFuel.test.tsx > LoadingFuel > renders loading text
 FAIL  src/__tests__/components/LoadingFuel.test.tsx > LoadingFuel > renders fuel pump emoji
 FAIL  src/__tests__/components/LoadingFuel.test.tsx > LoadingFuel > has the loading container ID
 FAIL  src/__tests__/components/Minimal.test.tsx > Minimal > renders a simple div
 FAIL  src/__tests__/components/PriceGauge.test.tsx > PriceGauge > renders the average price
 FAIL  src/__tests__/components/PriceGauge.test.tsx > PriceGauge > renders the fuel type label
 FAIL  src/__tests__/components/PriceGauge.test.tsx > PriceGauge > renders min and max prices
 FAIL  src/__tests__/components/PriceGauge.test.tsx > PriceGauge > renders the Ôé¼/L unit
 FAIL  src/__tests__/components/PriceGauge.test.tsx > PriceGauge > has the gauge container ID
 FAIL  src/__tests__/components/PriceGauge.test.tsx > PriceGauge > shows cheap level for low prices
 FAIL  src/__tests__/components/PriceGauge.test.tsx > PriceGauge > shows expensive level for high prices
 FAIL  src/__tests__/components/StationCard.test.tsx > StationCard > renders the station name
 FAIL  src/__tests__/components/StationCard.test.tsx > StationCard > renders the station address and city
 FAIL  src/__tests__/components/StationCard.test.tsx > StationCard > renders the fuel price
 FAIL  src/__tests__/components/StationCard.test.tsx > StationCard > renders the distance
 FAIL  src/__tests__/components/StationCard.test.tsx > StationCard > renders the rank badge
 FAIL  src/__tests__/components/StationCard.test.tsx > StationCard > has the correct card ID
Error: Objects are not valid as a React child (found: object with keys {$$typeof, type, key, props, _owner, _store}). If you meant to render a collection of children, use an array instead.
 ÔØ» throwOnInvalidObjectType ../node_modules/react-dom/cjs/react-dom.development.js:13123:9
 ÔØ» reconcileChildFibers ../node_modules/react-dom/cjs/react-dom.development.js:14064:7
 ÔØ» reconcileChildren ../node_modules/react-dom/cjs/react-dom.development.js:19193:28
 ÔØ» updateHostRoot ../node_modules/react-dom/cjs/react-dom.development.js:19912:5
 ÔØ» beginWork ../node_modules/react-dom/cjs/react-dom.development.js:21654:14
 ÔØ» HTMLUnknownElement.callCallback ../node_modules/react-dom/cjs/react-dom.development.js:4164:14
 ÔØ» HTMLUnknownElement.#callDispatchEventListeners ../node_modules/happy-dom/lib/event/EventTarget.js:241:34
 ÔØ» HTMLUnknownElement.dispatchEvent ../node_modules/happy-dom/lib/event/EventTarget.js:104:41
 ÔØ» HTMLUnknownElement.#goThroughDispatchEventPhases ../node_modules/happy-dom/lib/event/EventTarget.js:164:38
 ÔØ» HTMLUnknownElement.dispatchEvent ../node_modules/happy-dom/lib/event/EventTarget.js:100:47

ÔÄ»ÔÄ»ÔÄ»ÔÄ»ÔÄ»ÔÄ»ÔÄ»ÔÄ»ÔÄ»ÔÄ»ÔÄ»ÔÄ»ÔÄ»ÔÄ»ÔÄ»ÔÄ»ÔÄ»ÔÄ»ÔÄ»ÔÄ»ÔÄ»ÔÄ»ÔÄ»[1/25]ÔÄ»


[2m Test Files [22m [1m[31m6 failed[39m[22m[2m | [22m[1m[32m3 passed[39m[22m[90m (9)[39m
[2m      Tests [22m [1m[31m25 failed[39m[22m[2m | [22m[1m[32m26 passed[39m[22m[90m (51)[39m
[2m   Start at [22m 19:16:02
[2m   Duration [22m 1.97s[2m (transform 280ms, setup 1.46s, import 1.89s, tests 101ms, environment 6.25s)[22m

[1m[41m FAIL [49m[22m [31mTests failed. Watching for file changes...[39m
       [2mpress [22m[1mh[22m[2m to show help[22m[2m, [22m[2mpress [22m[1mq[22m[2m to quit[22m
[1m[35m
Restarting due to config changes...[39m[22m

[1m[44m DEV [49m[22m [34mv4.0.18 [39m[90mC:/Users/moxch/Documents/GitHub/bensa/web[39m

 [32mÔ£ô[39m src/__tests__/services/stationService.test.ts [2m([22m[2m7 tests[22m[2m)[22m[32m 4[2mms[22m[39m
 [32mÔ£ô[39m src/__tests__/utils/priceUtils.test.ts [2m([22m[2m14 tests[22m[2m)[22m[32m 4[2mms[22m[39m
 [31mÔØ»[39m src/__tests__/components/PriceGauge.test.tsx [2m([22m[2m7 tests[22m[2m | [22m[31m7 failed[39m[2m)[22m[32m 18[2mms[22m[39m
[31m     [31m├ù[31m renders the average price[39m[32m 10[2mms[22m[39m
[31m     [31m├ù[31m renders the fuel type label[39m[32m 2[2mms[22m[39m
[31m     [31m├ù[31m renders min and max prices[39m[32m 1[2mms[22m[39m
[31m     [31m├ù[31m renders the Ôé¼/L unit[39m[32m 1[2mms[22m[39m
[31m     [31m├ù[31m has the gauge container ID[39m[32m 1[2mms[22m[39m
[31m     [31m├ù[31m shows cheap level for low prices[39m[32m 1[2mms[22m[39m
[31m     [31m├ù[31m shows expensive level for high prices[39m[32m 1[2mms[22m[39m
 [31mÔØ»[39m src/__tests__/components/FuelTypeSelector.test.tsx [2m([22m[2m3 tests[22m[2m | [22m[31m3 failed[39m[2m)[22m[32m 14[2mms[22m[39m
[31m     [31m├ù[31m renders all three fuel type buttons[39m[32m 10[2mms[22m[39m
[31m     [31m├ù[31m calls onChange when a fuel type is clicked[39m[32m 1[2mms[22m[39m
[31m     [31m├ù[31m has the correct container ID[39m[32m 1[2mms[22m[39m
 [31mÔØ»[39m src/__tests__/components/Header.test.tsx [2m([22m[2m5 tests[22m[2m | [22m[31m5 failed[39m[2m)[22m[32m 16[2mms[22m[39m
[31m     [31m├ù[31m renders the app title[39m[32m 10[2mms[22m[39m
[31m     [31m├ù[31m renders the subtitle[39m[32m 1[2mms[22m[39m
[31m     [31m├ù[31m renders a header element[39m[32m 2[2mms[22m[39m
[31m     [31m├ù[31m has proper heading hierarchy with h1[39m[32m 1[2mms[22m[39m
[31m     [31m├ù[31m renders the fuel pump emoji[39m[32m 1[2mms[22m[39m
 [31mÔØ»[39m src/__tests__/components/StationCard.test.tsx [2m([22m[2m6 tests[22m[2m | [22m[31m6 failed[39m[2m)[22m[32m 17[2mms[22m[39m
[31m     [31m├ù[31m renders the station name[39m[32m 10[2mms[22m[39m
[31m     [31m├ù[31m renders the station address and city[39m[32m 2[2mms[22m[39m
[31m     [31m├ù[31m renders the fuel price[39m[32m 1[2mms[22m[39m
[31m     [31m├ù[31m renders the distance[39m[32m 1[2mms[22m[39m
[31m     [31m├ù[31m renders the rank badge[39m[32m 1[2mms[22m[39m
[31m     [31m├ù[31m has the correct card ID[39m[32m 1[2mms[22m[39m
 [31mÔØ»[39m src/__tests__/components/Minimal.test.tsx [2m([22m[2m1 test[22m[2m | [22m[31m1 failed[39m[2m)[22m[32m 10[2mms[22m[39m
[31m     [31m├ù[31m renders a simple div[39m[32m 9[2mms[22m[39m
 [31mÔØ»[39m src/__tests__/components/LoadingFuel.test.tsx [2m([22m[2m3 tests[22m[2m | [22m[31m3 failed[39m[2m)[22m[32m 11[2mms[22m[39m
[31m     [31m├ù[31m renders loading text[39m[32m 8[2mms[22m[39m
[31m     [31m├ù[31m renders fuel pump emoji[39m[32m 1[2mms[22m[39m
[31m     [31m├ù[31m has the loading container ID[39m[32m 1[2mms[22m[39m
 [32mÔ£ô[39m src/__tests__/services/priceService.test.ts [2m([22m[2m5 tests[22m[2m)[22m[32m 2[2mms[22m[39m

ÔÄ»ÔÄ»ÔÄ»ÔÄ»ÔÄ»ÔÄ» Failed Tests 25 ÔÄ»ÔÄ»ÔÄ»ÔÄ»ÔÄ»ÔÄ»ÔÄ»

 FAIL  src/__tests__/components/FuelTypeSelector.test.tsx > FuelTypeSelector > renders all three fuel type buttons
 FAIL  src/__tests__/components/FuelTypeSelector.test.tsx > FuelTypeSelector > calls onChange when a fuel type is clicked
 FAIL  src/__tests__/components/FuelTypeSelector.test.tsx > FuelTypeSelector > has the correct container ID
 FAIL  src/__tests__/components/Header.test.tsx > Header > renders the app title
 FAIL  src/__tests__/components/Header.test.tsx > Header > renders the subtitle
 FAIL  src/__tests__/components/Header.test.tsx > Header > renders a header element
 FAIL  src/__tests__/components/Header.test.tsx > Header > has proper heading hierarchy with h1
 FAIL  src/__tests__/components/Header.test.tsx > Header > renders the fuel pump emoji
 FAIL  src/__tests__/components/LoadingFuel.test.tsx > LoadingFuel > renders loading text
 FAIL  src/__tests__/components/LoadingFuel.test.tsx > LoadingFuel > renders fuel pump emoji
 FAIL  src/__tests__/components/LoadingFuel.test.tsx > LoadingFuel > has the loading container ID
 FAIL  src/__tests__/components/Minimal.test.tsx > Minimal > renders a simple div
 FAIL  src/__tests__/components/PriceGauge.test.tsx > PriceGauge > renders the average price
 FAIL  src/__tests__/components/PriceGauge.test.tsx > PriceGauge > renders the fuel type label
 FAIL  src/__tests__/components/PriceGauge.test.tsx > PriceGauge > renders min and max prices
 FAIL  src/__tests__/components/PriceGauge.test.tsx > PriceGauge > renders the Ôé¼/L unit
 FAIL  src/__tests__/components/PriceGauge.test.tsx > PriceGauge > has the gauge container ID
 FAIL  src/__tests__/components/PriceGauge.test.tsx > PriceGauge > shows cheap level for low prices
 FAIL  src/__tests__/components/PriceGauge.test.tsx > PriceGauge > shows expensive level for high prices
 FAIL  src/__tests__/components/StationCard.test.tsx > StationCard > renders the station name
 FAIL  src/__tests__/components/StationCard.test.tsx > StationCard > renders the station address and city
 FAIL  src/__tests__/components/StationCard.test.tsx > StationCard > renders the fuel price
 FAIL  src/__tests__/components/StationCard.test.tsx > StationCard > renders the distance
 FAIL  src/__tests__/components/StationCard.test.tsx > StationCard > renders the rank badge
 FAIL  src/__tests__/components/StationCard.test.tsx > StationCard > has the correct card ID
Error: Objects are not valid as a React child (found: object with keys {$$typeof, type, key, props, _owner, _store}). If you meant to render a collection of children, use an array instead.
 ÔØ» throwOnInvalidObjectType ../node_modules/react-dom/cjs/react-dom.development.js:13123:9
 ÔØ» reconcileChildFibers ../node_modules/react-dom/cjs/react-dom.development.js:14064:7
 ÔØ» reconcileChildren ../node_modules/react-dom/cjs/react-dom.development.js:19193:28
 ÔØ» updateHostRoot ../node_modules/react-dom/cjs/react-dom.development.js:19912:5
 ÔØ» beginWork ../node_modules/react-dom/cjs/react-dom.development.js:21654:14
 ÔØ» HTMLUnknownElement.callCallback ../node_modules/react-dom/cjs/react-dom.development.js:4164:14
 ÔØ» HTMLUnknownElement.#callDispatchEventListeners ../node_modules/happy-dom/lib/event/EventTarget.js:241:34
 ÔØ» HTMLUnknownElement.dispatchEvent ../node_modules/happy-dom/lib/event/EventTarget.js:104:41
 ÔØ» HTMLUnknownElement.#goThroughDispatchEventPhases ../node_modules/happy-dom/lib/event/EventTarget.js:164:38
 ÔØ» HTMLUnknownElement.dispatchEvent ../node_modules/happy-dom/lib/event/EventTarget.js:100:47

ÔÄ»ÔÄ»ÔÄ»ÔÄ»ÔÄ»ÔÄ»ÔÄ»ÔÄ»ÔÄ»ÔÄ»ÔÄ»ÔÄ»ÔÄ»ÔÄ»ÔÄ»ÔÄ»ÔÄ»ÔÄ»ÔÄ»ÔÄ»ÔÄ»ÔÄ»ÔÄ»[1/25]ÔÄ»


[2m Test Files [22m [1m[31m6 failed[39m[22m[2m | [22m[1m[32m3 passed[39m[22m[90m (9)[39m
[2m      Tests [22m [1m[31m25 failed[39m[22m[2m | [22m[1m[32m26 passed[39m[22m[90m (51)[39m
[2m   Start at [22m 19:16:17
[2m   Duration [22m 1.62s[2m (transform 225ms, setup 0ms, import 2.00s, tests 96ms, environment 5.49s)[22m

[1m[41m FAIL [49m[22m [31mTests failed. Watching for file changes...[39m
       [2mpress [22m[1mh[22m[2m to show help[22m[2m, [22m[2mpress [22m[1mq[22m[2m to quit[22m
[1m[35m
Restarting due to config changes...[39m[22m

[1m[44m DEV [49m[22m [34mv4.0.18 [39m[90mC:/Users/moxch/Documents/GitHub/bensa/web[39m

 [31mÔØ»[39m src/__tests__/components/StationCard.test.tsx [2m([22m[2m0 test[22m[2m)[22m
 [31mÔØ»[39m src/__tests__/components/PriceGauge.test.tsx [2m([22m[2m0 test[22m[2m)[22m
 [31mÔØ»[39m src/__tests__/components/Header.test.tsx [2m([22m[2m0 test[22m[2m)[22m
 [31mÔØ»[39m src/__tests__/components/FuelTypeSelector.test.tsx [2m([22m[2m0 test[22m[2m)[22m
 [31mÔØ»[39m src/__tests__/components/LoadingFuel.test.tsx [2m([22m[2m0 test[22m[2m)[22m
 [32mÔ£ô[39m src/__tests__/services/stationService.test.ts [2m([22m[2m7 tests[22m[2m)[22m[32m 4[2mms[22m[39m
 [31mÔØ»[39m src/__tests__/components/Minimal.test.tsx [2m([22m[2m0 test[22m[2m)[22m
 [32mÔ£ô[39m src/__tests__/utils/priceUtils.test.ts [2m([22m[2m14 tests[22m[2m)[22m[32m 5[2mms[22m[39m
 [32mÔ£ô[39m src/__tests__/services/priceService.test.ts [2m([22m[2m5 tests[22m[2m)[22m[32m 2[2mms[22m[39m

ÔÄ»ÔÄ»ÔÄ»ÔÄ»ÔÄ»ÔÄ» Failed Suites 6 ÔÄ»ÔÄ»ÔÄ»ÔÄ»ÔÄ»ÔÄ»ÔÄ»

 FAIL  src/__tests__/components/FuelTypeSelector.test.tsx [ src/__tests__/components/FuelTypeSelector.test.tsx ]
Error: Failed to resolve import "react" from "src/__tests__/components/FuelTypeSelector.test.tsx". Does the file exist?
  Plugin: vite:import-analysis
  File: C:/Users/moxch/Documents/GitHub/bensa/web/src/__tests__/components/FuelTypeSelector.test.tsx:2:18
  1  |  import { fireEvent, render, screen } from "@testing-library/react";
  2  |  import React from "react";
     |                     ^
  3  |  import { describe, expect, it, vi } from "vitest";
  4  |  import { FuelTypeSelector } from "../../components/FuelTypeSelector";
 ÔØ» TransformPluginContext._formatLog ../node_modules/vite/dist/node/chunks/config.js:28999:43
 ÔØ» TransformPluginContext.error ../node_modules/vite/dist/node/chunks/config.js:28996:14
 ÔØ» normalizeUrl ../node_modules/vite/dist/node/chunks/config.js:27119:18
 ÔØ» ../node_modules/vite/dist/node/chunks/config.js:27177:32
 ÔØ» TransformPluginContext.transform ../node_modules/vite/dist/node/chunks/config.js:27145:4
 ÔØ» EnvironmentPluginContainer.transform ../node_modules/vite/dist/node/chunks/config.js:28797:14
 ÔØ» loadAndTransform ../node_modules/vite/dist/node/chunks/config.js:22670:26

ÔÄ»ÔÄ»ÔÄ»ÔÄ»ÔÄ»ÔÄ»ÔÄ»ÔÄ»ÔÄ»ÔÄ»ÔÄ»ÔÄ»ÔÄ»ÔÄ»ÔÄ»ÔÄ»ÔÄ»ÔÄ»ÔÄ»ÔÄ»ÔÄ»ÔÄ»ÔÄ»ÔÄ»[1/6]ÔÄ»

 FAIL  src/__tests__/components/Header.test.tsx [ src/__tests__/components/Header.test.tsx ]
Error: Failed to resolve import "react" from "src/__tests__/components/Header.test.tsx". Does the file exist?
  Plugin: vite:import-analysis
  File: C:/Users/moxch/Documents/GitHub/bensa/web/src/__tests__/components/Header.test.tsx:2:18
  1  |  import { render, screen } from "@testing-library/react";
  2  |  import React from "react";
     |                     ^
  3  |  import { describe, expect, it } from "vitest";
  4  |  import { Header } from "../../components/Header";
 ÔØ» TransformPluginContext._formatLog ../node_modules/vite/dist/node/chunks/config.js:28999:43
 ÔØ» TransformPluginContext.error ../node_modules/vite/dist/node/chunks/config.js:28996:14
 ÔØ» normalizeUrl ../node_modules/vite/dist/node/chunks/config.js:27119:18
 ÔØ» ../node_modules/vite/dist/node/chunks/config.js:27177:32
 ÔØ» TransformPluginContext.transform ../node_modules/vite/dist/node/chunks/config.js:27145:4
 ÔØ» EnvironmentPluginContainer.transform ../node_modules/vite/dist/node/chunks/config.js:28797:14
 ÔØ» loadAndTransform ../node_modules/vite/dist/node/chunks/config.js:22670:26

ÔÄ»ÔÄ»ÔÄ»ÔÄ»ÔÄ»ÔÄ»ÔÄ»ÔÄ»ÔÄ»ÔÄ»ÔÄ»ÔÄ»ÔÄ»ÔÄ»ÔÄ»ÔÄ»ÔÄ»ÔÄ»ÔÄ»ÔÄ»ÔÄ»ÔÄ»ÔÄ»ÔÄ»[2/6]ÔÄ»

 FAIL  src/__tests__/components/LoadingFuel.test.tsx [ src/__tests__/components/LoadingFuel.test.tsx ]
Error: Failed to resolve import "react/jsx-dev-runtime" from "src/__tests__/components/LoadingFuel.test.tsx". Does the file exist?
  Plugin: vite:import-analysis
  File: C:/Users/moxch/Documents/GitHub/bensa/web/src/__tests__/components/LoadingFuel.test.tsx:8:11
  1  |  import { jsxDEV } from "react/jsx-dev-runtime";
     |                          ^
  2  |  import { render, screen } from "@testing-library/react";
  3  |  import { describe, expect, it } from "vitest";
 ÔØ» TransformPluginContext._formatLog ../node_modules/vite/dist/node/chunks/config.js:28999:43
 ÔØ» TransformPluginContext.error ../node_modules/vite/dist/node/chunks/config.js:28996:14
 ÔØ» normalizeUrl ../node_modules/vite/dist/node/chunks/config.js:27119:18
 ÔØ» ../node_modules/vite/dist/node/chunks/config.js:27177:32
 ÔØ» TransformPluginContext.transform ../node_modules/vite/dist/node/chunks/config.js:27145:4
 ÔØ» EnvironmentPluginContainer.transform ../node_modules/vite/dist/node/chunks/config.js:28797:14
 ÔØ» loadAndTransform ../node_modules/vite/dist/node/chunks/config.js:22670:26

ÔÄ»ÔÄ»ÔÄ»ÔÄ»ÔÄ»ÔÄ»ÔÄ»ÔÄ»ÔÄ»ÔÄ»ÔÄ»ÔÄ»ÔÄ»ÔÄ»ÔÄ»ÔÄ»ÔÄ»ÔÄ»ÔÄ»ÔÄ»ÔÄ»ÔÄ»ÔÄ»ÔÄ»[3/6]ÔÄ»

 FAIL  src/__tests__/components/Minimal.test.tsx [ src/__tests__/components/Minimal.test.tsx ]
Error: Failed to resolve import "react/jsx-dev-runtime" from "src/__tests__/components/Minimal.test.tsx". Does the file exist?
  Plugin: vite:import-analysis
  File: C:/Users/moxch/Documents/GitHub/bensa/web/src/__tests__/components/Minimal.test.tsx:6:11
  1  |  import { jsxDEV } from "react/jsx-dev-runtime";
     |                          ^
  2  |  import { render } from "@testing-library/react";
  3  |  import { describe, it } from "vitest";
 ÔØ» TransformPluginContext._formatLog ../node_modules/vite/dist/node/chunks/config.js:28999:43
 ÔØ» TransformPluginContext.error ../node_modules/vite/dist/node/chunks/config.js:28996:14
 ÔØ» normalizeUrl ../node_modules/vite/dist/node/chunks/config.js:27119:18
 ÔØ» ../node_modules/vite/dist/node/chunks/config.js:27177:32
 ÔØ» TransformPluginContext.transform ../node_modules/vite/dist/node/chunks/config.js:27145:4
 ÔØ» EnvironmentPluginContainer.transform ../node_modules/vite/dist/node/chunks/config.js:28797:14
 ÔØ» loadAndTransform ../node_modules/vite/dist/node/chunks/config.js:22670:26

ÔÄ»ÔÄ»ÔÄ»ÔÄ»ÔÄ»ÔÄ»ÔÄ»ÔÄ»ÔÄ»ÔÄ»ÔÄ»ÔÄ»ÔÄ»ÔÄ»ÔÄ»ÔÄ»ÔÄ»ÔÄ»ÔÄ»ÔÄ»ÔÄ»ÔÄ»ÔÄ»ÔÄ»[4/6]ÔÄ»

 FAIL  src/__tests__/components/PriceGauge.test.tsx [ src/__tests__/components/PriceGauge.test.tsx ]
Error: Failed to resolve import "react" from "src/__tests__/components/PriceGauge.test.tsx". Does the file exist?
  Plugin: vite:import-analysis
  File: C:/Users/moxch/Documents/GitHub/bensa/web/src/__tests__/components/PriceGauge.test.tsx:2:18
  1  |  import { render, screen } from "@testing-library/react";
  2  |  import React from "react";
     |                     ^
  3  |  import { describe, expect, it } from "vitest";
  4  |  import { PriceGauge } from "../../components/PriceGauge";
 ÔØ» TransformPluginContext._formatLog ../node_modules/vite/dist/node/chunks/config.js:28999:43
 ÔØ» TransformPluginContext.error ../node_modules/vite/dist/node/chunks/config.js:28996:14
 ÔØ» normalizeUrl ../node_modules/vite/dist/node/chunks/config.js:27119:18
 ÔØ» ../node_modules/vite/dist/node/chunks/config.js:27177:32
 ÔØ» TransformPluginContext.transform ../node_modules/vite/dist/node/chunks/config.js:27145:4
 ÔØ» EnvironmentPluginContainer.transform ../node_modules/vite/dist/node/chunks/config.js:28797:14
 ÔØ» loadAndTransform ../node_modules/vite/dist/node/chunks/config.js:22670:26

ÔÄ»ÔÄ»ÔÄ»ÔÄ»ÔÄ»ÔÄ»ÔÄ»ÔÄ»ÔÄ»ÔÄ»ÔÄ»ÔÄ»ÔÄ»ÔÄ»ÔÄ»ÔÄ»ÔÄ»ÔÄ»ÔÄ»ÔÄ»ÔÄ»ÔÄ»ÔÄ»ÔÄ»[5/6]ÔÄ»

 FAIL  src/__tests__/components/StationCard.test.tsx [ src/__tests__/components/StationCard.test.tsx ]
Error: Failed to resolve import "react" from "src/__tests__/components/StationCard.test.tsx". Does the file exist?
  Plugin: vite:import-analysis
  File: C:/Users/moxch/Documents/GitHub/bensa/web/src/__tests__/components/StationCard.test.tsx:2:18
  1  |  import { render, screen } from "@testing-library/react";
  2  |  import React from "react";
     |                     ^
  3  |  import { describe, expect, it } from "vitest";
  4  |  import { StationCard } from "../../components/StationCard";
 ÔØ» TransformPluginContext._formatLog ../node_modules/vite/dist/node/chunks/config.js:28999:43
 ÔØ» TransformPluginContext.error ../node_modules/vite/dist/node/chunks/config.js:28996:14
 ÔØ» normalizeUrl ../node_modules/vite/dist/node/chunks/config.js:27119:18
 ÔØ» ../node_modules/vite/dist/node/chunks/config.js:27177:32
 ÔØ» TransformPluginContext.transform ../node_modules/vite/dist/node/chunks/config.js:27145:4
 ÔØ» EnvironmentPluginContainer.transform ../node_modules/vite/dist/node/chunks/config.js:28797:14
 ÔØ» loadAndTransform ../node_modules/vite/dist/node/chunks/config.js:22670:26

ÔÄ»ÔÄ»ÔÄ»ÔÄ»ÔÄ»ÔÄ»ÔÄ»ÔÄ»ÔÄ»ÔÄ»ÔÄ»ÔÄ»ÔÄ»ÔÄ»ÔÄ»ÔÄ»ÔÄ»ÔÄ»ÔÄ»ÔÄ»ÔÄ»ÔÄ»ÔÄ»ÔÄ»[6/6]ÔÄ»


[2m Test Files [22m [1m[31m6 failed[39m[22m[2m | [22m[1m[32m3 passed[39m[22m[90m (9)[39m
[2m      Tests [22m [1m[32m26 passed[39m[22m[90m (26)[39m
[2m   Start at [22m 19:18:45
[2m   Duration [22m 1.68s[2m (transform 116ms, setup 1.44s, import 94ms, tests 11ms, environment 5.96s)[22m

[1m[41m FAIL [49m[22m [31mTests failed. Watching for file changes...[39m
       [2mpress [22m[1mh[22m[2m to show help[22m[2m, [22m[2mpress [22m[1mq[22m[2m to quit[22m
[1m[35m
Restarting due to config changes...[39m[22m

[1m[44m DEV [49m[22m [34mv4.0.18 [39m[90mC:/Users/moxch/Documents/GitHub/bensa/web[39m

 [31mÔØ»[39m src/__tests__/components/Header.test.tsx [2m([22m[2m0 test[22m[2m)[22m
 [31mÔØ»[39m src/__tests__/components/LoadingFuel.test.tsx [2m([22m[2m0 test[22m[2m)[22m
 [31mÔØ»[39m src/__tests__/components/FuelTypeSelector.test.tsx [2m([22m[2m0 test[22m[2m)[22m
 [31mÔØ»[39m src/__tests__/components/PriceGauge.test.tsx [2m([22m[2m0 test[22m[2m)[22m
 [31mÔØ»[39m src/__tests__/components/Minimal.test.tsx [2m([22m[2m0 test[22m[2m)[22m
 [31mÔØ»[39m src/__tests__/components/StationCard.test.tsx [2m([22m[2m0 test[22m[2m)[22m
 [32mÔ£ô[39m src/__tests__/utils/priceUtils.test.ts [2m([22m[2m14 tests[22m[2m)[22m[32m 5[2mms[22m[39m
 [32mÔ£ô[39m src/__tests__/services/stationService.test.ts [2m([22m[2m7 tests[22m[2m)[22m[32m 7[2mms[22m[39m
 [32mÔ£ô[39m src/__tests__/services/priceService.test.ts [2m([22m[2m5 tests[22m[2m)[22m[32m 3[2mms[22m[39m

ÔÄ»ÔÄ»ÔÄ»ÔÄ»ÔÄ»ÔÄ» Failed Suites 6 ÔÄ»ÔÄ»ÔÄ»ÔÄ»ÔÄ»ÔÄ»ÔÄ»

 FAIL  src/__tests__/components/FuelTypeSelector.test.tsx [ src/__tests__/components/FuelTypeSelector.test.tsx ]
Error: Failed to resolve import "react" from "src/__tests__/components/FuelTypeSelector.test.tsx". Does the file exist?
  Plugin: vite:import-analysis
  File: C:/Users/moxch/Documents/GitHub/bensa/web/src/__tests__/components/FuelTypeSelector.test.tsx:2:18
  1  |  import { fireEvent, render, screen } from "@testing-library/react";
  2  |  import React from "react";
     |                     ^
  3  |  import { describe, expect, it, vi } from "vitest";
  4  |  import { FuelTypeSelector } from "../../components/FuelTypeSelector";
 ÔØ» TransformPluginContext._formatLog ../node_modules/vite/dist/node/chunks/config.js:28999:43
 ÔØ» TransformPluginContext.error ../node_modules/vite/dist/node/chunks/config.js:28996:14
 ÔØ» normalizeUrl ../node_modules/vite/dist/node/chunks/config.js:27119:18
 ÔØ» ../node_modules/vite/dist/node/chunks/config.js:27177:32
 ÔØ» TransformPluginContext.transform ../node_modules/vite/dist/node/chunks/config.js:27145:4
 ÔØ» EnvironmentPluginContainer.transform ../node_modules/vite/dist/node/chunks/config.js:28797:14
 ÔØ» loadAndTransform ../node_modules/vite/dist/node/chunks/config.js:22670:26

ÔÄ»ÔÄ»ÔÄ»ÔÄ»ÔÄ»ÔÄ»ÔÄ»ÔÄ»ÔÄ»ÔÄ»ÔÄ»ÔÄ»ÔÄ»ÔÄ»ÔÄ»ÔÄ»ÔÄ»ÔÄ»ÔÄ»ÔÄ»ÔÄ»ÔÄ»ÔÄ»ÔÄ»[1/6]ÔÄ»

 FAIL  src/__tests__/components/Header.test.tsx [ src/__tests__/components/Header.test.tsx ]
Error: Failed to resolve import "react" from "src/__tests__/components/Header.test.tsx". Does the file exist?
  Plugin: vite:import-analysis
  File: C:/Users/moxch/Documents/GitHub/bensa/web/src/__tests__/components/Header.test.tsx:2:18
  1  |  import { render, screen } from "@testing-library/react";
  2  |  import React from "react";
     |                     ^
  3  |  import { describe, expect, it } from "vitest";
  4  |  import { Header } from "../../components/Header";
 ÔØ» TransformPluginContext._formatLog ../node_modules/vite/dist/node/chunks/config.js:28999:43
 ÔØ» TransformPluginContext.error ../node_modules/vite/dist/node/chunks/config.js:28996:14
 ÔØ» normalizeUrl ../node_modules/vite/dist/node/chunks/config.js:27119:18
 ÔØ» ../node_modules/vite/dist/node/chunks/config.js:27177:32
 ÔØ» TransformPluginContext.transform ../node_modules/vite/dist/node/chunks/config.js:27145:4
 ÔØ» EnvironmentPluginContainer.transform ../node_modules/vite/dist/node/chunks/config.js:28797:14
 ÔØ» loadAndTransform ../node_modules/vite/dist/node/chunks/config.js:22670:26

ÔÄ»ÔÄ»ÔÄ»ÔÄ»ÔÄ»ÔÄ»ÔÄ»ÔÄ»ÔÄ»ÔÄ»ÔÄ»ÔÄ»ÔÄ»ÔÄ»ÔÄ»ÔÄ»ÔÄ»ÔÄ»ÔÄ»ÔÄ»ÔÄ»ÔÄ»ÔÄ»ÔÄ»[2/6]ÔÄ»

 FAIL  src/__tests__/components/LoadingFuel.test.tsx [ src/__tests__/components/LoadingFuel.test.tsx ]
Error: Failed to resolve import "react/jsx-dev-runtime" from "src/__tests__/components/LoadingFuel.test.tsx". Does the file exist?
  Plugin: vite:import-analysis
  File: C:/Users/moxch/Documents/GitHub/bensa/web/src/__tests__/components/LoadingFuel.test.tsx:8:11
  1  |  import { jsxDEV } from "react/jsx-dev-runtime";
     |                          ^
  2  |  import { render, screen } from "@testing-library/react";
  3  |  import { describe, expect, it } from "vitest";
 ÔØ» TransformPluginContext._formatLog ../node_modules/vite/dist/node/chunks/config.js:28999:43
 ÔØ» TransformPluginContext.error ../node_modules/vite/dist/node/chunks/config.js:28996:14
 ÔØ» normalizeUrl ../node_modules/vite/dist/node/chunks/config.js:27119:18
 ÔØ» ../node_modules/vite/dist/node/chunks/config.js:27177:32
 ÔØ» TransformPluginContext.transform ../node_modules/vite/dist/node/chunks/config.js:27145:4
 ÔØ» EnvironmentPluginContainer.transform ../node_modules/vite/dist/node/chunks/config.js:28797:14
 ÔØ» loadAndTransform ../node_modules/vite/dist/node/chunks/config.js:22670:26

ÔÄ»ÔÄ»ÔÄ»ÔÄ»ÔÄ»ÔÄ»ÔÄ»ÔÄ»ÔÄ»ÔÄ»ÔÄ»ÔÄ»ÔÄ»ÔÄ»ÔÄ»ÔÄ»ÔÄ»ÔÄ»ÔÄ»ÔÄ»ÔÄ»ÔÄ»ÔÄ»ÔÄ»[3/6]ÔÄ»

 FAIL  src/__tests__/components/Minimal.test.tsx [ src/__tests__/components/Minimal.test.tsx ]
Error: Failed to resolve import "react/jsx-dev-runtime" from "src/__tests__/components/Minimal.test.tsx". Does the file exist?
  Plugin: vite:import-analysis
  File: C:/Users/moxch/Documents/GitHub/bensa/web/src/__tests__/components/Minimal.test.tsx:6:11
  1  |  import { jsxDEV } from "react/jsx-dev-runtime";
     |                          ^
  2  |  import { render } from "@testing-library/react";
  3  |  import { describe, it } from "vitest";
 ÔØ» TransformPluginContext._formatLog ../node_modules/vite/dist/node/chunks/config.js:28999:43
 ÔØ» TransformPluginContext.error ../node_modules/vite/dist/node/chunks/config.js:28996:14
 ÔØ» normalizeUrl ../node_modules/vite/dist/node/chunks/config.js:27119:18
 ÔØ» ../node_modules/vite/dist/node/chunks/config.js:27177:32
 ÔØ» TransformPluginContext.transform ../node_modules/vite/dist/node/chunks/config.js:27145:4
 ÔØ» EnvironmentPluginContainer.transform ../node_modules/vite/dist/node/chunks/config.js:28797:14
 ÔØ» loadAndTransform ../node_modules/vite/dist/node/chunks/config.js:22670:26

ÔÄ»ÔÄ»ÔÄ»ÔÄ»ÔÄ»ÔÄ»ÔÄ»ÔÄ»ÔÄ»ÔÄ»ÔÄ»ÔÄ»ÔÄ»ÔÄ»ÔÄ»ÔÄ»ÔÄ»ÔÄ»ÔÄ»ÔÄ»ÔÄ»ÔÄ»ÔÄ»ÔÄ»[4/6]ÔÄ»

 FAIL  src/__tests__/components/PriceGauge.test.tsx [ src/__tests__/components/PriceGauge.test.tsx ]
Error: Failed to resolve import "react" from "src/__tests__/components/PriceGauge.test.tsx". Does the file exist?
  Plugin: vite:import-analysis
  File: C:/Users/moxch/Documents/GitHub/bensa/web/src/__tests__/components/PriceGauge.test.tsx:2:18
  1  |  import { render, screen } from "@testing-library/react";
  2  |  import React from "react";
     |                     ^
  3  |  import { describe, expect, it } from "vitest";
  4  |  import { PriceGauge } from "../../components/PriceGauge";
 ÔØ» TransformPluginContext._formatLog ../node_modules/vite/dist/node/chunks/config.js:28999:43
 ÔØ» TransformPluginContext.error ../node_modules/vite/dist/node/chunks/config.js:28996:14
 ÔØ» normalizeUrl ../node_modules/vite/dist/node/chunks/config.js:27119:18
 ÔØ» ../node_modules/vite/dist/node/chunks/config.js:27177:32
 ÔØ» TransformPluginContext.transform ../node_modules/vite/dist/node/chunks/config.js:27145:4
 ÔØ» EnvironmentPluginContainer.transform ../node_modules/vite/dist/node/chunks/config.js:28797:14
 ÔØ» loadAndTransform ../node_modules/vite/dist/node/chunks/config.js:22670:26

ÔÄ»ÔÄ»ÔÄ»ÔÄ»ÔÄ»ÔÄ»ÔÄ»ÔÄ»ÔÄ»ÔÄ»ÔÄ»ÔÄ»ÔÄ»ÔÄ»ÔÄ»ÔÄ»ÔÄ»ÔÄ»ÔÄ»ÔÄ»ÔÄ»ÔÄ»ÔÄ»ÔÄ»[5/6]ÔÄ»

 FAIL  src/__tests__/components/StationCard.test.tsx [ src/__tests__/components/StationCard.test.tsx ]
Error: Failed to resolve import "react" from "src/__tests__/components/StationCard.test.tsx". Does the file exist?
  Plugin: vite:import-analysis
  File: C:/Users/moxch/Documents/GitHub/bensa/web/src/__tests__/components/StationCard.test.tsx:2:18
  1  |  import { render, screen } from "@testing-library/react";
  2  |  import React from "react";
     |                     ^
  3  |  import { describe, expect, it } from "vitest";
  4  |  import { StationCard } from "../../components/StationCard";
 ÔØ» TransformPluginContext._formatLog ../node_modules/vite/dist/node/chunks/config.js:28999:43
 ÔØ» TransformPluginContext.error ../node_modules/vite/dist/node/chunks/config.js:28996:14
 ÔØ» normalizeUrl ../node_modules/vite/dist/node/chunks/config.js:27119:18
 ÔØ» ../node_modules/vite/dist/node/chunks/config.js:27177:32
 ÔØ» TransformPluginContext.transform ../node_modules/vite/dist/node/chunks/config.js:27145:4
 ÔØ» EnvironmentPluginContainer.transform ../node_modules/vite/dist/node/chunks/config.js:28797:14
 ÔØ» loadAndTransform ../node_modules/vite/dist/node/chunks/config.js:22670:26

ÔÄ»ÔÄ»ÔÄ»ÔÄ»ÔÄ»ÔÄ»ÔÄ»ÔÄ»ÔÄ»ÔÄ»ÔÄ»ÔÄ»ÔÄ»ÔÄ»ÔÄ»ÔÄ»ÔÄ»ÔÄ»ÔÄ»ÔÄ»ÔÄ»ÔÄ»ÔÄ»ÔÄ»[6/6]ÔÄ»


[2m Test Files [22m [1m[31m6 failed[39m[22m[2m | [22m[1m[32m3 passed[39m[22m[90m (9)[39m
[2m      Tests [22m [1m[32m26 passed[39m[22m[90m (26)[39m
[2m   Start at [22m 19:19:15
[2m   Duration [22m 2.27s[2m (transform 90ms, setup 1.52s, import 76ms, tests 14ms, environment 8.51s)[22m

[1m[41m FAIL [49m[22m [31mTests failed. Watching for file changes...[39m
       [2mpress [22m[1mh[22m[2m to show help[22m[2m, [22m[2mpress [22m[1mq[22m[2m to quit[22m
[1m[35m
Restarting due to config changes...[39m[22m

[1m[44m DEV [49m[22m [34mv4.0.18 [39m[90mC:/Users/moxch/Documents/GitHub/bensa/web[39m

 [31mÔØ»[39m src/__tests__/components/PriceGauge.test.tsx [2m([22m[2m0 test[22m[2m)[22m
 [31mÔØ»[39m src/__tests__/components/Header.test.tsx [2m([22m[2m0 test[22m[2m)[22m
 [31mÔØ»[39m src/__tests__/components/Minimal.test.tsx [2m([22m[2m0 test[22m[2m)[22m
 [31mÔØ»[39m src/__tests__/components/FuelTypeSelector.test.tsx [2m([22m[2m0 test[22m[2m)[22m
 [31mÔØ»[39m src/__tests__/components/LoadingFuel.test.tsx [2m([22m[2m0 test[22m[2m)[22m
 [31mÔØ»[39m src/__tests__/components/StationCard.test.tsx [2m([22m[2m0 test[22m[2m)[22m
 [32mÔ£ô[39m src/__tests__/utils/priceUtils.test.ts [2m([22m[2m14 tests[22m[2m)[22m[32m 5[2mms[22m[39m
 [32mÔ£ô[39m src/__tests__/services/stationService.test.ts [2m([22m[2m7 tests[22m[2m)[22m[32m 4[2mms[22m[39m
 [32mÔ£ô[39m src/__tests__/services/priceService.test.ts [2m([22m[2m5 tests[22m[2m)[22m[32m 2[2mms[22m[39m

ÔÄ»ÔÄ»ÔÄ»ÔÄ»ÔÄ»ÔÄ» Failed Suites 6 ÔÄ»ÔÄ»ÔÄ»ÔÄ»ÔÄ»ÔÄ»ÔÄ»

 FAIL  src/__tests__/components/FuelTypeSelector.test.tsx [ src/__tests__/components/FuelTypeSelector.test.tsx ]
Error: Failed to resolve import "react" from "src/__tests__/components/FuelTypeSelector.test.tsx". Does the file exist?
  Plugin: vite:import-analysis
  File: C:/Users/moxch/Documents/GitHub/bensa/web/src/__tests__/components/FuelTypeSelector.test.tsx:2:18
  1  |  import { fireEvent, render, screen } from "@testing-library/react";
  2  |  import React from "react";
     |                     ^
  3  |  import { describe, expect, it, vi } from "vitest";
  4  |  import { FuelTypeSelector } from "../../components/FuelTypeSelector";
 ÔØ» TransformPluginContext._formatLog ../node_modules/vite/dist/node/chunks/config.js:28999:43
 ÔØ» TransformPluginContext.error ../node_modules/vite/dist/node/chunks/config.js:28996:14
 ÔØ» normalizeUrl ../node_modules/vite/dist/node/chunks/config.js:27119:18
 ÔØ» ../node_modules/vite/dist/node/chunks/config.js:27177:32
 ÔØ» TransformPluginContext.transform ../node_modules/vite/dist/node/chunks/config.js:27145:4
 ÔØ» EnvironmentPluginContainer.transform ../node_modules/vite/dist/node/chunks/config.js:28797:14
 ÔØ» loadAndTransform ../node_modules/vite/dist/node/chunks/config.js:22670:26

ÔÄ»ÔÄ»ÔÄ»ÔÄ»ÔÄ»ÔÄ»ÔÄ»ÔÄ»ÔÄ»ÔÄ»ÔÄ»ÔÄ»ÔÄ»ÔÄ»ÔÄ»ÔÄ»ÔÄ»ÔÄ»ÔÄ»ÔÄ»ÔÄ»ÔÄ»ÔÄ»ÔÄ»[1/6]ÔÄ»

 FAIL  src/__tests__/components/Header.test.tsx [ src/__tests__/components/Header.test.tsx ]
Error: Failed to resolve import "react" from "src/__tests__/components/Header.test.tsx". Does the file exist?
  Plugin: vite:import-analysis
  File: C:/Users/moxch/Documents/GitHub/bensa/web/src/__tests__/components/Header.test.tsx:2:18
  1  |  import { render, screen } from "@testing-library/react";
  2  |  import React from "react";
     |                     ^
  3  |  import { describe, expect, it } from "vitest";
  4  |  import { Header } from "../../components/Header";
 ÔØ» TransformPluginContext._formatLog ../node_modules/vite/dist/node/chunks/config.js:28999:43
 ÔØ» TransformPluginContext.error ../node_modules/vite/dist/node/chunks/config.js:28996:14
 ÔØ» normalizeUrl ../node_modules/vite/dist/node/chunks/config.js:27119:18
 ÔØ» ../node_modules/vite/dist/node/chunks/config.js:27177:32
 ÔØ» TransformPluginContext.transform ../node_modules/vite/dist/node/chunks/config.js:27145:4
 ÔØ» EnvironmentPluginContainer.transform ../node_modules/vite/dist/node/chunks/config.js:28797:14
 ÔØ» loadAndTransform ../node_modules/vite/dist/node/chunks/config.js:22670:26

ÔÄ»ÔÄ»ÔÄ»ÔÄ»ÔÄ»ÔÄ»ÔÄ»ÔÄ»ÔÄ»ÔÄ»ÔÄ»ÔÄ»ÔÄ»ÔÄ»ÔÄ»ÔÄ»ÔÄ»ÔÄ»ÔÄ»ÔÄ»ÔÄ»ÔÄ»ÔÄ»ÔÄ»[2/6]ÔÄ»

 FAIL  src/__tests__/components/LoadingFuel.test.tsx [ src/__tests__/components/LoadingFuel.test.tsx ]
Error: Failed to resolve import "react/jsx-dev-runtime" from "src/__tests__/components/LoadingFuel.test.tsx". Does the file exist?
  Plugin: vite:import-analysis
  File: C:/Users/moxch/Documents/GitHub/bensa/web/src/__tests__/components/LoadingFuel.test.tsx:8:11
  1  |  import { jsxDEV } from "react/jsx-dev-runtime";
     |                          ^
  2  |  import { render, screen } from "@testing-library/react";
  3  |  import { describe, expect, it } from "vitest";
 ÔØ» TransformPluginContext._formatLog ../node_modules/vite/dist/node/chunks/config.js:28999:43
 ÔØ» TransformPluginContext.error ../node_modules/vite/dist/node/chunks/config.js:28996:14
 ÔØ» normalizeUrl ../node_modules/vite/dist/node/chunks/config.js:27119:18
 ÔØ» ../node_modules/vite/dist/node/chunks/config.js:27177:32
 ÔØ» TransformPluginContext.transform ../node_modules/vite/dist/node/chunks/config.js:27145:4
 ÔØ» EnvironmentPluginContainer.transform ../node_modules/vite/dist/node/chunks/config.js:28797:14
 ÔØ» loadAndTransform ../node_modules/vite/dist/node/chunks/config.js:22670:26

ÔÄ»ÔÄ»ÔÄ»ÔÄ»ÔÄ»ÔÄ»ÔÄ»ÔÄ»ÔÄ»ÔÄ»ÔÄ»ÔÄ»ÔÄ»ÔÄ»ÔÄ»ÔÄ»ÔÄ»ÔÄ»ÔÄ»ÔÄ»ÔÄ»ÔÄ»ÔÄ»ÔÄ»[3/6]ÔÄ»

 FAIL  src/__tests__/components/Minimal.test.tsx [ src/__tests__/components/Minimal.test.tsx ]
Error: Failed to resolve import "react/jsx-dev-runtime" from "src/__tests__/components/Minimal.test.tsx". Does the file exist?
  Plugin: vite:import-analysis
  File: C:/Users/moxch/Documents/GitHub/bensa/web/src/__tests__/components/Minimal.test.tsx:6:11
  1  |  import { jsxDEV } from "react/jsx-dev-runtime";
     |                          ^
  2  |  import { render } from "@testing-library/react";
  3  |  import { describe, it } from "vitest";
 ÔØ» TransformPluginContext._formatLog ../node_modules/vite/dist/node/chunks/config.js:28999:43
 ÔØ» TransformPluginContext.error ../node_modules/vite/dist/node/chunks/config.js:28996:14
 ÔØ» normalizeUrl ../node_modules/vite/dist/node/chunks/config.js:27119:18
 ÔØ» ../node_modules/vite/dist/node/chunks/config.js:27177:32
 ÔØ» TransformPluginContext.transform ../node_modules/vite/dist/node/chunks/config.js:27145:4
 ÔØ» EnvironmentPluginContainer.transform ../node_modules/vite/dist/node/chunks/config.js:28797:14
 ÔØ» loadAndTransform ../node_modules/vite/dist/node/chunks/config.js:22670:26

ÔÄ»ÔÄ»ÔÄ»ÔÄ»ÔÄ»ÔÄ»ÔÄ»ÔÄ»ÔÄ»ÔÄ»ÔÄ»ÔÄ»ÔÄ»ÔÄ»ÔÄ»ÔÄ»ÔÄ»ÔÄ»ÔÄ»ÔÄ»ÔÄ»ÔÄ»ÔÄ»ÔÄ»[4/6]ÔÄ»

 FAIL  src/__tests__/components/PriceGauge.test.tsx [ src/__tests__/components/PriceGauge.test.tsx ]
Error: Failed to resolve import "react" from "src/__tests__/components/PriceGauge.test.tsx". Does the file exist?
  Plugin: vite:import-analysis
  File: C:/Users/moxch/Documents/GitHub/bensa/web/src/__tests__/components/PriceGauge.test.tsx:2:18
  1  |  import { render, screen } from "@testing-library/react";
  2  |  import React from "react";
     |                     ^
  3  |  import { describe, expect, it } from "vitest";
  4  |  import { PriceGauge } from "../../components/PriceGauge";
 ÔØ» TransformPluginContext._formatLog ../node_modules/vite/dist/node/chunks/config.js:28999:43
 ÔØ» TransformPluginContext.error ../node_modules/vite/dist/node/chunks/config.js:28996:14
 ÔØ» normalizeUrl ../node_modules/vite/dist/node/chunks/config.js:27119:18
 ÔØ» ../node_modules/vite/dist/node/chunks/config.js:27177:32
 ÔØ» TransformPluginContext.transform ../node_modules/vite/dist/node/chunks/config.js:27145:4
 ÔØ» EnvironmentPluginContainer.transform ../node_modules/vite/dist/node/chunks/config.js:28797:14
 ÔØ» loadAndTransform ../node_modules/vite/dist/node/chunks/config.js:22670:26

ÔÄ»ÔÄ»ÔÄ»ÔÄ»ÔÄ»ÔÄ»ÔÄ»ÔÄ»ÔÄ»ÔÄ»ÔÄ»ÔÄ»ÔÄ»ÔÄ»ÔÄ»ÔÄ»ÔÄ»ÔÄ»ÔÄ»ÔÄ»ÔÄ»ÔÄ»ÔÄ»ÔÄ»[5/6]ÔÄ»

 FAIL  src/__tests__/components/StationCard.test.tsx [ src/__tests__/components/StationCard.test.tsx ]
Error: Failed to resolve import "react" from "src/__tests__/components/StationCard.test.tsx". Does the file exist?
  Plugin: vite:import-analysis
  File: C:/Users/moxch/Documents/GitHub/bensa/web/src/__tests__/components/StationCard.test.tsx:2:18
  1  |  import { render, screen } from "@testing-library/react";
  2  |  import React from "react";
     |                     ^
  3  |  import { describe, expect, it } from "vitest";
  4  |  import { StationCard } from "../../components/StationCard";
 ÔØ» TransformPluginContext._formatLog ../node_modules/vite/dist/node/chunks/config.js:28999:43
 ÔØ» TransformPluginContext.error ../node_modules/vite/dist/node/chunks/config.js:28996:14
 ÔØ» normalizeUrl ../node_modules/vite/dist/node/chunks/config.js:27119:18
 ÔØ» ../node_modules/vite/dist/node/chunks/config.js:27177:32
 ÔØ» TransformPluginContext.transform ../node_modules/vite/dist/node/chunks/config.js:27145:4
 ÔØ» EnvironmentPluginContainer.transform ../node_modules/vite/dist/node/chunks/config.js:28797:14
 ÔØ» loadAndTransform ../node_modules/vite/dist/node/chunks/config.js:22670:26

ÔÄ»ÔÄ»ÔÄ»ÔÄ»ÔÄ»ÔÄ»ÔÄ»ÔÄ»ÔÄ»ÔÄ»ÔÄ»ÔÄ»ÔÄ»ÔÄ»ÔÄ»ÔÄ»ÔÄ»ÔÄ»ÔÄ»ÔÄ»ÔÄ»ÔÄ»ÔÄ»ÔÄ»[6/6]ÔÄ»


[2m Test Files [22m [1m[31m6 failed[39m[22m[2m | [22m[1m[32m3 passed[39m[22m[90m (9)[39m
[2m      Tests [22m [1m[32m26 passed[39m[22m[90m (26)[39m
[2m   Start at [22m 19:19:54
[2m   Duration [22m 2.56s[2m (transform 260ms, setup 1.64s, import 106ms, tests 11ms, environment 10.85s)[22m

[1m[41m FAIL [49m[22m [31mTests failed. Watching for file changes...[39m
       [2mpress [22m[1mh[22m[2m to show help[22m[2m, [22m[2mpress [22m[1mq[22m[2m to quit[22m
c[3J[1m[44m RERUN [49m[22m [34m[2mpackage.json [22m[39m

 [32mÔ£ô[39m src/__tests__/services/stationService.test.ts [2m([22m[2m7 tests[22m[2m)[22m[32m 4[2mms[22m[39m
 [32mÔ£ô[39m src/__tests__/utils/priceUtils.test.ts [2m([22m[2m14 tests[22m[2m)[22m[32m 5[2mms[22m[39m
 [32mÔ£ô[39m src/__tests__/components/FuelTypeSelector.test.tsx [2m([22m[2m3 tests[22m[2m)[22m[32m 40[2mms[22m[39m
 [32mÔ£ô[39m src/__tests__/components/Minimal.test.tsx [2m([22m[2m1 test[22m[2m)[22m[32m 16[2mms[22m[39m
 [32mÔ£ô[39m src/__tests__/components/LoadingFuel.test.tsx [2m([22m[2m3 tests[22m[2m)[22m[32m 146[2mms[22m[39m
 [32mÔ£ô[39m src/__tests__/components/Header.test.tsx [2m([22m[2m5 tests[22m[2m)[22m[32m 237[2mms[22m[39m
 [32mÔ£ô[39m src/__tests__/components/PriceGauge.test.tsx [2m([22m[2m7 tests[22m[2m)[22m[32m 58[2mms[22m[39m
 [32mÔ£ô[39m src/__tests__/components/StationCard.test.tsx [2m([22m[2m6 tests[22m[2m)[22m[32m 59[2mms[22m[39m
 [32mÔ£ô[39m src/__tests__/services/priceService.test.ts [2m([22m[2m5 tests[22m[2m)[22m[32m 2[2mms[22m[39m

[2m Test Files [22m [1m[32m9 passed[39m[22m[90m (9)[39m
[2m      Tests [22m [1m[32m51 passed[39m[22m[90m (51)[39m
[2m   Start at [22m 19:21:48
[2m   Duration [22m 3.61s

[1m[42m PASS [49m[22m [32mWaiting for file changes...[39m
       [2mpress [22m[1mh[22m[2m to show help[22m[2m, [22m[2mpress [22m[1mq[22m[2m to quit[22m
c[3J[1m[44m RERUN [49m[22m [34m[2mpackage.json [22m[39m

 [32mÔ£ô[39m src/__tests__/services/stationService.test.ts [2m([22m[2m7 tests[22m[2m)[22m[32m 5[2mms[22m[39m
 [32mÔ£ô[39m src/__tests__/utils/priceUtils.test.ts [2m([22m[2m14 tests[22m[2m)[22m[32m 5[2mms[22m[39m
 [32mÔ£ô[39m src/__tests__/components/Minimal.test.tsx [2m([22m[2m1 test[22m[2m)[22m[32m 19[2mms[22m[39m
 [32mÔ£ô[39m src/__tests__/components/LoadingFuel.test.tsx [2m([22m[2m3 tests[22m[2m)[22m[32m 117[2mms[22m[39m
 [32mÔ£ô[39m src/__tests__/components/FuelTypeSelector.test.tsx [2m([22m[2m3 tests[22m[2m)[22m[32m 38[2mms[22m[39m
 [32mÔ£ô[39m src/__tests__/components/StationCard.test.tsx [2m([22m[2m6 tests[22m[2m)[22m[32m 66[2mms[22m[39m
 [32mÔ£ô[39m src/__tests__/components/PriceGauge.test.tsx [2m([22m[2m7 tests[22m[2m)[22m[32m 69[2mms[22m[39m
 [32mÔ£ô[39m src/__tests__/components/Header.test.tsx [2m([22m[2m5 tests[22m[2m)[22m[32m 166[2mms[22m[39m
 [32mÔ£ô[39m src/__tests__/services/priceService.test.ts [2m([22m[2m5 tests[22m[2m)[22m[32m 3[2mms[22m[39m

[2m Test Files [22m [1m[32m9 passed[39m[22m[90m (9)[39m
[2m      Tests [22m [1m[32m51 passed[39m[22m[90m (51)[39m
[2m   Start at [22m 19:24:16
[2m   Duration [22m 3.98s

[1m[42m PASS [49m[22m [32mWaiting for file changes...[39m
       [2mpress [22m[1mh[22m[2m to show help[22m[2m, [22m[2mpress [22m[1mq[22m[2m to quit[22m
c[3J[1m[44m RERUN [49m[22m [34m[2msrc/components/FuelTypeSelector.tsx [22m[34mx3 [34m[39m

[1m[35m
Restarting due to config changes...[39m[22m
 [31mÔØ»[39m src/__tests__/components/FuelTypeSelector.test.tsx [2m([22m[2m0 test[22m[2m)[22m

ÔÄ»ÔÄ»ÔÄ»ÔÄ»ÔÄ»ÔÄ» Failed Suites 1 ÔÄ»ÔÄ»ÔÄ»ÔÄ»ÔÄ»ÔÄ»ÔÄ»

 FAIL  src/__tests__/components/FuelTypeSelector.test.tsx [ src/__tests__/components/FuelTypeSelector.test.tsx ]
Error: The server is being restarted or closed. Request is outdated
 ÔØ» throwClosedServerError ../node_modules/vite/dist/node/chunks/config.js:28559:32
 ÔØ» EnvironmentPluginContainer.resolveId ../node_modules/vite/dist/node/chunks/config.js:28691:65

ÔÄ»ÔÄ»ÔÄ»ÔÄ»ÔÄ»ÔÄ»ÔÄ»ÔÄ»ÔÄ»ÔÄ»ÔÄ»ÔÄ»ÔÄ»ÔÄ»ÔÄ»ÔÄ»ÔÄ»ÔÄ»ÔÄ»ÔÄ»ÔÄ»ÔÄ»ÔÄ»ÔÄ»[1/1]ÔÄ»


[2m Test Files [22m [1m[31m1 failed[39m[22m[90m (1)[39m
[2m      Tests [22m [2mno tests[22m
[2m   Start at [22m 19:24:24
[2m   Duration [22m 0ms

[1m[41m FAIL [49m[22m [31mTests failed. Watching for file changes...[39m
       [2mpress [22m[1mh[22m[2m to show help[22m[2m, [22m[2mpress [22m[1mq[22m[2m to quit[22m

[1m[44m DEV [49m[22m [34mv4.0.18 [39m[90mC:/Users/moxch/Documents/GitHub/bensa/web[39m

 [32mÔ£ô[39m src/__tests__/utils/priceUtils.test.ts [2m([22m[2m14 tests[22m[2m)[22m[32m 5[2mms[22m[39m
 [32mÔ£ô[39m src/__tests__/services/priceService.test.ts [2m([22m[2m5 tests[22m[2m)[22m[32m 3[2mms[22m[39m
 [32mÔ£ô[39m src/__tests__/services/stationService.test.ts [2m([22m[2m7 tests[22m[2m)[22m[32m 5[2mms[22m[39m
 [32mÔ£ô[39m src/__tests__/components/FuelTypeSelector.test.tsx [2m([22m[2m3 tests[22m[2m)[22m[32m 45[2mms[22m[39m
 [32mÔ£ô[39m src/__tests__/components/StationCard.test.tsx [2m([22m[2m6 tests[22m[2m)[22m[32m 67[2mms[22m[39m
 [32mÔ£ô[39m src/__tests__/components/LoadingFuel.test.tsx [2m([22m[2m3 tests[22m[2m)[22m[32m 110[2mms[22m[39m
 [32mÔ£ô[39m src/__tests__/components/PriceGauge.test.tsx [2m([22m[2m7 tests[22m[2m)[22m[32m 54[2mms[22m[39m
 [32mÔ£ô[39m src/__tests__/components/Header.test.tsx [2m([22m[2m5 tests[22m[2m)[22m[32m 154[2mms[22m[39m

[2m Test Files [22m [1m[32m8 passed[39m[22m[90m (8)[39m
[2m      Tests [22m [1m[32m50 passed[39m[22m[90m (50)[39m
[2m   Start at [22m 19:24:25
[2m   Duration [22m 2.02s[2m (transform 337ms, setup 1.26s, import 1.44s, tests 442ms, environment 9.57s)[22m

[1m[42m PASS [49m[22m [32mWaiting for file changes...[39m
       [2mpress [22m[1mh[22m[2m to show help[22m[2m, [22m[2mpress [22m[1mq[22m[2m to quit[22m
c[3J[1m[44m RERUN [49m[22m [34m[2mpackage.json [22m[39m

 [32mÔ£ô[39m src/__tests__/utils/priceUtils.test.ts [2m([22m[2m14 tests[22m[2m)[22m[32m 4[2mms[22m[39m
 [32mÔ£ô[39m src/__tests__/services/priceService.test.ts [2m([22m[2m5 tests[22m[2m)[22m[32m 3[2mms[22m[39m
 [32mÔ£ô[39m src/__tests__/services/stationService.test.ts [2m([22m[2m7 tests[22m[2m)[22m[32m 5[2mms[22m[39m
 [32mÔ£ô[39m src/__tests__/components/PriceGauge.test.tsx [2m([22m[2m7 tests[22m[2m)[22m[32m 53[2mms[22m[39m
 [32mÔ£ô[39m src/__tests__/components/StationCard.test.tsx [2m([22m[2m6 tests[22m[2m)[22m[32m 59[2mms[22m[39m
 [32mÔ£ô[39m src/__tests__/components/FuelTypeSelector.test.tsx [2m([22m[2m3 tests[22m[2m)[22m[32m 36[2mms[22m[39m
 [32mÔ£ô[39m src/__tests__/components/LoadingFuel.test.tsx [2m([22m[2m3 tests[22m[2m)[22m[32m 103[2mms[22m[39m
 [32mÔ£ô[39m src/__tests__/components/Header.test.tsx [2m([22m[2m5 tests[22m[2m)[22m[32m 162[2mms[22m[39m

[2m Test Files [22m [1m[32m8 passed[39m[22m[90m (8)[39m
[2m      Tests [22m [1m[32m50 passed[39m[22m[90m (50)[39m
[2m   Start at [22m 19:52:34
[2m   Duration [22m 2.74s

[1m[42m PASS [49m[22m [32mWaiting for file changes...[39m
       [2mpress [22m[1mh[22m[2m to show help[22m[2m, [22m[2mpress [22m[1mq[22m[2m to quit[22m
c[3J[1m[44m RERUN [49m[22m [34m[2msrc/__tests__/hooks/useTheme.test.tsx [22m[34mx1 [34m[39m

Error: useTheme must be used within a ThemeProvider
    at useTheme (C:/Users/moxch/Documents/GitHub/bensa/web/src/hooks/useTheme.ts:8:11)
    at C:/Users/moxch/Documents/GitHub/bensa/web/src/__tests__/hooks/useTheme.test.tsx:17:35
    at TestComponent (C:\Users\moxch\Documents\GitHub\bensa\node_modules\@testing-library\react\dist\pure.js:330:27)
    at renderWithHooks (C:\Users\moxch\Documents\GitHub\bensa\node_modules\react-dom\cjs\react-dom.development.js:15486:18)
    at mountIndeterminateComponent (C:\Users\moxch\Documents\GitHub\bensa\node_modules\react-dom\cjs\react-dom.development.js:20103:13)
    at beginWork (C:\Users\moxch\Documents\GitHub\bensa\node_modules\react-dom\cjs\react-dom.development.js:21626:16)
    at HTMLUnknownElement.callCallback (C:\Users\moxch\Documents\GitHub\bensa\node_modules\react-dom\cjs\react-dom.development.js:4164:14)
    at HTMLUnknownElement.callTheUserObjectsOperation (C:\Users\moxch\Documents\GitHub\bensa\node_modules\jsdom\lib\generated\idl\EventListener.js:26:30)
    at innerInvokeEventListeners (C:\Users\moxch\Documents\GitHub\bensa\node_modules\jsdom\lib\jsdom\living\events\EventTarget-impl.js:360:16)
    at invokeEventListeners (C:\Users\moxch\Documents\GitHub\bensa\node_modules\jsdom\lib\jsdom\living\events\EventTarget-impl.js:296:3)
Error: useTheme must be used within a ThemeProvider
    at useTheme (C:/Users/moxch/Documents/GitHub/bensa/web/src/hooks/useTheme.ts:8:11)
    at C:/Users/moxch/Documents/GitHub/bensa/web/src/__tests__/hooks/useTheme.test.tsx:17:35
    at TestComponent (C:\Users\moxch\Documents\GitHub\bensa\node_modules\@testing-library\react\dist\pure.js:330:27)
    at renderWithHooks (C:\Users\moxch\Documents\GitHub\bensa\node_modules\react-dom\cjs\react-dom.development.js:15486:18)
    at mountIndeterminateComponent (C:\Users\moxch\Documents\GitHub\bensa\node_modules\react-dom\cjs\react-dom.development.js:20103:13)
    at beginWork (C:\Users\moxch\Documents\GitHub\bensa\node_modules\react-dom\cjs\react-dom.development.js:21626:16)
    at HTMLUnknownElement.callCallback (C:\Users\moxch\Documents\GitHub\bensa\node_modules\react-dom\cjs\react-dom.development.js:4164:14)
    at HTMLUnknownElement.callTheUserObjectsOperation (C:\Users\moxch\Documents\GitHub\bensa\node_modules\jsdom\lib\generated\idl\EventListener.js:26:30)
    at innerInvokeEventListeners (C:\Users\moxch\Documents\GitHub\bensa\node_modules\jsdom\lib\jsdom\living\events\EventTarget-impl.js:360:16)
    at invokeEventListeners (C:\Users\moxch\Documents\GitHub\bensa\node_modules\jsdom\lib\jsdom\living\events\EventTarget-impl.js:296:3)
stderr | src/__tests__/hooks/useTheme.test.tsx > useTheme > should toggle theme
Warning: An update to ThemeProvider inside a test was not wrapped in act(...).

When testing, code that causes React state updates should be wrapped into act(...):

act(() => {
  /* fire events that update state */
});
/* assert on the output */

This ensures that you're testing the behavior the user would see in the browser. Learn more at https://reactjs.org/link/wrap-tests-with-act
    at ThemeProvider (C:/Users/moxch/Documents/GitHub/bensa/web/src/context/ThemeProvider.tsx:8:26)
    at wrapper (C:/Users/moxch/Documents/GitHub/bensa/web/src/__tests__/hooks/useTheme.test.tsx:11:20)

 [31mÔØ»[39m src/__tests__/hooks/useTheme.test.tsx [2m([22m[2m3 tests[22m[2m | [22m[31m1 failed[39m[2m)[22m[32m 16[2mms[22m[39m
     [32mÔ£ô[39m should throw error when used outside ThemeProvider[32m 10[2mms[22m[39m
     [32mÔ£ô[39m should return theme and toggleTheme when used within ThemeProvider[32m 2[2mms[22m[39m
[31m     [31m├ù[31m should toggle theme[39m[32m 3[2mms[22m[39m

ÔÄ»ÔÄ»ÔÄ»ÔÄ»ÔÄ»ÔÄ»ÔÄ» Failed Tests 1 ÔÄ»ÔÄ»ÔÄ»ÔÄ»ÔÄ»ÔÄ»ÔÄ»

 FAIL  src/__tests__/hooks/useTheme.test.tsx > useTheme > should toggle theme
AssertionError: expected 'dark' to be 'light' // Object.is equality

Expected: "light"
Received: "dark"

 ÔØ» src/__tests__/hooks/useTheme.test.tsx:38:34
     36|     // Since we're using a real ThemeProvider, the state should update
     37|     // Note: React 18+ and RTL 13+ handles act() automatically in mostÔÇª
     38|     expect(result.current.theme).toBe('light');
       |                                  ^
     39|     
     40|     result.current.toggleTheme();

ÔÄ»ÔÄ»ÔÄ»ÔÄ»ÔÄ»ÔÄ»ÔÄ»ÔÄ»ÔÄ»ÔÄ»ÔÄ»ÔÄ»ÔÄ»ÔÄ»ÔÄ»ÔÄ»ÔÄ»ÔÄ»ÔÄ»ÔÄ»ÔÄ»ÔÄ»ÔÄ»ÔÄ»[1/1]ÔÄ»


[2m Test Files [22m [1m[31m1 failed[39m[22m[90m (1)[39m
[2m      Tests [22m [1m[31m1 failed[39m[22m[2m | [22m[1m[32m2 passed[39m[22m[90m (3)[39m
[2m   Start at [22m 20:05:43
[2m   Duration [22m 200ms

[1m[41m FAIL [49m[22m [31mTests failed. Watching for file changes...[39m
       [2mpress [22m[1mh[22m[2m to show help[22m[2m, [22m[2mpress [22m[1mq[22m[2m to quit[22m
c[3J[1m[44m RERUN [49m[22m [34m[2msrc/__tests__/hooks/useGeolocation.test.ts [22m[34mx1 [34m[39m

 [31mÔØ»[39m src/__tests__/hooks/useTheme.test.tsx [2m([22m[2m3 tests[22m[2m | [22m[31m1 failed[39m[2m)[22m[32m 16[2mms[22m[39m
     [32mÔ£ô[39m should throw error when used outside ThemeProvider[32m 10[2mms[22m[39m
     [32mÔ£ô[39m should return theme and toggleTheme when used within ThemeProvider[32m 2[2mms[22m[39m
[31m     [31m├ù[31m should toggle theme[39m[32m 3[2mms[22m[39m
 [32mÔ£ô[39m src/__tests__/hooks/useGeolocation.test.ts [2m([22m[2m4 tests[22m[2m)[22m[32m 10[2mms[22m[39m

[2m Test Files [22m [1m[31m1 failed[39m[22m[2m | [22m[1m[32m1 passed[39m[22m[90m (2)[39m
[2m      Tests [22m [1m[31m1 failed[39m[22m[2m | [22m[1m[32m6 passed[39m[22m[90m (7)[39m
[2m   Start at [22m 20:05:48
[2m   Duration [22m 173ms

[1m[42m PASS [49m[22m [32mWaiting for file changes...[39m
       [2mpress [22m[1mh[22m[2m to show help[22m[2m, [22m[2mpress [22m[1mq[22m[2m to quit[22m
c[3J[1m[44m RERUN [49m[22m [34m[2msrc/__tests__/components/LanguageSwitcher.test.tsx [22m[34mx1 [34m[39m

 [31mÔØ»[39m src/__tests__/hooks/useTheme.test.tsx [2m([22m[2m3 tests[22m[2m | [22m[31m1 failed[39m[2m)[22m[32m 16[2mms[22m[39m
     [32mÔ£ô[39m should throw error when used outside ThemeProvider[32m 10[2mms[22m[39m
     [32mÔ£ô[39m should return theme and toggleTheme when used within ThemeProvider[32m 2[2mms[22m[39m
[31m     [31m├ù[31m should toggle theme[39m[32m 3[2mms[22m[39m
 [31mÔØ»[39m src/__tests__/components/LanguageSwitcher.test.tsx [2m([22m[2m3 tests[22m[2m | [22m[31m3 failed[39m[2m)[22m[32m 84[2mms[22m[39m
[31m     [31m├ù[31m should render and toggle language[39m[32m 76[2mms[22m[39m
[31m     [31m├ù[31m should display Finnish label when language is English[39m[32m 5[2mms[22m[39m
[31m     [31m├ù[31m should display English label when language is Finnish[39m[32m 2[2mms[22m[39m

ÔÄ»ÔÄ»ÔÄ»ÔÄ»ÔÄ»ÔÄ»ÔÄ» Failed Tests 3 ÔÄ»ÔÄ»ÔÄ»ÔÄ»ÔÄ»ÔÄ»ÔÄ»

 FAIL  src/__tests__/components/LanguageSwitcher.test.tsx > LanguageSwitcher > should render and toggle language
AssertionError: expected "vi.fn()" to be called with arguments: [ 'fi' ]

Number of calls: 0

 ÔØ» src/__tests__/components/LanguageSwitcher.test.tsx:20:33
     18| 
     19|     // Initial language in mock is 'en'
     20|     expect(i18n.changeLanguage).toHaveBeenCalledWith('fi');
       |                                 ^
     21|     expect(Analytics.trackLanguageChange).toHaveBeenCalledWith('fi');
     22|   });

ÔÄ»ÔÄ»ÔÄ»ÔÄ»ÔÄ»ÔÄ»ÔÄ»ÔÄ»ÔÄ»ÔÄ»ÔÄ»ÔÄ»ÔÄ»ÔÄ»ÔÄ»ÔÄ»ÔÄ»ÔÄ»ÔÄ»ÔÄ»ÔÄ»ÔÄ»ÔÄ»ÔÄ»[1/3]ÔÄ»

 FAIL  src/__tests__/components/LanguageSwitcher.test.tsx > LanguageSwitcher > should display Finnish label when language is English
TestingLibraryElementError: Unable to find an element with the text: common.fi_label. This could be because the text is broken up by multiple elements. In this case, you can provide a function for your text matcher to make your matcher more flexible.

Ignored nodes: comments, script, style
<body>
  <div>
    <button
      aria-label="common.switch_lang"
      class="flex items-center justify-center h-10 px-3 rounded-full bg-white/10 backdrop-blur-sm border border-white/20 text-white/70 hover:text-white hover:bg-white/20 hover:border-white/30 hover:shadow-[0_0_15px_rgba(255,255,255,0.2)] transition-all duration-300 cursor-pointer font-medium font-mono text-sm"
    >
      <span
        class="flex items-center gap-1.5"
      >
        <span
          class="flex items-center gap-1.5"
        >
          <span
            class="text-base"
          >
            ­ƒç½­ƒç«
          </span>
          <span>
            FI
          </span>
        </span>
      </span>
    </button>
  </div>
</body>
 ÔØ» Object.getElementError ../node_modules/@testing-library/dom/dist/config.js:37:19
 ÔØ» ../node_modules/@testing-library/dom/dist/query-helpers.js:76:38
 ÔØ» ../node_modules/@testing-library/dom/dist/query-helpers.js:52:17
 ÔØ» ../node_modules/@testing-library/dom/dist/query-helpers.js:95:19
 ÔØ» src/__tests__/components/LanguageSwitcher.test.tsx:31:19
     29|     render(<LanguageSwitcher />);
     30|     
     31|     expect(screen.getByText('common.fi_label')).toBeDefined();
       |                   ^
     32|   });
     33| 

ÔÄ»ÔÄ»ÔÄ»ÔÄ»ÔÄ»ÔÄ»ÔÄ»ÔÄ»ÔÄ»ÔÄ»ÔÄ»ÔÄ»ÔÄ»ÔÄ»ÔÄ»ÔÄ»ÔÄ»ÔÄ»ÔÄ»ÔÄ»ÔÄ»ÔÄ»ÔÄ»ÔÄ»[2/3]ÔÄ»

 FAIL  src/__tests__/components/LanguageSwitcher.test.tsx > LanguageSwitcher > should display English label when language is Finnish
TestingLibraryElementError: Unable to find an element with the text: common.en_label. This could be because the text is broken up by multiple elements. In this case, you can provide a function for your text matcher to make your matcher more flexible.

Ignored nodes: comments, script, style
<body>
  <div>
    <button
      aria-label="common.switch_lang"
      class="flex items-center justify-center h-10 px-3 rounded-full bg-white/10 backdrop-blur-sm border border-white/20 text-white/70 hover:text-white hover:bg-white/20 hover:border-white/30 hover:shadow-[0_0_15px_rgba(255,255,255,0.2)] transition-all duration-300 cursor-pointer font-medium font-mono text-sm"
    >
      <span
        class="flex items-center gap-1.5"
      >
        <span
          class="flex items-center gap-1.5"
        >
          <span
            class="text-base"
          >
            ­ƒç½­ƒç«
          </span>
          <span>
            FI
          </span>
        </span>
      </span>
    </button>
  </div>
</body>
 ÔØ» Object.getElementError ../node_modules/@testing-library/dom/dist/config.js:37:19
 ÔØ» ../node_modules/@testing-library/dom/dist/query-helpers.js:76:38
 ÔØ» ../node_modules/@testing-library/dom/dist/query-helpers.js:52:17
 ÔØ» ../node_modules/@testing-library/dom/dist/query-helpers.js:95:19
 ÔØ» src/__tests__/components/LanguageSwitcher.test.tsx:41:19
     39|     render(<LanguageSwitcher />);
     40|     
     41|     expect(screen.getByText('common.en_label')).toBeDefined();
       |                   ^
     42|   });
     43| });

ÔÄ»ÔÄ»ÔÄ»ÔÄ»ÔÄ»ÔÄ»ÔÄ»ÔÄ»ÔÄ»ÔÄ»ÔÄ»ÔÄ»ÔÄ»ÔÄ»ÔÄ»ÔÄ»ÔÄ»ÔÄ»ÔÄ»ÔÄ»ÔÄ»ÔÄ»ÔÄ»ÔÄ»[3/3]ÔÄ»


[2m Test Files [22m [1m[31m2 failed[39m[22m[90m (2)[39m
[2m      Tests [22m [1m[31m4 failed[39m[22m[2m | [22m[1m[32m2 passed[39m[22m[90m (6)[39m
[2m   Start at [22m 20:05:53
[2m   Duration [22m 259ms

[1m[41m FAIL [49m[22m [31mTests failed. Watching for file changes...[39m
       [2mpress [22m[1mh[22m[2m to show help[22m[2m, [22m[2mpress [22m[1mq[22m[2m to quit[22m
c[3J[1m[44m RERUN [49m[22m [34m[2msrc/__tests__/components/ThemeToggle.test.tsx [22m[34mx1 [34m[39m

 [31mÔØ»[39m src/__tests__/hooks/useTheme.test.tsx [2m([22m[2m3 tests[22m[2m | [22m[31m1 failed[39m[2m)[22m[32m 16[2mms[22m[39m
     [32mÔ£ô[39m should throw error when used outside ThemeProvider[32m 10[2mms[22m[39m
     [32mÔ£ô[39m should return theme and toggleTheme when used within ThemeProvider[32m 2[2mms[22m[39m
[31m     [31m├ù[31m should toggle theme[39m[32m 3[2mms[22m[39m
 [31mÔØ»[39m src/__tests__/components/LanguageSwitcher.test.tsx [2m([22m[2m3 tests[22m[2m | [22m[31m3 failed[39m[2m)[22m[32m 84[2mms[22m[39m
[31m     [31m├ù[31m should render and toggle language[39m[32m 76[2mms[22m[39m
[31m     [31m├ù[31m should display Finnish label when language is English[39m[32m 5[2mms[22m[39m
[31m     [31m├ù[31m should display English label when language is Finnish[39m[32m 2[2mms[22m[39m
 [32mÔ£ô[39m src/__tests__/components/ThemeToggle.test.tsx [2m([22m[2m1 test[22m[2m)[22m[32m 75[2mms[22m[39m

[2m Test Files [22m [1m[31m2 failed[39m[22m[2m | [22m[1m[32m1 passed[39m[22m[90m (3)[39m
[2m      Tests [22m [1m[31m4 failed[39m[22m[2m | [22m[1m[32m3 passed[39m[22m[90m (7)[39m
[2m   Start at [22m 20:05:59
[2m   Duration [22m 238ms

[1m[42m PASS [49m[22m [32mWaiting for file changes...[39m
       [2mpress [22m[1mh[22m[2m to show help[22m[2m, [22m[2mpress [22m[1mq[22m[2m to quit[22m
c[3J[1m[44m RERUN [49m[22m [34m[2msrc/__tests__/components/Skeleton.test.tsx [22m[34mx1 [34m[39m

 [31mÔØ»[39m src/__tests__/hooks/useTheme.test.tsx [2m([22m[2m3 tests[22m[2m | [22m[31m1 failed[39m[2m)[22m[32m 16[2mms[22m[39m
     [32mÔ£ô[39m should throw error when used outside ThemeProvider[32m 10[2mms[22m[39m
     [32mÔ£ô[39m should return theme and toggleTheme when used within ThemeProvider[32m 2[2mms[22m[39m
[31m     [31m├ù[31m should toggle theme[39m[32m 3[2mms[22m[39m
 [31mÔØ»[39m src/__tests__/components/LanguageSwitcher.test.tsx [2m([22m[2m3 tests[22m[2m | [22m[31m3 failed[39m[2m)[22m[32m 84[2mms[22m[39m
[31m     [31m├ù[31m should render and toggle language[39m[32m 76[2mms[22m[39m
[31m     [31m├ù[31m should display Finnish label when language is English[39m[32m 5[2mms[22m[39m
[31m     [31m├ù[31m should display English label when language is Finnish[39m[32m 2[2mms[22m[39m
 [32mÔ£ô[39m src/__tests__/components/Skeleton.test.tsx [2m([22m[2m2 tests[22m[2m)[22m[32m 81[2mms[22m[39m

[2m Test Files [22m [1m[31m2 failed[39m[22m[2m | [22m[1m[32m1 passed[39m[22m[90m (3)[39m
[2m      Tests [22m [1m[31m4 failed[39m[22m[2m | [22m[1m[32m4 passed[39m[22m[90m (8)[39m
[2m   Start at [22m 20:06:04
[2m   Duration [22m 245ms

[1m[42m PASS [49m[22m [32mWaiting for file changes...[39m
       [2mpress [22m[1mh[22m[2m to show help[22m[2m, [22m[2mpress [22m[1mq[22m[2m to quit[22m
c[3J[1m[44m RERUN [49m[22m [34m[2msrc/__tests__/components/CollapsibleSection.test.tsx [22m[34mx1 [34m[39m

 [31mÔØ»[39m src/__tests__/hooks/useTheme.test.tsx [2m([22m[2m3 tests[22m[2m | [22m[31m1 failed[39m[2m)[22m[32m 16[2mms[22m[39m
     [32mÔ£ô[39m should throw error when used outside ThemeProvider[32m 10[2mms[22m[39m
     [32mÔ£ô[39m should return theme and toggleTheme when used within ThemeProvider[32m 2[2mms[22m[39m
[31m     [31m├ù[31m should toggle theme[39m[32m 3[2mms[22m[39m
 [31mÔØ»[39m src/__tests__/components/LanguageSwitcher.test.tsx [2m([22m[2m3 tests[22m[2m | [22m[31m3 failed[39m[2m)[22m[32m 84[2mms[22m[39m
[31m     [31m├ù[31m should render and toggle language[39m[32m 76[2mms[22m[39m
[31m     [31m├ù[31m should display Finnish label when language is English[39m[32m 5[2mms[22m[39m
[31m     [31m├ù[31m should display English label when language is Finnish[39m[32m 2[2mms[22m[39m
 [32mÔ£ô[39m src/__tests__/components/CollapsibleSection.test.tsx [2m([22m[2m3 tests[22m[2m)[22m[32m 97[2mms[22m[39m

[2m Test Files [22m [1m[31m2 failed[39m[22m[2m | [22m[1m[32m1 passed[39m[22m[90m (3)[39m
[2m      Tests [22m [1m[31m4 failed[39m[22m[2m | [22m[1m[32m5 passed[39m[22m[90m (9)[39m
[2m   Start at [22m 20:06:10
[2m   Duration [22m 282ms

[1m[42m PASS [49m[22m [32mWaiting for file changes...[39m
       [2mpress [22m[1mh[22m[2m to show help[22m[2m, [22m[2mpress [22m[1mq[22m[2m to quit[22m
c[3J[1m[44m RERUN [49m[22m [34m[2msrc/__tests__/services/locationService.test.ts [22m[34mx1 [34m[39m

 [31mÔØ»[39m src/__tests__/hooks/useTheme.test.tsx [2m([22m[2m3 tests[22m[2m | [22m[31m1 failed[39m[2m)[22m[32m 16[2mms[22m[39m
     [32mÔ£ô[39m should throw error when used outside ThemeProvider[32m 10[2mms[22m[39m
     [32mÔ£ô[39m should return theme and toggleTheme when used within ThemeProvider[32m 2[2mms[22m[39m
[31m     [31m├ù[31m should toggle theme[39m[32m 3[2mms[22m[39m
 [31mÔØ»[39m src/__tests__/components/LanguageSwitcher.test.tsx [2m([22m[2m3 tests[22m[2m | [22m[31m3 failed[39m[2m)[22m[32m 84[2mms[22m[39m
[31m     [31m├ù[31m should render and toggle language[39m[32m 76[2mms[22m[39m
[31m     [31m├ù[31m should display Finnish label when language is English[39m[32m 5[2mms[22m[39m
[31m     [31m├ù[31m should display English label when language is Finnish[39m[32m 2[2mms[22m[39m
 [32mÔ£ô[39m src/__tests__/services/locationService.test.ts [2m([22m[2m3 tests[22m[2m)[22m[32m 2[2mms[22m[39m

[2m Test Files [22m [1m[31m2 failed[39m[22m[2m | [22m[1m[32m1 passed[39m[22m[90m (3)[39m
[2m      Tests [22m [1m[31m4 failed[39m[22m[2m | [22m[1m[32m5 passed[39m[22m[90m (9)[39m
[2m   Start at [22m 20:06:16
[2m   Duration [22m 71ms

[1m[42m PASS [49m[22m [32mWaiting for file changes...[39m
       [2mpress [22m[1mh[22m[2m to show help[22m[2m, [22m[2mpress [22m[1mq[22m[2m to quit[22m
c[3J[1m[44m RERUN [49m[22m [34m[2msrc/__tests__/utils/analytics.test.ts [22m[34mx1 [34m[39m

 [31mÔØ»[39m src/__tests__/hooks/useTheme.test.tsx [2m([22m[2m3 tests[22m[2m | [22m[31m1 failed[39m[2m)[22m[32m 16[2mms[22m[39m
     [32mÔ£ô[39m should throw error when used outside ThemeProvider[32m 10[2mms[22m[39m
     [32mÔ£ô[39m should return theme and toggleTheme when used within ThemeProvider[32m 2[2mms[22m[39m
[31m     [31m├ù[31m should toggle theme[39m[32m 3[2mms[22m[39m
 [31mÔØ»[39m src/__tests__/components/LanguageSwitcher.test.tsx [2m([22m[2m3 tests[22m[2m | [22m[31m3 failed[39m[2m)[22m[32m 84[2mms[22m[39m
[31m     [31m├ù[31m should render and toggle language[39m[32m 76[2mms[22m[39m
[31m     [31m├ù[31m should display Finnish label when language is English[39m[32m 5[2mms[22m[39m
[31m     [31m├ù[31m should display English label when language is Finnish[39m[32m 2[2mms[22m[39m
 [31mÔØ»[39m src/__tests__/utils/analytics.test.ts [2m([22m[2m6 tests[22m[2m | [22m[31m6 failed[39m[2m)[22m[32m 5[2mms[22m[39m
[31m     [31m├ù[31m should call logEvent when tracking button click[39m[32m 2[2mms[22m[39m
[31m     [31m├ù[31m should call logEvent when tracking navigation[39m[32m 0[2mms[22m[39m
[31m     [31m├ù[31m should call logEvent when tracking section toggle[39m[32m 0[2mms[22m[39m
[31m     [31m├ù[31m should call logEvent when tracking theme change[39m[32m 0[2mms[22m[39m
[31m     [31m├ù[31m should call logEvent when tracking location request[39m[32m 0[2mms[22m[39m
[31m     [31m├ù[31m should call logEvent when tracking map interaction[39m[32m 0[2mms[22m[39m

ÔÄ»ÔÄ»ÔÄ»ÔÄ»ÔÄ»ÔÄ»ÔÄ» Failed Tests 6 ÔÄ»ÔÄ»ÔÄ»ÔÄ»ÔÄ»ÔÄ»ÔÄ»

 FAIL  src/__tests__/utils/analytics.test.ts > Analytics > should call logEvent when tracking button click
AssertionError: expected "vi.fn()" to be called with arguments: [ { mock: 'analytics' }, ÔÇª(2) ]

Number of calls: 0

 ÔØ» src/__tests__/utils/analytics.test.ts:17:22
     15|     const buttonName = 'test_button';
     16|     Analytics.trackButtonClick(buttonName);
     17|     expect(logEvent).toHaveBeenCalledWith(analytics, 'button_click', {ÔÇª
       |                      ^
     18|   });
     19| 

ÔÄ»ÔÄ»ÔÄ»ÔÄ»ÔÄ»ÔÄ»ÔÄ»ÔÄ»ÔÄ»ÔÄ»ÔÄ»ÔÄ»ÔÄ»ÔÄ»ÔÄ»ÔÄ»ÔÄ»ÔÄ»ÔÄ»ÔÄ»ÔÄ»ÔÄ»ÔÄ»ÔÄ»[1/6]ÔÄ»

 FAIL  src/__tests__/utils/analytics.test.ts > Analytics > should call logEvent when tracking navigation
AssertionError: expected "vi.fn()" to be called with arguments: [ { mock: 'analytics' }, ÔÇª(2) ]

Number of calls: 0

 ÔØ» src/__tests__/utils/analytics.test.ts:23:22
     21|     const destination = '/map';
     22|     Analytics.trackNavigation(destination);
     23|     expect(logEvent).toHaveBeenCalledWith(analytics, 'navigation', { dÔÇª
       |                      ^
     24|   });
     25| 

ÔÄ»ÔÄ»ÔÄ»ÔÄ»ÔÄ»ÔÄ»ÔÄ»ÔÄ»ÔÄ»ÔÄ»ÔÄ»ÔÄ»ÔÄ»ÔÄ»ÔÄ»ÔÄ»ÔÄ»ÔÄ»ÔÄ»ÔÄ»ÔÄ»ÔÄ»ÔÄ»ÔÄ»[2/6]ÔÄ»

 FAIL  src/__tests__/utils/analytics.test.ts > Analytics > should call logEvent when tracking section toggle
AssertionError: expected "vi.fn()" to be called with arguments: [ { mock: 'analytics' }, ÔÇª(2) ]

Number of calls: 0

 ÔØ» src/__tests__/utils/analytics.test.ts:28:22
     26|   it('should call logEvent when tracking section toggle', () => {
     27|     Analytics.trackSectionToggle('stations', true);
     28|     expect(logEvent).toHaveBeenCalledWith(analytics, 'section_toggle',ÔÇª
       |                      ^
     29|   });
     30| 

ÔÄ»ÔÄ»ÔÄ»ÔÄ»ÔÄ»ÔÄ»ÔÄ»ÔÄ»ÔÄ»ÔÄ»ÔÄ»ÔÄ»ÔÄ»ÔÄ»ÔÄ»ÔÄ»ÔÄ»ÔÄ»ÔÄ»ÔÄ»ÔÄ»ÔÄ»ÔÄ»ÔÄ»[3/6]ÔÄ»

 FAIL  src/__tests__/utils/analytics.test.ts > Analytics > should call logEvent when tracking theme change
AssertionError: expected "vi.fn()" to be called with arguments: [ { mock: 'analytics' }, ÔÇª(2) ]

Number of calls: 0

 ÔØ» src/__tests__/utils/analytics.test.ts:33:22
     31|   it('should call logEvent when tracking theme change', () => {
     32|     Analytics.trackThemeChange('dark');
     33|     expect(logEvent).toHaveBeenCalledWith(analytics, 'theme_change', {ÔÇª
       |                      ^
     34|   });
     35| 

ÔÄ»ÔÄ»ÔÄ»ÔÄ»ÔÄ»ÔÄ»ÔÄ»ÔÄ»ÔÄ»ÔÄ»ÔÄ»ÔÄ»ÔÄ»ÔÄ»ÔÄ»ÔÄ»ÔÄ»ÔÄ»ÔÄ»ÔÄ»ÔÄ»ÔÄ»ÔÄ»ÔÄ»[4/6]ÔÄ»

 FAIL  src/__tests__/utils/analytics.test.ts > Analytics > should call logEvent when tracking location request
AssertionError: expected "vi.fn()" to be called with arguments: [ { mock: 'analytics' }, ÔÇª(2) ]

Number of calls: 0

 ÔØ» src/__tests__/utils/analytics.test.ts:38:22
     36|   it('should call logEvent when tracking location request', () => {
     37|     Analytics.trackLocationRequest(true);
     38|     expect(logEvent).toHaveBeenCalledWith(analytics, 'location_requestÔÇª
       |                      ^
     39|   });
     40| 

ÔÄ»ÔÄ»ÔÄ»ÔÄ»ÔÄ»ÔÄ»ÔÄ»ÔÄ»ÔÄ»ÔÄ»ÔÄ»ÔÄ»ÔÄ»ÔÄ»ÔÄ»ÔÄ»ÔÄ»ÔÄ»ÔÄ»ÔÄ»ÔÄ»ÔÄ»ÔÄ»ÔÄ»[5/6]ÔÄ»

 FAIL  src/__tests__/utils/analytics.test.ts > Analytics > should call logEvent when tracking map interaction
AssertionError: expected "vi.fn()" to be called with arguments: [ { mock: 'analytics' }, ÔÇª(2) ]

Number of calls: 0

 ÔØ» src/__tests__/utils/analytics.test.ts:43:22
     41|   it('should call logEvent when tracking map interaction', () => {
     42|     Analytics.trackMapInteraction('zoom_in');
     43|     expect(logEvent).toHaveBeenCalledWith(analytics, 'map_interaction'ÔÇª
       |                      ^
     44|   });
     45| });

ÔÄ»ÔÄ»ÔÄ»ÔÄ»ÔÄ»ÔÄ»ÔÄ»ÔÄ»ÔÄ»ÔÄ»ÔÄ»ÔÄ»ÔÄ»ÔÄ»ÔÄ»ÔÄ»ÔÄ»ÔÄ»ÔÄ»ÔÄ»ÔÄ»ÔÄ»ÔÄ»ÔÄ»[6/6]ÔÄ»


[2m Test Files [22m [1m[31m3 failed[39m[22m[90m (3)[39m
[2m      Tests [22m [1m[31m10 failed[39m[22m[2m | [22m[1m[32m2 passed[39m[22m[90m (12)[39m
[2m   Start at [22m 20:06:29
[2m   Duration [22m 79ms

[1m[41m FAIL [49m[22m [31mTests failed. Watching for file changes...[39m
       [2mpress [22m[1mh[22m[2m to show help[22m[2m, [22m[2mpress [22m[1mq[22m[2m to quit[22m
c[3J[1m[44m RERUN [49m[22m [34m[2msrc/__tests__/hooks/usePriceAlert.test.ts [22m[34mx1 [34m[39m

 [31mÔØ»[39m src/__tests__/hooks/useTheme.test.tsx [2m([22m[2m3 tests[22m[2m | [22m[31m1 failed[39m[2m)[22m[32m 16[2mms[22m[39m
     [32mÔ£ô[39m should throw error when used outside ThemeProvider[32m 10[2mms[22m[39m
     [32mÔ£ô[39m should return theme and toggleTheme when used within ThemeProvider[32m 2[2mms[22m[39m
[31m     [31m├ù[31m should toggle theme[39m[32m 3[2mms[22m[39m
 [31mÔØ»[39m src/__tests__/components/LanguageSwitcher.test.tsx [2m([22m[2m3 tests[22m[2m | [22m[31m3 failed[39m[2m)[22m[32m 84[2mms[22m[39m
[31m     [31m├ù[31m should render and toggle language[39m[32m 76[2mms[22m[39m
[31m     [31m├ù[31m should display Finnish label when language is English[39m[32m 5[2mms[22m[39m
[31m     [31m├ù[31m should display English label when language is Finnish[39m[32m 2[2mms[22m[39m
 [31mÔØ»[39m src/__tests__/utils/analytics.test.ts [2m([22m[2m6 tests[22m[2m | [22m[31m6 failed[39m[2m)[22m[32m 5[2mms[22m[39m
[31m     [31m├ù[31m should call logEvent when tracking button click[39m[32m 2[2mms[22m[39m
[31m     [31m├ù[31m should call logEvent when tracking navigation[39m[32m 0[2mms[22m[39m
[31m     [31m├ù[31m should call logEvent when tracking section toggle[39m[32m 0[2mms[22m[39m
[31m     [31m├ù[31m should call logEvent when tracking theme change[39m[32m 0[2mms[22m[39m
[31m     [31m├ù[31m should call logEvent when tracking location request[39m[32m 0[2mms[22m[39m
[31m     [31m├ù[31m should call logEvent when tracking map interaction[39m[32m 0[2mms[22m[39m
stderr | src/__tests__/hooks/usePriceAlert.test.ts > usePriceAlert > should reset alert after timeout
Warning: An update to TestComponent inside a test was not wrapped in act(...).

When testing, code that causes React state updates should be wrapped into act(...):

act(() => {
  /* fire events that update state */
});
/* assert on the output */

This ensures that you're testing the behavior the user would see in the browser. Learn more at https://reactjs.org/link/wrap-tests-with-act
    at TestComponent (C:\Users\moxch\Documents\GitHub\bensa\node_modules\@testing-library\react\dist\pure.js:328:5)

 [31mÔØ»[39m src/__tests__/hooks/usePriceAlert.test.ts [2m([22m[2m5 tests[22m[2m | [22m[31m2 failed[39m[2m)[22m[32m 16[2mms[22m[39m
     [32mÔ£ô[39m should initialize with false alert state[32m 6[2mms[22m[39m
     [32mÔ£ô[39m should set alert when price is below threshold[32m 1[2mms[22m[39m
     [32mÔ£ô[39m should not set alert when price is above threshold[32m 1[2mms[22m[39m
[31m     [31m├ù[31m should reset alert after timeout[39m[32m 6[2mms[22m[39m
[31m     [31m├ù[31m should set alert when price drops from previous value[39m[32m 1[2mms[22m[39m

ÔÄ»ÔÄ»ÔÄ»ÔÄ»ÔÄ»ÔÄ»ÔÄ» Failed Tests 2 ÔÄ»ÔÄ»ÔÄ»ÔÄ»ÔÄ»ÔÄ»ÔÄ»

 FAIL  src/__tests__/hooks/usePriceAlert.test.ts > usePriceAlert > should reset alert after timeout
AssertionError: expected true to be false // Object.is equality

- Expected
+ Received

- false
+ true

 ÔØ» src/__tests__/hooks/usePriceAlert.test.ts:53:28
     51|     
     52|     vi.advanceTimersByTime(11000);
     53|     expect(result.current).toBe(false);
       |                            ^
     54|     
     55|     vi.useRealTimers();

ÔÄ»ÔÄ»ÔÄ»ÔÄ»ÔÄ»ÔÄ»ÔÄ»ÔÄ»ÔÄ»ÔÄ»ÔÄ»ÔÄ»ÔÄ»ÔÄ»ÔÄ»ÔÄ»ÔÄ»ÔÄ»ÔÄ»ÔÄ»ÔÄ»ÔÄ»ÔÄ»ÔÄ»[1/2]ÔÄ»

 FAIL  src/__tests__/hooks/usePriceAlert.test.ts > usePriceAlert > should set alert when price drops from previous value
AssertionError: expected true to be false // Object.is equality

- Expected
+ Received

- false
+ true

 ÔØ» src/__tests__/hooks/usePriceAlert.test.ts:75:28
     73|     vi.useFakeTimers();
     74|     vi.advanceTimersByTime(11000);
     75|     expect(result.current).toBe(false);
       |                            ^
     76|     vi.useRealTimers();
     77| 

ÔÄ»ÔÄ»ÔÄ»ÔÄ»ÔÄ»ÔÄ»ÔÄ»ÔÄ»ÔÄ»ÔÄ»ÔÄ»ÔÄ»ÔÄ»ÔÄ»ÔÄ»ÔÄ»ÔÄ»ÔÄ»ÔÄ»ÔÄ»ÔÄ»ÔÄ»ÔÄ»ÔÄ»[2/2]ÔÄ»


[2m Test Files [22m [1m[31m4 failed[39m[22m[90m (4)[39m
[2m      Tests [22m [1m[31m12 failed[39m[22m[2m | [22m[1m[32m5 passed[39m[22m[90m (17)[39m
[2m   Start at [22m 20:06:38
[2m   Duration [22m 174ms

[1m[41m FAIL [49m[22m [31mTests failed. Watching for file changes...[39m
       [2mpress [22m[1mh[22m[2m to show help[22m[2m, [22m[2mpress [22m[1mq[22m[2m to quit[22m
c[3J[1m[44m RERUN [49m[22m [34m[2msrc/__tests__/hooks/useTitleFlasher.test.ts [22m[34mx1 [34m[39m

 [31mÔØ»[39m src/__tests__/hooks/useTheme.test.tsx [2m([22m[2m3 tests[22m[2m | [22m[31m1 failed[39m[2m)[22m[32m 16[2mms[22m[39m
     [32mÔ£ô[39m should throw error when used outside ThemeProvider[32m 10[2mms[22m[39m
     [32mÔ£ô[39m should return theme and toggleTheme when used within ThemeProvider[32m 2[2mms[22m[39m
[31m     [31m├ù[31m should toggle theme[39m[32m 3[2mms[22m[39m
 [31mÔØ»[39m src/__tests__/components/LanguageSwitcher.test.tsx [2m([22m[2m3 tests[22m[2m | [22m[31m3 failed[39m[2m)[22m[32m 84[2mms[22m[39m
[31m     [31m├ù[31m should render and toggle language[39m[32m 76[2mms[22m[39m
[31m     [31m├ù[31m should display Finnish label when language is English[39m[32m 5[2mms[22m[39m
[31m     [31m├ù[31m should display English label when language is Finnish[39m[32m 2[2mms[22m[39m
 [31mÔØ»[39m src/__tests__/utils/analytics.test.ts [2m([22m[2m6 tests[22m[2m | [22m[31m6 failed[39m[2m)[22m[32m 5[2mms[22m[39m
[31m     [31m├ù[31m should call logEvent when tracking button click[39m[32m 2[2mms[22m[39m
[31m     [31m├ù[31m should call logEvent when tracking navigation[39m[32m 0[2mms[22m[39m
[31m     [31m├ù[31m should call logEvent when tracking section toggle[39m[32m 0[2mms[22m[39m
[31m     [31m├ù[31m should call logEvent when tracking theme change[39m[32m 0[2mms[22m[39m
[31m     [31m├ù[31m should call logEvent when tracking location request[39m[32m 0[2mms[22m[39m
[31m     [31m├ù[31m should call logEvent when tracking map interaction[39m[32m 0[2mms[22m[39m
 [31mÔØ»[39m src/__tests__/hooks/usePriceAlert.test.ts [2m([22m[2m5 tests[22m[2m | [22m[31m2 failed[39m[2m)[22m[32m 16[2mms[22m[39m
     [32mÔ£ô[39m should initialize with false alert state[32m 6[2mms[22m[39m
     [32mÔ£ô[39m should set alert when price is below threshold[32m 1[2mms[22m[39m
     [32mÔ£ô[39m should not set alert when price is above threshold[32m 1[2mms[22m[39m
[31m     [31m├ù[31m should reset alert after timeout[39m[32m 6[2mms[22m[39m
[31m     [31m├ù[31m should set alert when price drops from previous value[39m[32m 1[2mms[22m[39m
 [32mÔ£ô[39m src/__tests__/hooks/useTitleFlasher.test.ts [2m([22m[2m3 tests[22m[2m)[22m[32m 11[2mms[22m[39m

[2m Test Files [22m [1m[31m4 failed[39m[22m[2m | [22m[1m[32m1 passed[39m[22m[90m (5)[39m
[2m      Tests [22m [1m[31m12 failed[39m[22m[2m | [22m[1m[32m8 passed[39m[22m[90m (20)[39m
[2m   Start at [22m 20:06:47
[2m   Duration [22m 180ms

[1m[42m PASS [49m[22m [32mWaiting for file changes...[39m
       [2mpress [22m[1mh[22m[2m to show help[22m[2m, [22m[2mpress [22m[1mq[22m[2m to quit[22m
c[3J[1m[44m RERUN [49m[22m [34m[2msrc/__tests__/services/stationService.test.ts [22m[34mx2 [34m[39m

 [31mÔØ»[39m src/__tests__/hooks/useTheme.test.tsx [2m([22m[2m3 tests[22m[2m | [22m[31m1 failed[39m[2m)[22m[32m 16[2mms[22m[39m
     [32mÔ£ô[39m should throw error when used outside ThemeProvider[32m 10[2mms[22m[39m
     [32mÔ£ô[39m should return theme and toggleTheme when used within ThemeProvider[32m 2[2mms[22m[39m
[31m     [31m├ù[31m should toggle theme[39m[32m 3[2mms[22m[39m
 [31mÔØ»[39m src/__tests__/components/LanguageSwitcher.test.tsx [2m([22m[2m3 tests[22m[2m | [22m[31m3 failed[39m[2m)[22m[32m 84[2mms[22m[39m
[31m     [31m├ù[31m should render and toggle language[39m[32m 76[2mms[22m[39m
[31m     [31m├ù[31m should display Finnish label when language is English[39m[32m 5[2mms[22m[39m
[31m     [31m├ù[31m should display English label when language is Finnish[39m[32m 2[2mms[22m[39m
 [31mÔØ»[39m src/__tests__/utils/analytics.test.ts [2m([22m[2m6 tests[22m[2m | [22m[31m6 failed[39m[2m)[22m[32m 5[2mms[22m[39m
[31m     [31m├ù[31m should call logEvent when tracking button click[39m[32m 2[2mms[22m[39m
[31m     [31m├ù[31m should call logEvent when tracking navigation[39m[32m 0[2mms[22m[39m
[31m     [31m├ù[31m should call logEvent when tracking section toggle[39m[32m 0[2mms[22m[39m
[31m     [31m├ù[31m should call logEvent when tracking theme change[39m[32m 0[2mms[22m[39m
[31m     [31m├ù[31m should call logEvent when tracking location request[39m[32m 0[2mms[22m[39m
[31m     [31m├ù[31m should call logEvent when tracking map interaction[39m[32m 0[2mms[22m[39m
 [31mÔØ»[39m src/__tests__/hooks/usePriceAlert.test.ts [2m([22m[2m5 tests[22m[2m | [22m[31m2 failed[39m[2m)[22m[32m 16[2mms[22m[39m
     [32mÔ£ô[39m should initialize with false alert state[32m 6[2mms[22m[39m
     [32mÔ£ô[39m should set alert when price is below threshold[32m 1[2mms[22m[39m
     [32mÔ£ô[39m should not set alert when price is above threshold[32m 1[2mms[22m[39m
[31m     [31m├ù[31m should reset alert after timeout[39m[32m 6[2mms[22m[39m
[31m     [31m├ù[31m should set alert when price drops from previous value[39m[32m 1[2mms[22m[39m
 [31mÔØ»[39m src/__tests__/services/stationService.test.ts [2m([22m[2m9 tests[22m[2m | [22m[31m2 failed[39m[2m)[22m[32m 5[2mms[22m[39m
       [32mÔ£ô[39m returns 0 for same point[32m 1[2mms[22m[39m
       [32mÔ£ô[39m returns correct distance between Helsinki and Tampere[32m 0[2mms[22m[39m
       [32mÔ£ô[39m sorts stations by distance from Helsinki[32m 0[2mms[22m[39m
       [32mÔ£ô[39m sorts ascending by default[32m 0[2mms[22m[39m
       [32mÔ£ô[39m sorts descending when specified[32m 0[2mms[22m[39m
       [32mÔ£ô[39m filters stations with the fuel type[32m 0[2mms[22m[39m
       [32mÔ£ô[39m returns all stations that have the fuel type[32m 0[2mms[22m[39m
[31m       [31m├ù[31m returns sorted unique cities[39m[32m 2[2mms[22m[39m
[31m       [31m├ù[31m returns empty array for empty stations[39m[32m 1[2mms[22m[39m

ÔÄ»ÔÄ»ÔÄ»ÔÄ»ÔÄ»ÔÄ»ÔÄ» Failed Tests 2 ÔÄ»ÔÄ»ÔÄ»ÔÄ»ÔÄ»ÔÄ»ÔÄ»

 FAIL  src/__tests__/services/stationService.test.ts > stationService > getUniqueCities > returns sorted unique cities
Error: Cannot find module '../../services/stationService'
Require stack:
- C:\Users\moxch\Documents\GitHub\bensa\web\src\__tests__\services\stationService.test.ts
 ÔØ» src/__tests__/services/stationService.test.ts:94:35
     92|         { ...mockStations[0], id: '4', city: 'Espoo' },
     93|       ];
     94|       const { getUniqueCities } = require('../../services/stationServiÔÇª
       |                                   ^
     95|       const cities = getUniqueCities(stations);
     96|       expect(cities).toEqual(['Espoo', 'Helsinki', 'Tampere']);

ÔÄ»ÔÄ»ÔÄ»ÔÄ»ÔÄ»ÔÄ»ÔÄ»ÔÄ»ÔÄ»ÔÄ»ÔÄ»ÔÄ»ÔÄ»ÔÄ»ÔÄ»ÔÄ»ÔÄ»ÔÄ»ÔÄ»ÔÄ»ÔÄ»ÔÄ»ÔÄ»ÔÄ»[1/2]ÔÄ»

 FAIL  src/__tests__/services/stationService.test.ts > stationService > getUniqueCities > returns empty array for empty stations
Error: Cannot find module '../../services/stationService'
Require stack:
- C:\Users\moxch\Documents\GitHub\bensa\web\src\__tests__\services\stationService.test.ts
 ÔØ» src/__tests__/services/stationService.test.ts:100:35
     98| 
     99|     it('returns empty array for empty stations', () => {
    100|       const { getUniqueCities } = require('../../services/stationServiÔÇª
       |                                   ^
    101|       expect(getUniqueCities([])).toEqual([]);
    102|     });

ÔÄ»ÔÄ»ÔÄ»ÔÄ»ÔÄ»ÔÄ»ÔÄ»ÔÄ»ÔÄ»ÔÄ»ÔÄ»ÔÄ»ÔÄ»ÔÄ»ÔÄ»ÔÄ»ÔÄ»ÔÄ»ÔÄ»ÔÄ»ÔÄ»ÔÄ»ÔÄ»ÔÄ»[2/2]ÔÄ»


[2m Test Files [22m [1m[31m5 failed[39m[22m[90m (5)[39m
[2m      Tests [22m [1m[31m14 failed[39m[22m[2m | [22m[1m[32m12 passed[39m[22m[90m (26)[39m
[2m   Start at [22m 20:07:55
[2m   Duration [22m 72ms

[1m[41m FAIL [49m[22m [31mTests failed. Watching for file changes...[39m
       [2mpress [22m[1mh[22m[2m to show help[22m[2m, [22m[2mpress [22m[1mq[22m[2m to quit[22m
c[3J[1m[44m RERUN [49m[22m [34m[2msrc/__tests__/services/stationService.test.ts [22m[34mx3 [34m[39m

 [31mÔØ»[39m src/__tests__/hooks/useTheme.test.tsx [2m([22m[2m3 tests[22m[2m | [22m[31m1 failed[39m[2m)[22m[32m 16[2mms[22m[39m
     [32mÔ£ô[39m should throw error when used outside ThemeProvider[32m 10[2mms[22m[39m
     [32mÔ£ô[39m should return theme and toggleTheme when used within ThemeProvider[32m 2[2mms[22m[39m
[31m     [31m├ù[31m should toggle theme[39m[32m 3[2mms[22m[39m
 [31mÔØ»[39m src/__tests__/components/LanguageSwitcher.test.tsx [2m([22m[2m3 tests[22m[2m | [22m[31m3 failed[39m[2m)[22m[32m 84[2mms[22m[39m
[31m     [31m├ù[31m should render and toggle language[39m[32m 76[2mms[22m[39m
[31m     [31m├ù[31m should display Finnish label when language is English[39m[32m 5[2mms[22m[39m
[31m     [31m├ù[31m should display English label when language is Finnish[39m[32m 2[2mms[22m[39m
 [31mÔØ»[39m src/__tests__/utils/analytics.test.ts [2m([22m[2m6 tests[22m[2m | [22m[31m6 failed[39m[2m)[22m[32m 5[2mms[22m[39m
[31m     [31m├ù[31m should call logEvent when tracking button click[39m[32m 2[2mms[22m[39m
[31m     [31m├ù[31m should call logEvent when tracking navigation[39m[32m 0[2mms[22m[39m
[31m     [31m├ù[31m should call logEvent when tracking section toggle[39m[32m 0[2mms[22m[39m
[31m     [31m├ù[31m should call logEvent when tracking theme change[39m[32m 0[2mms[22m[39m
[31m     [31m├ù[31m should call logEvent when tracking location request[39m[32m 0[2mms[22m[39m
[31m     [31m├ù[31m should call logEvent when tracking map interaction[39m[32m 0[2mms[22m[39m
 [31mÔØ»[39m src/__tests__/hooks/usePriceAlert.test.ts [2m([22m[2m5 tests[22m[2m | [22m[31m2 failed[39m[2m)[22m[32m 16[2mms[22m[39m
     [32mÔ£ô[39m should initialize with false alert state[32m 6[2mms[22m[39m
     [32mÔ£ô[39m should set alert when price is below threshold[32m 1[2mms[22m[39m
     [32mÔ£ô[39m should not set alert when price is above threshold[32m 1[2mms[22m[39m
[31m     [31m├ù[31m should reset alert after timeout[39m[32m 6[2mms[22m[39m
[31m     [31m├ù[31m should set alert when price drops from previous value[39m[32m 1[2mms[22m[39m
 [32mÔ£ô[39m src/__tests__/services/stationService.test.ts [2m([22m[2m9 tests[22m[2m)[22m[32m 3[2mms[22m[39m

[2m Test Files [22m [1m[31m4 failed[39m[22m[2m | [22m[1m[32m1 passed[39m[22m[90m (5)[39m
[2m      Tests [22m [1m[31m12 failed[39m[22m[2m | [22m[1m[32m14 passed[39m[22m[90m (26)[39m
[2m   Start at [22m 20:08:05
[2m   Duration [22m 67ms

[1m[42m PASS [49m[22m [32mWaiting for file changes...[39m
       [2mpress [22m[1mh[22m[2m to show help[22m[2m, [22m[2mpress [22m[1mq[22m[2m to quit[22m
c[3J[1m[44m RERUN [49m[22m [34m[2msrc/__tests__/components/StationList.test.tsx [22m[34mx1 [34m[39m

 [31mÔØ»[39m src/__tests__/hooks/useTheme.test.tsx [2m([22m[2m3 tests[22m[2m | [22m[31m1 failed[39m[2m)[22m[32m 16[2mms[22m[39m
     [32mÔ£ô[39m should throw error when used outside ThemeProvider[32m 10[2mms[22m[39m
     [32mÔ£ô[39m should return theme and toggleTheme when used within ThemeProvider[32m 2[2mms[22m[39m
[31m     [31m├ù[31m should toggle theme[39m[32m 3[2mms[22m[39m
 [31mÔØ»[39m src/__tests__/components/LanguageSwitcher.test.tsx [2m([22m[2m3 tests[22m[2m | [22m[31m3 failed[39m[2m)[22m[32m 84[2mms[22m[39m
[31m     [31m├ù[31m should render and toggle language[39m[32m 76[2mms[22m[39m
[31m     [31m├ù[31m should display Finnish label when language is English[39m[32m 5[2mms[22m[39m
[31m     [31m├ù[31m should display English label when language is Finnish[39m[32m 2[2mms[22m[39m
 [31mÔØ»[39m src/__tests__/utils/analytics.test.ts [2m([22m[2m6 tests[22m[2m | [22m[31m6 failed[39m[2m)[22m[32m 5[2mms[22m[39m
[31m     [31m├ù[31m should call logEvent when tracking button click[39m[32m 2[2mms[22m[39m
[31m     [31m├ù[31m should call logEvent when tracking navigation[39m[32m 0[2mms[22m[39m
[31m     [31m├ù[31m should call logEvent when tracking section toggle[39m[32m 0[2mms[22m[39m
[31m     [31m├ù[31m should call logEvent when tracking theme change[39m[32m 0[2mms[22m[39m
[31m     [31m├ù[31m should call logEvent when tracking location request[39m[32m 0[2mms[22m[39m
[31m     [31m├ù[31m should call logEvent when tracking map interaction[39m[32m 0[2mms[22m[39m
 [31mÔØ»[39m src/__tests__/hooks/usePriceAlert.test.ts [2m([22m[2m5 tests[22m[2m | [22m[31m2 failed[39m[2m)[22m[32m 16[2mms[22m[39m
     [32mÔ£ô[39m should initialize with false alert state[32m 6[2mms[22m[39m
     [32mÔ£ô[39m should set alert when price is below threshold[32m 1[2mms[22m[39m
     [32mÔ£ô[39m should not set alert when price is above threshold[32m 1[2mms[22m[39m
[31m     [31m├ù[31m should reset alert after timeout[39m[32m 6[2mms[22m[39m
[31m     [31m├ù[31m should set alert when price drops from previous value[39m[32m 1[2mms[22m[39m
 [31mÔØ»[39m src/__tests__/components/StationList.test.tsx [2m([22m[2m2 tests[22m[2m | [22m[31m2 failed[39m[2m)[22m[32m 35[2mms[22m[39m
[31m     [31m├ù[31m should render empty message when no stations[39m[32m 14[2mms[22m[39m
[31m     [31m├ù[31m should render list of station cards[39m[32m 19[2mms[22m[39m

ÔÄ»ÔÄ»ÔÄ»ÔÄ»ÔÄ»ÔÄ»ÔÄ» Failed Tests 2 ÔÄ»ÔÄ»ÔÄ»ÔÄ»ÔÄ»ÔÄ»ÔÄ»

 FAIL  src/__tests__/components/StationList.test.tsx > StationList > should render empty message when no stations
TestingLibraryElementError: Unable to find an element with the text: stations.empty. This could be because the text is broken up by multiple elements. In this case, you can provide a function for your text matcher to make your matcher more flexible.

Ignored nodes: comments, script, style
<body>
  <div>
    <div
      class="text-center py-12 text-white/30 font-mono text-sm"
      id="station-list-empty"
    >
      No stations found
    </div>
  </div>
</body>
 ÔØ» Object.getElementError ../node_modules/@testing-library/dom/dist/config.js:37:19
 ÔØ» ../node_modules/@testing-library/dom/dist/query-helpers.js:76:38
 ÔØ» ../node_modules/@testing-library/dom/dist/query-helpers.js:52:17
 ÔØ» ../node_modules/@testing-library/dom/dist/query-helpers.js:95:19
 ÔØ» src/__tests__/components/StationList.test.tsx:40:19
     38|   it('should render empty message when no stations', () => {
     39|     render(<StationList stations={[]} fuelType="95" min={1.7} max={1.8ÔÇª
     40|     expect(screen.getByText('stations.empty')).toBeDefined();
       |                   ^
     41|   });
     42| 

ÔÄ»ÔÄ»ÔÄ»ÔÄ»ÔÄ»ÔÄ»ÔÄ»ÔÄ»ÔÄ»ÔÄ»ÔÄ»ÔÄ»ÔÄ»ÔÄ»ÔÄ»ÔÄ»ÔÄ»ÔÄ»ÔÄ»ÔÄ»ÔÄ»ÔÄ»ÔÄ»ÔÄ»[1/2]ÔÄ»

 FAIL  src/__tests__/components/StationList.test.tsx > StationList > should render list of station cards
TestingLibraryElementError: Unable to find an element with the text: stations.count. This could be because the text is broken up by multiple elements. In this case, you can provide a function for your text matcher to make your matcher more flexible.

Ignored nodes: comments, script, style
<body>
  <div>
    <div
      class="space-y-3"
      id="station-list"
    >
      <div
        class="flex items-center justify-between mb-2"
      >
        <span
          class="text-xs font-mono text-white/40 uppercase tracking-wider"
        >
          {{count}} stations
        </span>
        <span
          class="text-[10px] font-mono text-white/25"
        >
          Sorted by price
        </span>
      </div>
      <div
        class="grid grid-cols-1 md:grid-cols-2 lg:grid-cols-3 gap-3"
      >
        <div
          class="glass-card p-4 relative overflow-hidden "
          id="station-1"
        >
          <div
            class="absolute top-3 right-3 w-7 h-7 rounded-full bg-white/[0.06] border border-white/[0.1] flex items-center justify-center text-[10px] font-mono text-white/40 font-bold"
          >
            #
            1
          </div>
          <div
            class="flex items-start gap-3"
          >
            <div
              class="w-10 h-10 rounded-lg bg-white/[0.06] border border-white/[0.1] flex items-center justify-center text-lg flex-shrink-0"
            >
              Ôø¢
            </div>
            <div
              class="flex-1 min-w-0"
            >
              <h3
                class="font-bold text-sm text-white/90 truncate"
              >
                Station 1
              </h3>
              <p
                class="text-[11px] text-white/40 font-mono truncate"
              >
                Address 1
                , 
                City
              </p>
            </div>
          </div>
          <div
            class="mt-4 flex items-end justify-between"
          >
            <div>
              <span
                class="text-2xl md:text-3xl font-extrabold font-mono text-fuel-red transition-colors duration-300"
              >
                1.800
              </span>
              <span
                class="text-xs text-white/30 ml-1"
              >
                Ôé¼/L
              </span>
            </div>
          </div>
          <div
            class="mt-3 pt-3 border-t border-white/[0.06] flex justify-between text-[10px] font-mono text-white/35"
          >
            <span
              class="text-white/70 font-bold"
            >
              95
              : 
              1.800
            </span>
          </div>
        </div>
        <div
          class="glass-card p-4 relative overflow-hidden animate-price-pulse"
          id="station-2"
          style="border-color: rgba(0, 255, 136, 0.25);"
        >
          <div
            class="absolute top-3 right-3 w-7 h-7 rounded-full bg-white/[0.06] border border-white/[0.1] flex items-center justify-center text-[10px] font-mono text-white/40 font-bold"
          >
            #
            2
          </div>
          <div
            class="absolute -top-10 -right-10 w-28 h-28 rounded-full blur-[50px] opacity-20 pointer-events-none"
            style="background: rgb(0, 255, 136);"
          />
          <div
            class="flex items-start gap-3"
          >
            <div
              class="w-10 h-10 rounded-lg bg-white/[0.06] border border-white/[0.1] flex items-center justify-center text-lg flex-shrink-0"
            >
              Ôø¢
            </div>
            <div
              class="flex-1 min-w-0"
            >
              <h3
                class="font-bold text-sm text-white/90 truncate"
              >
                Station 2
              </h3>
              <p
                class="text-[11px] text-white/40 font-mono truncate"
              >
                Address 2
                , 
                City
              </p>
            </div>
          </div>
          <div
            class="mt-4 flex items-end justify-between"
          >
            <div>
              <span
                class="text-2xl md:text-3xl font-extrabold font-mono text-fuel-green transition-colors duration-300"
              >
                1.700
              </span>
              <span
                class="text-xs text-white/30 ml-1"
              >
                Ôé¼/L
              </span>
            </div>
          </div>
          <div
            class="mt-3 pt-3 border-t border-white/[0.06] flex justify-between text-[10px] font-mono text-white/35"
          >
            <span
              class="text-white/70 font-bold"
            >
              95
              : 
              1.700
            </span>
          </div>
        </div>
      </div>
    </div>
  </div>
</body>
 ÔØ» Object.getElementError ../node_modules/@testing-library/dom/dist/config.js:37:19
 ÔØ» ../node_modules/@testing-library/dom/dist/query-helpers.js:76:38
 ÔØ» ../node_modules/@testing-library/dom/dist/query-helpers.js:52:17
 ÔØ» ../node_modules/@testing-library/dom/dist/query-helpers.js:95:19
 ÔØ» src/__tests__/components/StationList.test.tsx:46:19
     44|     render(<StationList stations={mockStations} fuelType="95" min={1.7ÔÇª
     45|     
     46|     expect(screen.getByText('stations.count')).toBeDefined();
       |                   ^
     47|     
     48|     const cards = screen.getAllByTestId('station-card');

ÔÄ»ÔÄ»ÔÄ»ÔÄ»ÔÄ»ÔÄ»ÔÄ»ÔÄ»ÔÄ»ÔÄ»ÔÄ»ÔÄ»ÔÄ»ÔÄ»ÔÄ»ÔÄ»ÔÄ»ÔÄ»ÔÄ»ÔÄ»ÔÄ»ÔÄ»ÔÄ»ÔÄ»[2/2]ÔÄ»


[2m Test Files [22m [1m[31m5 failed[39m[22m[90m (5)[39m
[2m      Tests [22m [1m[31m14 failed[39m[22m[2m | [22m[1m[32m5 passed[39m[22m[90m (19)[39m
[2m   Start at [22m 20:08:26
[2m   Duration [22m 221ms

[1m[41m FAIL [49m[22m [31mTests failed. Watching for file changes...[39m
       [2mpress [22m[1mh[22m[2m to show help[22m[2m, [22m[2mpress [22m[1mq[22m[2m to quit[22m
c[3J[1m[44m RERUN [49m[22m [34m[2msrc/__tests__/components/StationList.test.tsx [22m[34mx2 [34m[39m

 [31mÔØ»[39m src/__tests__/hooks/useTheme.test.tsx [2m([22m[2m3 tests[22m[2m | [22m[31m1 failed[39m[2m)[22m[32m 16[2mms[22m[39m
     [32mÔ£ô[39m should throw error when used outside ThemeProvider[32m 10[2mms[22m[39m
     [32mÔ£ô[39m should return theme and toggleTheme when used within ThemeProvider[32m 2[2mms[22m[39m
[31m     [31m├ù[31m should toggle theme[39m[32m 3[2mms[22m[39m
 [31mÔØ»[39m src/__tests__/components/LanguageSwitcher.test.tsx [2m([22m[2m3 tests[22m[2m | [22m[31m3 failed[39m[2m)[22m[32m 84[2mms[22m[39m
[31m     [31m├ù[31m should render and toggle language[39m[32m 76[2mms[22m[39m
[31m     [31m├ù[31m should display Finnish label when language is English[39m[32m 5[2mms[22m[39m
[31m     [31m├ù[31m should display English label when language is Finnish[39m[32m 2[2mms[22m[39m
 [31mÔØ»[39m src/__tests__/utils/analytics.test.ts [2m([22m[2m6 tests[22m[2m | [22m[31m6 failed[39m[2m)[22m[32m 5[2mms[22m[39m
[31m     [31m├ù[31m should call logEvent when tracking button click[39m[32m 2[2mms[22m[39m
[31m     [31m├ù[31m should call logEvent when tracking navigation[39m[32m 0[2mms[22m[39m
[31m     [31m├ù[31m should call logEvent when tracking section toggle[39m[32m 0[2mms[22m[39m
[31m     [31m├ù[31m should call logEvent when tracking theme change[39m[32m 0[2mms[22m[39m
[31m     [31m├ù[31m should call logEvent when tracking location request[39m[32m 0[2mms[22m[39m
[31m     [31m├ù[31m should call logEvent when tracking map interaction[39m[32m 0[2mms[22m[39m
 [31mÔØ»[39m src/__tests__/hooks/usePriceAlert.test.ts [2m([22m[2m5 tests[22m[2m | [22m[31m2 failed[39m[2m)[22m[32m 16[2mms[22m[39m
     [32mÔ£ô[39m should initialize with false alert state[32m 6[2mms[22m[39m
     [32mÔ£ô[39m should set alert when price is below threshold[32m 1[2mms[22m[39m
     [32mÔ£ô[39m should not set alert when price is above threshold[32m 1[2mms[22m[39m
[31m     [31m├ù[31m should reset alert after timeout[39m[32m 6[2mms[22m[39m
[31m     [31m├ù[31m should set alert when price drops from previous value[39m[32m 1[2mms[22m[39m
 [31mÔØ»[39m src/__tests__/components/StationList.test.tsx [2m([22m[2m2 tests[22m[2m | [22m[31m2 failed[39m[2m)[22m[32m 19[2mms[22m[39m
[31m     [31m├ù[31m should render empty message when no stations[39m[32m 15[2mms[22m[39m
[31m     [31m├ù[31m should render list of station cards[39m[32m 3[2mms[22m[39m

ÔÄ»ÔÄ»ÔÄ»ÔÄ»ÔÄ»ÔÄ»ÔÄ» Failed Tests 2 ÔÄ»ÔÄ»ÔÄ»ÔÄ»ÔÄ»ÔÄ»ÔÄ»

 FAIL  src/__tests__/components/StationList.test.tsx > StationList > should render empty message when no stations
TestingLibraryElementError: Unable to find an element with the text: stations.empty. This could be because the text is broken up by multiple elements. In this case, you can provide a function for your text matcher to make your matcher more flexible.

Ignored nodes: comments, script, style
<body>
  <div>
    <div
      class="text-center py-12 text-white/30 font-mono text-sm"
      id="station-list-empty"
    >
      No stations found
    </div>
  </div>
</body>
 ÔØ» Object.getElementError ../node_modules/@testing-library/dom/dist/config.js:37:19
 ÔØ» ../node_modules/@testing-library/dom/dist/query-helpers.js:76:38
 ÔØ» ../node_modules/@testing-library/dom/dist/query-helpers.js:52:17
 ÔØ» ../node_modules/@testing-library/dom/dist/query-helpers.js:95:19
 ÔØ» src/__tests__/components/StationList.test.tsx:40:19
     38|   it('should render empty message when no stations', () => {
     39|     render(<StationList stations={[]} fuelType="95" min={1.7} max={1.8ÔÇª
     40|     expect(screen.getByText('stations.empty')).toBeDefined();
       |                   ^
     41|   });
     42| 

ÔÄ»ÔÄ»ÔÄ»ÔÄ»ÔÄ»ÔÄ»ÔÄ»ÔÄ»ÔÄ»ÔÄ»ÔÄ»ÔÄ»ÔÄ»ÔÄ»ÔÄ»ÔÄ»ÔÄ»ÔÄ»ÔÄ»ÔÄ»ÔÄ»ÔÄ»ÔÄ»ÔÄ»[1/2]ÔÄ»

 FAIL  src/__tests__/components/StationList.test.tsx > StationList > should render list of station cards
TestingLibraryElementError: Unable to find an element with the text: stations.count. This could be because the text is broken up by multiple elements. In this case, you can provide a function for your text matcher to make your matcher more flexible.

Ignored nodes: comments, script, style
<body>
  <div>
    <div
      class="space-y-3"
      id="station-list"
    >
      <div
        class="flex items-center justify-between mb-2"
      >
        <span
          class="text-xs font-mono text-white/40 uppercase tracking-wider"
        >
          {{count}} stations
        </span>
        <span
          class="text-[10px] font-mono text-white/25"
        >
          Sorted by price
        </span>
      </div>
      <div
        class="grid grid-cols-1 md:grid-cols-2 lg:grid-cols-3 gap-3"
      >
        <div
          data-testid="station-card"
        >
          1
          . 
          Station 1
        </div>
        <div
          data-testid="station-card"
        >
          2
          . 
          Station 2
        </div>
      </div>
    </div>
  </div>
</body>
 ÔØ» Object.getElementError ../node_modules/@testing-library/dom/dist/config.js:37:19
 ÔØ» ../node_modules/@testing-library/dom/dist/query-helpers.js:76:38
 ÔØ» ../node_modules/@testing-library/dom/dist/query-helpers.js:52:17
 ÔØ» ../node_modules/@testing-library/dom/dist/query-helpers.js:95:19
 ÔØ» src/__tests__/components/StationList.test.tsx:46:19
     44|     render(<StationList stations={mockStations} fuelType="95" min={1.7ÔÇª
     45|     
     46|     expect(screen.getByText('stations.count')).toBeDefined();
       |                   ^
     47|     
     48|     const cards = screen.getAllByTestId('station-card');

ÔÄ»ÔÄ»ÔÄ»ÔÄ»ÔÄ»ÔÄ»ÔÄ»ÔÄ»ÔÄ»ÔÄ»ÔÄ»ÔÄ»ÔÄ»ÔÄ»ÔÄ»ÔÄ»ÔÄ»ÔÄ»ÔÄ»ÔÄ»ÔÄ»ÔÄ»ÔÄ»ÔÄ»[2/2]ÔÄ»


[2m Test Files [22m [1m[31m5 failed[39m[22m[90m (5)[39m
[2m      Tests [22m [1m[31m14 failed[39m[22m[2m | [22m[1m[32m5 passed[39m[22m[90m (19)[39m
[2m   Start at [22m 20:08:30
[2m   Duration [22m 183ms

[1m[41m FAIL [49m[22m [31mTests failed. Watching for file changes...[39m
       [2mpress [22m[1mh[22m[2m to show help[22m[2m, [22m[2mpress [22m[1mq[22m[2m to quit[22m
c[3J[1m[44m RERUN [49m[22m [34m[2msrc/__tests__/components/NotificationPermission.test.tsx [22m[34mx1 [34m[39m

 [31mÔØ»[39m src/__tests__/hooks/useTheme.test.tsx [2m([22m[2m3 tests[22m[2m | [22m[31m1 failed[39m[2m)[22m[32m 16[2mms[22m[39m
     [32mÔ£ô[39m should throw error when used outside ThemeProvider[32m 10[2mms[22m[39m
     [32mÔ£ô[39m should return theme and toggleTheme when used within ThemeProvider[32m 2[2mms[22m[39m
[31m     [31m├ù[31m should toggle theme[39m[32m 3[2mms[22m[39m
 [31mÔØ»[39m src/__tests__/components/LanguageSwitcher.test.tsx [2m([22m[2m3 tests[22m[2m | [22m[31m3 failed[39m[2m)[22m[32m 84[2mms[22m[39m
[31m     [31m├ù[31m should render and toggle language[39m[32m 76[2mms[22m[39m
[31m     [31m├ù[31m should display Finnish label when language is English[39m[32m 5[2mms[22m[39m
[31m     [31m├ù[31m should display English label when language is Finnish[39m[32m 2[2mms[22m[39m
 [31mÔØ»[39m src/__tests__/utils/analytics.test.ts [2m([22m[2m6 tests[22m[2m | [22m[31m6 failed[39m[2m)[22m[32m 5[2mms[22m[39m
[31m     [31m├ù[31m should call logEvent when tracking button click[39m[32m 2[2mms[22m[39m
[31m     [31m├ù[31m should call logEvent when tracking navigation[39m[32m 0[2mms[22m[39m
[31m     [31m├ù[31m should call logEvent when tracking section toggle[39m[32m 0[2mms[22m[39m
[31m     [31m├ù[31m should call logEvent when tracking theme change[39m[32m 0[2mms[22m[39m
[31m     [31m├ù[31m should call logEvent when tracking location request[39m[32m 0[2mms[22m[39m
[31m     [31m├ù[31m should call logEvent when tracking map interaction[39m[32m 0[2mms[22m[39m
 [31mÔØ»[39m src/__tests__/hooks/usePriceAlert.test.ts [2m([22m[2m5 tests[22m[2m | [22m[31m2 failed[39m[2m)[22m[32m 16[2mms[22m[39m
     [32mÔ£ô[39m should initialize with false alert state[32m 6[2mms[22m[39m
     [32mÔ£ô[39m should set alert when price is below threshold[32m 1[2mms[22m[39m
     [32mÔ£ô[39m should not set alert when price is above threshold[32m 1[2mms[22m[39m
[31m     [31m├ù[31m should reset alert after timeout[39m[32m 6[2mms[22m[39m
[31m     [31m├ù[31m should set alert when price drops from previous value[39m[32m 1[2mms[22m[39m
 [31mÔØ»[39m src/__tests__/components/StationList.test.tsx [2m([22m[2m2 tests[22m[2m | [22m[31m2 failed[39m[2m)[22m[32m 19[2mms[22m[39m
[31m     [31m├ù[31m should render empty message when no stations[39m[32m 15[2mms[22m[39m
[31m     [31m├ù[31m should render list of station cards[39m[32m 3[2mms[22m[39m
 [31mÔØ»[39m src/__tests__/components/NotificationPermission.test.tsx [2m([22m[2m5 tests[22m[2m | [22m[31m5 failed[39m[2m)[22m[32m 104[2mms[22m[39m
[31m     [31m├ù[31m should render permission prompt when permission is default[39m[32m 17[2mms[22m[39m
[31m     [31m├ù[31m should handle successful permission request[39m[32m 66[2mms[22m[39m
[31m     [31m├ù[31m should handle denied permission request[39m[32m 17[2mms[22m[39m
[31m     [31m├ù[31m should show enabled state if already granted[39m[32m 2[2mms[22m[39m
[31m     [31m├ù[31m should show denied state if already denied[39m[32m 2[2mms[22m[39m

ÔÄ»ÔÄ»ÔÄ»ÔÄ»ÔÄ»ÔÄ»ÔÄ» Failed Tests 5 ÔÄ»ÔÄ»ÔÄ»ÔÄ»ÔÄ»ÔÄ»ÔÄ»

 FAIL  src/__tests__/components/NotificationPermission.test.tsx > NotificationPermission > should render permission prompt when permission is default
TestingLibraryElementError: Unable to find an element with the text: notifications.prompt_title. This could be because the text is broken up by multiple elements. In this case, you can provide a function for your text matcher to make your matcher more flexible.

Ignored nodes: comments, script, style
<body>
  <div>
    <div
      class="glass-card p-5"
      id="notification-prompt"
    >
      <div
        class="flex items-start gap-4"
      >
        <span
          class="text-3xl"
        >
          ­ƒöö
        </span>
        <div
          class="flex-1"
        >
          <h3
            class="font-bold text-sm text-white/90"
          >
            Get price drop alerts
          </h3>
          <p
            class="text-[11px] text-white/40 font-mono mt-1"
          >
            Receive notifications when fuel prices drop below your threshold
          </p>
          <button
            class="mt-3 px-5 py-2 bg-fuel-green/20 border border-fuel-green/40 rounded-lg text-fuel-green text-sm font-semibold hover:bg-fuel-green/30 transition-all duration-300 cursor-pointer disabled:opacity-50"
          >
            Enable Alerts
          </button>
        </div>
      </div>
    </div>
  </div>
</body>
 ÔØ» Object.getElementError ../node_modules/@testing-library/dom/dist/config.js:37:19
 ÔØ» ../node_modules/@testing-library/dom/dist/query-helpers.js:76:38
 ÔØ» ../node_modules/@testing-library/dom/dist/query-helpers.js:52:17
 ÔØ» ../node_modules/@testing-library/dom/dist/query-helpers.js:95:19
 ÔØ» src/__tests__/components/NotificationPermission.test.tsx:20:19
     18|   it('should render permission prompt when permission is default', () ÔÇª
     19|     render(<NotificationPermission />);
     20|     expect(screen.getByText('notifications.prompt_title')).toBeDefinedÔÇª
       |                   ^
     21|     expect(screen.getByRole('button')).toBeDefined();
     22|   });

ÔÄ»ÔÄ»ÔÄ»ÔÄ»ÔÄ»ÔÄ»ÔÄ»ÔÄ»ÔÄ»ÔÄ»ÔÄ»ÔÄ»ÔÄ»ÔÄ»ÔÄ»ÔÄ»ÔÄ»ÔÄ»ÔÄ»ÔÄ»ÔÄ»ÔÄ»ÔÄ»ÔÄ»[1/5]ÔÄ»

 FAIL  src/__tests__/components/NotificationPermission.test.tsx > NotificationPermission > should handle successful permission request
TestingLibraryElementError: Unable to find an element with the text: notifications.enabled. This could be because the text is broken up by multiple elements. In this case, you can provide a function for your text matcher to make your matcher more flexible.

Ignored nodes: comments, script, style
<body>
  <div>
    <div
      class="glass-card p-4 flex items-center gap-3"
      id="notification-enabled"
    >
      <span
        class="text-2xl"
      >
        ­ƒöö
      </span>
      <div>
        <p
          class="text-sm font-semibold text-fuel-green"
        >
          Price drop alerts enabled
        </p>
        <p
          class="text-[11px] text-white/40 font-mono"
        >
          You'll be notified when prices drop significantly
        </p>
      </div>
    </div>
  </div>
</body>
 ÔØ» Object.getElementError ../node_modules/@testing-library/dom/dist/config.js:37:19
 ÔØ» ../node_modules/@testing-library/dom/dist/query-helpers.js:76:38
 ÔØ» ../node_modules/@testing-library/dom/dist/query-helpers.js:52:17
 ÔØ» ../node_modules/@testing-library/dom/dist/query-helpers.js:95:19
 ÔØ» src/__tests__/components/NotificationPermission.test.tsx:36:19
     34|     expect(mockNotification.requestPermission).toHaveBeenCalled();
     35|     // After granted, it should show the enabled state
     36|     expect(screen.getByText('notifications.enabled')).toBeDefined();
       |                   ^
     37|   });
     38| 

ÔÄ»ÔÄ»ÔÄ»ÔÄ»ÔÄ»ÔÄ»ÔÄ»ÔÄ»ÔÄ»ÔÄ»ÔÄ»ÔÄ»ÔÄ»ÔÄ»ÔÄ»ÔÄ»ÔÄ»ÔÄ»ÔÄ»ÔÄ»ÔÄ»ÔÄ»ÔÄ»ÔÄ»[2/5]ÔÄ»

 FAIL  src/__tests__/components/NotificationPermission.test.tsx > NotificationPermission > should handle denied permission request
TestingLibraryElementError: Unable to find an element with the text: notifications.denied. This could be because the text is broken up by multiple elements. In this case, you can provide a function for your text matcher to make your matcher more flexible.

Ignored nodes: comments, script, style
<body>
  <div>
    <div
      class="glass-card p-4 flex items-center gap-3"
      id="notification-denied"
    >
      <span
        class="text-2xl"
      >
        ­ƒöò
      </span>
      <div>
        <p
          class="text-sm font-semibold text-white/50"
        >
          Notifications blocked
        </p>
        <p
          class="text-[11px] text-white/30 font-mono"
        >
          Enable in browser settings to receive price alerts
        </p>
      </div>
    </div>
  </div>
</body>
 ÔØ» Object.getElementError ../node_modules/@testing-library/dom/dist/config.js:37:19
 ÔØ» ../node_modules/@testing-library/dom/dist/query-helpers.js:76:38
 ÔØ» ../node_modules/@testing-library/dom/dist/query-helpers.js:52:17
 ÔØ» ../node_modules/@testing-library/dom/dist/query-helpers.js:95:19
 ÔØ» src/__tests__/components/NotificationPermission.test.tsx:50:19
     48| 
     49|     expect(mockNotification.requestPermission).toHaveBeenCalled();
     50|     expect(screen.getByText('notifications.denied')).toBeDefined();
       |                   ^
     51|   });
     52| 

ÔÄ»ÔÄ»ÔÄ»ÔÄ»ÔÄ»ÔÄ»ÔÄ»ÔÄ»ÔÄ»ÔÄ»ÔÄ»ÔÄ»ÔÄ»ÔÄ»ÔÄ»ÔÄ»ÔÄ»ÔÄ»ÔÄ»ÔÄ»ÔÄ»ÔÄ»ÔÄ»ÔÄ»[3/5]ÔÄ»

 FAIL  src/__tests__/components/NotificationPermission.test.tsx > NotificationPermission > should show enabled state if already granted
TestingLibraryElementError: Unable to find an element with the text: notifications.enabled. This could be because the text is broken up by multiple elements. In this case, you can provide a function for your text matcher to make your matcher more flexible.

Ignored nodes: comments, script, style
<body>
  <div>
    <div
      class="glass-card p-4 flex items-center gap-3"
      id="notification-enabled"
    >
      <span
        class="text-2xl"
      >
        ­ƒöö
      </span>
      <div>
        <p
          class="text-sm font-semibold text-fuel-green"
        >
          Price drop alerts enabled
        </p>
        <p
          class="text-[11px] text-white/40 font-mono"
        >
          You'll be notified when prices drop significantly
        </p>
      </div>
    </div>
  </div>
</body>
 ÔØ» Object.getElementError ../node_modules/@testing-library/dom/dist/config.js:37:19
 ÔØ» ../node_modules/@testing-library/dom/dist/query-helpers.js:76:38
 ÔØ» ../node_modules/@testing-library/dom/dist/query-helpers.js:52:17
 ÔØ» ../node_modules/@testing-library/dom/dist/query-helpers.js:95:19
 ÔØ» src/__tests__/components/NotificationPermission.test.tsx:56:19
     54|     mockNotification.permission = 'granted';
     55|     render(<NotificationPermission />);
     56|     expect(screen.getByText('notifications.enabled')).toBeDefined();
       |                   ^
     57|   });
     58| 

ÔÄ»ÔÄ»ÔÄ»ÔÄ»ÔÄ»ÔÄ»ÔÄ»ÔÄ»ÔÄ»ÔÄ»ÔÄ»ÔÄ»ÔÄ»ÔÄ»ÔÄ»ÔÄ»ÔÄ»ÔÄ»ÔÄ»ÔÄ»ÔÄ»ÔÄ»ÔÄ»ÔÄ»[4/5]ÔÄ»

 FAIL  src/__tests__/components/NotificationPermission.test.tsx > NotificationPermission > should show denied state if already denied
TestingLibraryElementError: Unable to find an element with the text: notifications.denied. This could be because the text is broken up by multiple elements. In this case, you can provide a function for your text matcher to make your matcher more flexible.

Ignored nodes: comments, script, style
<body>
  <div>
    <div
      class="glass-card p-4 flex items-center gap-3"
      id="notification-denied"
    >
      <span
        class="text-2xl"
      >
        ­ƒöò
      </span>
      <div>
        <p
          class="text-sm font-semibold text-white/50"
        >
          Notifications blocked
        </p>
        <p
          class="text-[11px] text-white/30 font-mono"
        >
          Enable in browser settings to receive price alerts
        </p>
      </div>
    </div>
  </div>
</body>
 ÔØ» Object.getElementError ../node_modules/@testing-library/dom/dist/config.js:37:19
 ÔØ» ../node_modules/@testing-library/dom/dist/query-helpers.js:76:38
 ÔØ» ../node_modules/@testing-library/dom/dist/query-helpers.js:52:17
 ÔØ» ../node_modules/@testing-library/dom/dist/query-helpers.js:95:19
 ÔØ» src/__tests__/components/NotificationPermission.test.tsx:62:19
     60|     mockNotification.permission = 'denied';
     61|     render(<NotificationPermission />);
     62|     expect(screen.getByText('notifications.denied')).toBeDefined();
       |                   ^
     63|   });
     64| });

ÔÄ»ÔÄ»ÔÄ»ÔÄ»ÔÄ»ÔÄ»ÔÄ»ÔÄ»ÔÄ»ÔÄ»ÔÄ»ÔÄ»ÔÄ»ÔÄ»ÔÄ»ÔÄ»ÔÄ»ÔÄ»ÔÄ»ÔÄ»ÔÄ»ÔÄ»ÔÄ»ÔÄ»[5/5]ÔÄ»


[2m Test Files [22m [1m[31m6 failed[39m[22m[90m (6)[39m
[2m      Tests [22m [1m[31m19 failed[39m[22m[2m | [22m[1m[32m5 passed[39m[22m[90m (24)[39m
[2m   Start at [22m 20:08:39
[2m   Duration [22m 298ms

[1m[41m FAIL [49m[22m [31mTests failed. Watching for file changes...[39m
       [2mpress [22m[1mh[22m[2m to show help[22m[2m, [22m[2mpress [22m[1mq[22m[2m to quit[22m
c[3J[1m[44m RERUN [49m[22m [34m[2msrc/__tests__/utils/analytics.test.ts [22m[34mx2 [34m[39m

 [31mÔØ»[39m src/__tests__/hooks/useTheme.test.tsx [2m([22m[2m3 tests[22m[2m | [22m[31m1 failed[39m[2m)[22m[32m 16[2mms[22m[39m
     [32mÔ£ô[39m should throw error when used outside ThemeProvider[32m 10[2mms[22m[39m
     [32mÔ£ô[39m should return theme and toggleTheme when used within ThemeProvider[32m 2[2mms[22m[39m
[31m     [31m├ù[31m should toggle theme[39m[32m 3[2mms[22m[39m
 [31mÔØ»[39m src/__tests__/components/LanguageSwitcher.test.tsx [2m([22m[2m3 tests[22m[2m | [22m[31m3 failed[39m[2m)[22m[32m 84[2mms[22m[39m
[31m     [31m├ù[31m should render and toggle language[39m[32m 76[2mms[22m[39m
[31m     [31m├ù[31m should display Finnish label when language is English[39m[32m 5[2mms[22m[39m
[31m     [31m├ù[31m should display English label when language is Finnish[39m[32m 2[2mms[22m[39m
 [31mÔØ»[39m src/__tests__/hooks/usePriceAlert.test.ts [2m([22m[2m5 tests[22m[2m | [22m[31m2 failed[39m[2m)[22m[32m 16[2mms[22m[39m
     [32mÔ£ô[39m should initialize with false alert state[32m 6[2mms[22m[39m
     [32mÔ£ô[39m should set alert when price is below threshold[32m 1[2mms[22m[39m
     [32mÔ£ô[39m should not set alert when price is above threshold[32m 1[2mms[22m[39m
[31m     [31m├ù[31m should reset alert after timeout[39m[32m 6[2mms[22m[39m
[31m     [31m├ù[31m should set alert when price drops from previous value[39m[32m 1[2mms[22m[39m
 [31mÔØ»[39m src/__tests__/components/StationList.test.tsx [2m([22m[2m2 tests[22m[2m | [22m[31m2 failed[39m[2m)[22m[32m 19[2mms[22m[39m
[31m     [31m├ù[31m should render empty message when no stations[39m[32m 15[2mms[22m[39m
[31m     [31m├ù[31m should render list of station cards[39m[32m 3[2mms[22m[39m
 [31mÔØ»[39m src/__tests__/components/NotificationPermission.test.tsx [2m([22m[2m5 tests[22m[2m | [22m[31m5 failed[39m[2m)[22m[32m 104[2mms[22m[39m
[31m     [31m├ù[31m should render permission prompt when permission is default[39m[32m 17[2mms[22m[39m
[31m     [31m├ù[31m should handle successful permission request[39m[32m 66[2mms[22m[39m
[31m     [31m├ù[31m should handle denied permission request[39m[32m 17[2mms[22m[39m
[31m     [31m├ù[31m should show enabled state if already granted[39m[32m 2[2mms[22m[39m
[31m     [31m├ù[31m should show denied state if already denied[39m[32m 2[2mms[22m[39m
 [32mÔ£ô[39m src/__tests__/utils/analytics.test.ts [2m([22m[2m6 tests[22m[2m)[22m[32m 3[2mms[22m[39m

[2m Test Files [22m [1m[31m5 failed[39m[22m[2m | [22m[1m[32m1 passed[39m[22m[90m (6)[39m
[2m      Tests [22m [1m[31m13 failed[39m[22m[2m | [22m[1m[32m11 passed[39m[22m[90m (24)[39m
[2m   Start at [22m 20:08:52
[2m   Duration [22m 83ms

[1m[42m PASS [49m[22m [32mWaiting for file changes...[39m
       [2mpress [22m[1mh[22m[2m to show help[22m[2m, [22m[2mpress [22m[1mq[22m[2m to quit[22m
c[3J[1m[44m RERUN [49m[22m [34m[2msrc/__tests__/utils/analytics.test.ts [22m[34mx3 [34m[39m

 [31mÔØ»[39m src/__tests__/hooks/useTheme.test.tsx [2m([22m[2m3 tests[22m[2m | [22m[31m1 failed[39m[2m)[22m[32m 16[2mms[22m[39m
     [32mÔ£ô[39m should throw error when used outside ThemeProvider[32m 10[2mms[22m[39m
     [32mÔ£ô[39m should return theme and toggleTheme when used within ThemeProvider[32m 2[2mms[22m[39m
[31m     [31m├ù[31m should toggle theme[39m[32m 3[2mms[22m[39m
 [31mÔØ»[39m src/__tests__/components/LanguageSwitcher.test.tsx [2m([22m[2m3 tests[22m[2m | [22m[31m3 failed[39m[2m)[22m[32m 84[2mms[22m[39m
[31m     [31m├ù[31m should render and toggle language[39m[32m 76[2mms[22m[39m
[31m     [31m├ù[31m should display Finnish label when language is English[39m[32m 5[2mms[22m[39m
[31m     [31m├ù[31m should display English label when language is Finnish[39m[32m 2[2mms[22m[39m
 [31mÔØ»[39m src/__tests__/hooks/usePriceAlert.test.ts [2m([22m[2m5 tests[22m[2m | [22m[31m2 failed[39m[2m)[22m[32m 16[2mms[22m[39m
     [32mÔ£ô[39m should initialize with false alert state[32m 6[2mms[22m[39m
     [32mÔ£ô[39m should set alert when price is below threshold[32m 1[2mms[22m[39m
     [32mÔ£ô[39m should not set alert when price is above threshold[32m 1[2mms[22m[39m
[31m     [31m├ù[31m should reset alert after timeout[39m[32m 6[2mms[22m[39m
[31m     [31m├ù[31m should set alert when price drops from previous value[39m[32m 1[2mms[22m[39m
 [31mÔØ»[39m src/__tests__/components/StationList.test.tsx [2m([22m[2m2 tests[22m[2m | [22m[31m2 failed[39m[2m)[22m[32m 19[2mms[22m[39m
[31m     [31m├ù[31m should render empty message when no stations[39m[32m 15[2mms[22m[39m
[31m     [31m├ù[31m should render list of station cards[39m[32m 3[2mms[22m[39m
 [31mÔØ»[39m src/__tests__/components/NotificationPermission.test.tsx [2m([22m[2m5 tests[22m[2m | [22m[31m5 failed[39m[2m)[22m[32m 104[2mms[22m[39m
[31m     [31m├ù[31m should render permission prompt when permission is default[39m[32m 17[2mms[22m[39m
[31m     [31m├ù[31m should handle successful permission request[39m[32m 66[2mms[22m[39m
[31m     [31m├ù[31m should handle denied permission request[39m[32m 17[2mms[22m[39m
[31m     [31m├ù[31m should show enabled state if already granted[39m[32m 2[2mms[22m[39m
[31m     [31m├ù[31m should show denied state if already denied[39m[32m 2[2mms[22m[39m
 [32mÔ£ô[39m src/__tests__/utils/analytics.test.ts [2m([22m[2m9 tests[22m[2m)[22m[32m 3[2mms[22m[39m

[2m Test Files [22m [1m[31m5 failed[39m[22m[2m | [22m[1m[32m1 passed[39m[22m[90m (6)[39m
[2m      Tests [22m [1m[31m13 failed[39m[22m[2m | [22m[1m[32m14 passed[39m[22m[90m (27)[39m
[2m   Start at [22m 20:09:03
[2m   Duration [22m 72ms

[1m[42m PASS [49m[22m [32mWaiting for file changes...[39m
       [2mpress [22m[1mh[22m[2m to show help[22m[2m, [22m[2mpress [22m[1mq[22m[2m to quit[22m
c[3J[1m[44m RERUN [49m[22m [34m[2msrc/utils/priceUtils.ts [22m[39m

 [31mÔØ»[39m src/__tests__/hooks/useTheme.test.tsx [2m([22m[2m3 tests[22m[2m | [22m[31m1 failed[39m[2m)[22m[32m 16[2mms[22m[39m
     [32mÔ£ô[39m should throw error when used outside ThemeProvider[32m 10[2mms[22m[39m
     [32mÔ£ô[39m should return theme and toggleTheme when used within ThemeProvider[32m 2[2mms[22m[39m
[31m     [31m├ù[31m should toggle theme[39m[32m 3[2mms[22m[39m
 [31mÔØ»[39m src/__tests__/components/LanguageSwitcher.test.tsx [2m([22m[2m3 tests[22m[2m | [22m[31m3 failed[39m[2m)[22m[32m 84[2mms[22m[39m
[31m     [31m├ù[31m should render and toggle language[39m[32m 76[2mms[22m[39m
[31m     [31m├ù[31m should display Finnish label when language is English[39m[32m 5[2mms[22m[39m
[31m     [31m├ù[31m should display English label when language is Finnish[39m[32m 2[2mms[22m[39m
 [31mÔØ»[39m src/__tests__/hooks/usePriceAlert.test.ts [2m([22m[2m5 tests[22m[2m | [22m[31m2 failed[39m[2m)[22m[32m 16[2mms[22m[39m
     [32mÔ£ô[39m should initialize with false alert state[32m 6[2mms[22m[39m
     [32mÔ£ô[39m should set alert when price is below threshold[32m 1[2mms[22m[39m
     [32mÔ£ô[39m should not set alert when price is above threshold[32m 1[2mms[22m[39m
[31m     [31m├ù[31m should reset alert after timeout[39m[32m 6[2mms[22m[39m
[31m     [31m├ù[31m should set alert when price drops from previous value[39m[32m 1[2mms[22m[39m
 [31mÔØ»[39m src/__tests__/components/NotificationPermission.test.tsx [2m([22m[2m5 tests[22m[2m | [22m[31m5 failed[39m[2m)[22m[32m 104[2mms[22m[39m
[31m     [31m├ù[31m should render permission prompt when permission is default[39m[32m 17[2mms[22m[39m
[31m     [31m├ù[31m should handle successful permission request[39m[32m 66[2mms[22m[39m
[31m     [31m├ù[31m should handle denied permission request[39m[32m 17[2mms[22m[39m
[31m     [31m├ù[31m should show enabled state if already granted[39m[32m 2[2mms[22m[39m
[31m     [31m├ù[31m should show denied state if already denied[39m[32m 2[2mms[22m[39m
 [32mÔ£ô[39m src/__tests__/utils/priceUtils.test.ts [2m([22m[2m14 tests[22m[2m)[22m[32m 5[2mms[22m[39m
 [31mÔØ»[39m src/__tests__/components/StationList.test.tsx [2m([22m[2m2 tests[22m[2m | [22m[31m2 failed[39m[2m)[22m[32m 29[2mms[22m[39m
[31m     [31m├ù[31m should render empty message when no stations[39m[32m 21[2mms[22m[39m
[31m     [31m├ù[31m should render list of station cards[39m[32m 6[2mms[22m[39m
 [32mÔ£ô[39m src/__tests__/components/FuelTypeSelector.test.tsx [2m([22m[2m3 tests[22m[2m)[22m[32m 36[2mms[22m[39m
 [32mÔ£ô[39m src/__tests__/components/PriceGauge.test.tsx [2m([22m[2m7 tests[22m[2m)[22m[32m 51[2mms[22m[39m
 [32mÔ£ô[39m src/__tests__/components/StationCard.test.tsx [2m([22m[2m6 tests[22m[2m)[22m[32m 58[2mms[22m[39m

ÔÄ»ÔÄ»ÔÄ»ÔÄ»ÔÄ»ÔÄ»ÔÄ» Failed Tests 2 ÔÄ»ÔÄ»ÔÄ»ÔÄ»ÔÄ»ÔÄ»ÔÄ»

 FAIL  src/__tests__/components/StationList.test.tsx > StationList > should render empty message when no stations
TestingLibraryElementError: Unable to find an element with the text: stations.empty. This could be because the text is broken up by multiple elements. In this case, you can provide a function for your text matcher to make your matcher more flexible.

Ignored nodes: comments, script, style
<body>
  <div>
    <div
      class="text-center py-12 text-white/30 font-mono text-sm"
      id="station-list-empty"
    >
      No stations found
    </div>
  </div>
</body>
 ÔØ» Object.getElementError ../node_modules/@testing-library/dom/dist/config.js:37:19
 ÔØ» ../node_modules/@testing-library/dom/dist/query-helpers.js:76:38
 ÔØ» ../node_modules/@testing-library/dom/dist/query-helpers.js:52:17
 ÔØ» ../node_modules/@testing-library/dom/dist/query-helpers.js:95:19
 ÔØ» src/__tests__/components/StationList.test.tsx:40:19
     38|   it('should render empty message when no stations', () => {
     39|     render(<StationList stations={[]} fuelType="95" min={1.7} max={1.8ÔÇª
     40|     expect(screen.getByText('stations.empty')).toBeDefined();
       |                   ^
     41|   });
     42| 

ÔÄ»ÔÄ»ÔÄ»ÔÄ»ÔÄ»ÔÄ»ÔÄ»ÔÄ»ÔÄ»ÔÄ»ÔÄ»ÔÄ»ÔÄ»ÔÄ»ÔÄ»ÔÄ»ÔÄ»ÔÄ»ÔÄ»ÔÄ»ÔÄ»ÔÄ»ÔÄ»ÔÄ»[1/2]ÔÄ»

 FAIL  src/__tests__/components/StationList.test.tsx > StationList > should render list of station cards
TestingLibraryElementError: Unable to find an element with the text: stations.count. This could be because the text is broken up by multiple elements. In this case, you can provide a function for your text matcher to make your matcher more flexible.

Ignored nodes: comments, script, style
<body>
  <div>
    <div
      class="space-y-3"
      id="station-list"
    >
      <div
        class="flex items-center justify-between mb-2"
      >
        <span
          class="text-xs font-mono text-white/40 uppercase tracking-wider"
        >
          {{count}} stations
        </span>
        <span
          class="text-[10px] font-mono text-white/25"
        >
          Sorted by price
        </span>
      </div>
      <div
        class="grid grid-cols-1 md:grid-cols-2 lg:grid-cols-3 gap-3"
      >
        <div
          data-testid="station-card"
        >
          1
          . 
          Station 1
        </div>
        <div
          data-testid="station-card"
        >
          2
          . 
          Station 2
        </div>
      </div>
    </div>
  </div>
</body>
 ÔØ» Object.getElementError ../node_modules/@testing-library/dom/dist/config.js:37:19
 ÔØ» ../node_modules/@testing-library/dom/dist/query-helpers.js:76:38
 ÔØ» ../node_modules/@testing-library/dom/dist/query-helpers.js:52:17
 ÔØ» ../node_modules/@testing-library/dom/dist/query-helpers.js:95:19
 ÔØ» src/__tests__/components/StationList.test.tsx:46:19
     44|     render(<StationList stations={mockStations} fuelType="95" min={1.7ÔÇª
     45|     
     46|     expect(screen.getByText('stations.count')).toBeDefined();
       |                   ^
     47|     
     48|     const cards = screen.getAllByTestId('station-card');

ÔÄ»ÔÄ»ÔÄ»ÔÄ»ÔÄ»ÔÄ»ÔÄ»ÔÄ»ÔÄ»ÔÄ»ÔÄ»ÔÄ»ÔÄ»ÔÄ»ÔÄ»ÔÄ»ÔÄ»ÔÄ»ÔÄ»ÔÄ»ÔÄ»ÔÄ»ÔÄ»ÔÄ»[2/2]ÔÄ»


[2m Test Files [22m [1m[31m5 failed[39m[22m[2m | [22m[1m[32m4 passed[39m[22m[90m (9)[39m
[2m      Tests [22m [1m[31m13 failed[39m[22m[2m | [22m[1m[32m35 passed[39m[22m[90m (48)[39m
[2m   Start at [22m 20:14:33
[2m   Duration [22m 1.58s

[1m[41m FAIL [49m[22m [31mTests failed. Watching for file changes...[39m
       [2mpress [22m[1mh[22m[2m to show help[22m[2m, [22m[2mpress [22m[1mq[22m[2m to quit[22m
c[3J[1m[44m RERUN [49m[22m [34m[2msrc/components/StationCard.tsx [22m[39m

 [31mÔØ»[39m src/__tests__/hooks/useTheme.test.tsx [2m([22m[2m3 tests[22m[2m | [22m[31m1 failed[39m[2m)[22m[32m 16[2mms[22m[39m
     [32mÔ£ô[39m should throw error when used outside ThemeProvider[32m 10[2mms[22m[39m
     [32mÔ£ô[39m should return theme and toggleTheme when used within ThemeProvider[32m 2[2mms[22m[39m
[31m     [31m├ù[31m should toggle theme[39m[32m 3[2mms[22m[39m
 [31mÔØ»[39m src/__tests__/components/LanguageSwitcher.test.tsx [2m([22m[2m3 tests[22m[2m | [22m[31m3 failed[39m[2m)[22m[32m 84[2mms[22m[39m
[31m     [31m├ù[31m should render and toggle language[39m[32m 76[2mms[22m[39m
[31m     [31m├ù[31m should display Finnish label when language is English[39m[32m 5[2mms[22m[39m
[31m     [31m├ù[31m should display English label when language is Finnish[39m[32m 2[2mms[22m[39m
 [31mÔØ»[39m src/__tests__/hooks/usePriceAlert.test.ts [2m([22m[2m5 tests[22m[2m | [22m[31m2 failed[39m[2m)[22m[32m 16[2mms[22m[39m
     [32mÔ£ô[39m should initialize with false alert state[32m 6[2mms[22m[39m
     [32mÔ£ô[39m should set alert when price is below threshold[32m 1[2mms[22m[39m
     [32mÔ£ô[39m should not set alert when price is above threshold[32m 1[2mms[22m[39m
[31m     [31m├ù[31m should reset alert after timeout[39m[32m 6[2mms[22m[39m
[31m     [31m├ù[31m should set alert when price drops from previous value[39m[32m 1[2mms[22m[39m
 [31mÔØ»[39m src/__tests__/components/NotificationPermission.test.tsx [2m([22m[2m5 tests[22m[2m | [22m[31m5 failed[39m[2m)[22m[32m 104[2mms[22m[39m
[31m     [31m├ù[31m should render permission prompt when permission is default[39m[32m 17[2mms[22m[39m
[31m     [31m├ù[31m should handle successful permission request[39m[32m 66[2mms[22m[39m
[31m     [31m├ù[31m should handle denied permission request[39m[32m 17[2mms[22m[39m
[31m     [31m├ù[31m should show enabled state if already granted[39m[32m 2[2mms[22m[39m
[31m     [31m├ù[31m should show denied state if already denied[39m[32m 2[2mms[22m[39m
 [31mÔØ»[39m src/__tests__/components/StationList.test.tsx [2m([22m[2m2 tests[22m[2m | [22m[31m2 failed[39m[2m)[22m[32m 19[2mms[22m[39m
[31m     [31m├ù[31m should render empty message when no stations[39m[32m 14[2mms[22m[39m
[31m     [31m├ù[31m should render list of station cards[39m[32m 4[2mms[22m[39m
 [32mÔ£ô[39m src/__tests__/components/StationCard.test.tsx [2m([22m[2m6 tests[22m[2m)[22m[32m 42[2mms[22m[39m

ÔÄ»ÔÄ»ÔÄ»ÔÄ»ÔÄ»ÔÄ»ÔÄ» Failed Tests 2 ÔÄ»ÔÄ»ÔÄ»ÔÄ»ÔÄ»ÔÄ»ÔÄ»

 FAIL  src/__tests__/components/StationList.test.tsx > StationList > should render empty message when no stations
TestingLibraryElementError: Unable to find an element with the text: stations.empty. This could be because the text is broken up by multiple elements. In this case, you can provide a function for your text matcher to make your matcher more flexible.

Ignored nodes: comments, script, style
<body>
  <div>
    <div
      class="text-center py-12 text-white/30 font-mono text-sm"
      id="station-list-empty"
    >
      No stations found
    </div>
  </div>
</body>
 ÔØ» Object.getElementError ../node_modules/@testing-library/dom/dist/config.js:37:19
 ÔØ» ../node_modules/@testing-library/dom/dist/query-helpers.js:76:38
 ÔØ» ../node_modules/@testing-library/dom/dist/query-helpers.js:52:17
 ÔØ» ../node_modules/@testing-library/dom/dist/query-helpers.js:95:19
 ÔØ» src/__tests__/components/StationList.test.tsx:40:19
     38|   it('should render empty message when no stations', () => {
     39|     render(<StationList stations={[]} fuelType="95" min={1.7} max={1.8ÔÇª
     40|     expect(screen.getByText('stations.empty')).toBeDefined();
       |                   ^
     41|   });
     42| 

ÔÄ»ÔÄ»ÔÄ»ÔÄ»ÔÄ»ÔÄ»ÔÄ»ÔÄ»ÔÄ»ÔÄ»ÔÄ»ÔÄ»ÔÄ»ÔÄ»ÔÄ»ÔÄ»ÔÄ»ÔÄ»ÔÄ»ÔÄ»ÔÄ»ÔÄ»ÔÄ»ÔÄ»[1/2]ÔÄ»

 FAIL  src/__tests__/components/StationList.test.tsx > StationList > should render list of station cards
TestingLibraryElementError: Unable to find an element with the text: stations.count. This could be because the text is broken up by multiple elements. In this case, you can provide a function for your text matcher to make your matcher more flexible.

Ignored nodes: comments, script, style
<body>
  <div>
    <div
      class="space-y-3"
      id="station-list"
    >
      <div
        class="flex items-center justify-between mb-2"
      >
        <span
          class="text-xs font-mono text-white/40 uppercase tracking-wider"
        >
          {{count}} stations
        </span>
        <span
          class="text-[10px] font-mono text-white/25"
        >
          Sorted by price
        </span>
      </div>
      <div
        class="grid grid-cols-1 md:grid-cols-2 lg:grid-cols-3 gap-3"
      >
        <div
          data-testid="station-card"
        >
          1
          . 
          Station 1
        </div>
        <div
          data-testid="station-card"
        >
          2
          . 
          Station 2
        </div>
      </div>
    </div>
  </div>
</body>
 ÔØ» Object.getElementError ../node_modules/@testing-library/dom/dist/config.js:37:19
 ÔØ» ../node_modules/@testing-library/dom/dist/query-helpers.js:76:38
 ÔØ» ../node_modules/@testing-library/dom/dist/query-helpers.js:52:17
 ÔØ» ../node_modules/@testing-library/dom/dist/query-helpers.js:95:19
 ÔØ» src/__tests__/components/StationList.test.tsx:46:19
     44|     render(<StationList stations={mockStations} fuelType="95" min={1.7ÔÇª
     45|     
     46|     expect(screen.getByText('stations.count')).toBeDefined();
       |                   ^
     47|     
     48|     const cards = screen.getAllByTestId('station-card');

ÔÄ»ÔÄ»ÔÄ»ÔÄ»ÔÄ»ÔÄ»ÔÄ»ÔÄ»ÔÄ»ÔÄ»ÔÄ»ÔÄ»ÔÄ»ÔÄ»ÔÄ»ÔÄ»ÔÄ»ÔÄ»ÔÄ»ÔÄ»ÔÄ»ÔÄ»ÔÄ»ÔÄ»[2/2]ÔÄ»


[2m Test Files [22m [1m[31m5 failed[39m[22m[2m | [22m[1m[32m1 passed[39m[22m[90m (6)[39m
[2m      Tests [22m [1m[31m13 failed[39m[22m[2m | [22m[1m[32m11 passed[39m[22m[90m (24)[39m
[2m   Start at [22m 20:14:56
[2m   Duration [22m 423ms

[1m[41m FAIL [49m[22m [31mTests failed. Watching for file changes...[39m
       [2mpress [22m[1mh[22m[2m to show help[22m[2m, [22m[2mpress [22m[1mq[22m[2m to quit[22m
c[3J[1m[44m RERUN [49m[22m [34m[2msrc/components/StationCard.tsx [22m[39m

 [31mÔØ»[39m src/__tests__/hooks/useTheme.test.tsx [2m([22m[2m3 tests[22m[2m | [22m[31m1 failed[39m[2m)[22m[32m 16[2mms[22m[39m
     [32mÔ£ô[39m should throw error when used outside ThemeProvider[32m 10[2mms[22m[39m
     [32mÔ£ô[39m should return theme and toggleTheme when used within ThemeProvider[32m 2[2mms[22m[39m
[31m     [31m├ù[31m should toggle theme[39m[32m 3[2mms[22m[39m
 [31mÔØ»[39m src/__tests__/components/LanguageSwitcher.test.tsx [2m([22m[2m3 tests[22m[2m | [22m[31m3 failed[39m[2m)[22m[32m 84[2mms[22m[39m
[31m     [31m├ù[31m should render and toggle language[39m[32m 76[2mms[22m[39m
[31m     [31m├ù[31m should display Finnish label when language is English[39m[32m 5[2mms[22m[39m
[31m     [31m├ù[31m should display English label when language is Finnish[39m[32m 2[2mms[22m[39m
 [31mÔØ»[39m src/__tests__/hooks/usePriceAlert.test.ts [2m([22m[2m5 tests[22m[2m | [22m[31m2 failed[39m[2m)[22m[32m 16[2mms[22m[39m
     [32mÔ£ô[39m should initialize with false alert state[32m 6[2mms[22m[39m
     [32mÔ£ô[39m should set alert when price is below threshold[32m 1[2mms[22m[39m
     [32mÔ£ô[39m should not set alert when price is above threshold[32m 1[2mms[22m[39m
[31m     [31m├ù[31m should reset alert after timeout[39m[32m 6[2mms[22m[39m
[31m     [31m├ù[31m should set alert when price drops from previous value[39m[32m 1[2mms[22m[39m
 [31mÔØ»[39m src/__tests__/components/NotificationPermission.test.tsx [2m([22m[2m5 tests[22m[2m | [22m[31m5 failed[39m[2m)[22m[32m 104[2mms[22m[39m
[31m     [31m├ù[31m should render permission prompt when permission is default[39m[32m 17[2mms[22m[39m
[31m     [31m├ù[31m should handle successful permission request[39m[32m 66[2mms[22m[39m
[31m     [31m├ù[31m should handle denied permission request[39m[32m 17[2mms[22m[39m
[31m     [31m├ù[31m should show enabled state if already granted[39m[32m 2[2mms[22m[39m
[31m     [31m├ù[31m should show denied state if already denied[39m[32m 2[2mms[22m[39m
 [31mÔØ»[39m src/__tests__/components/StationList.test.tsx [2m([22m[2m2 tests[22m[2m | [22m[31m2 failed[39m[2m)[22m[32m 25[2mms[22m[39m
[31m     [31m├ù[31m should render empty message when no stations[39m[32m 19[2mms[22m[39m
[31m     [31m├ù[31m should render list of station cards[39m[32m 4[2mms[22m[39m
 [32mÔ£ô[39m src/__tests__/components/StationCard.test.tsx [2m([22m[2m6 tests[22m[2m)[22m[32m 44[2mms[22m[39m

ÔÄ»ÔÄ»ÔÄ»ÔÄ»ÔÄ»ÔÄ»ÔÄ» Failed Tests 2 ÔÄ»ÔÄ»ÔÄ»ÔÄ»ÔÄ»ÔÄ»ÔÄ»

 FAIL  src/__tests__/components/StationList.test.tsx > StationList > should render empty message when no stations
TestingLibraryElementError: Unable to find an element with the text: stations.empty. This could be because the text is broken up by multiple elements. In this case, you can provide a function for your text matcher to make your matcher more flexible.

Ignored nodes: comments, script, style
<body>
  <div>
    <div
      class="text-center py-12 text-white/30 font-mono text-sm"
      id="station-list-empty"
    >
      No stations found
    </div>
  </div>
</body>
 ÔØ» Object.getElementError ../node_modules/@testing-library/dom/dist/config.js:37:19
 ÔØ» ../node_modules/@testing-library/dom/dist/query-helpers.js:76:38
 ÔØ» ../node_modules/@testing-library/dom/dist/query-helpers.js:52:17
 ÔØ» ../node_modules/@testing-library/dom/dist/query-helpers.js:95:19
 ÔØ» src/__tests__/components/StationList.test.tsx:40:19
     38|   it('should render empty message when no stations', () => {
     39|     render(<StationList stations={[]} fuelType="95" min={1.7} max={1.8ÔÇª
     40|     expect(screen.getByText('stations.empty')).toBeDefined();
       |                   ^
     41|   });
     42| 

ÔÄ»ÔÄ»ÔÄ»ÔÄ»ÔÄ»ÔÄ»ÔÄ»ÔÄ»ÔÄ»ÔÄ»ÔÄ»ÔÄ»ÔÄ»ÔÄ»ÔÄ»ÔÄ»ÔÄ»ÔÄ»ÔÄ»ÔÄ»ÔÄ»ÔÄ»ÔÄ»ÔÄ»[1/2]ÔÄ»

 FAIL  src/__tests__/components/StationList.test.tsx > StationList > should render list of station cards
TestingLibraryElementError: Unable to find an element with the text: stations.count. This could be because the text is broken up by multiple elements. In this case, you can provide a function for your text matcher to make your matcher more flexible.

Ignored nodes: comments, script, style
<body>
  <div>
    <div
      class="space-y-3"
      id="station-list"
    >
      <div
        class="flex items-center justify-between mb-2"
      >
        <span
          class="text-xs font-mono text-white/40 uppercase tracking-wider"
        >
          {{count}} stations
        </span>
        <span
          class="text-[10px] font-mono text-white/25"
        >
          Sorted by price
        </span>
      </div>
      <div
        class="grid grid-cols-1 md:grid-cols-2 lg:grid-cols-3 gap-3"
      >
        <div
          data-testid="station-card"
        >
          1
          . 
          Station 1
        </div>
        <div
          data-testid="station-card"
        >
          2
          . 
          Station 2
        </div>
      </div>
    </div>
  </div>
</body>
 ÔØ» Object.getElementError ../node_modules/@testing-library/dom/dist/config.js:37:19
 ÔØ» ../node_modules/@testing-library/dom/dist/query-helpers.js:76:38
 ÔØ» ../node_modules/@testing-library/dom/dist/query-helpers.js:52:17
 ÔØ» ../node_modules/@testing-library/dom/dist/query-helpers.js:95:19
 ÔØ» src/__tests__/components/StationList.test.tsx:46:19
     44|     render(<StationList stations={mockStations} fuelType="95" min={1.7ÔÇª
     45|     
     46|     expect(screen.getByText('stations.count')).toBeDefined();
       |                   ^
     47|     
     48|     const cards = screen.getAllByTestId('station-card');

ÔÄ»ÔÄ»ÔÄ»ÔÄ»ÔÄ»ÔÄ»ÔÄ»ÔÄ»ÔÄ»ÔÄ»ÔÄ»ÔÄ»ÔÄ»ÔÄ»ÔÄ»ÔÄ»ÔÄ»ÔÄ»ÔÄ»ÔÄ»ÔÄ»ÔÄ»ÔÄ»ÔÄ»[2/2]ÔÄ»


[2m Test Files [22m [1m[31m5 failed[39m[22m[2m | [22m[1m[32m1 passed[39m[22m[90m (6)[39m
[2m      Tests [22m [1m[31m13 failed[39m[22m[2m | [22m[1m[32m11 passed[39m[22m[90m (24)[39m
[2m   Start at [22m 20:16:17
[2m   Duration [22m 450ms

[1m[41m FAIL [49m[22m [31mTests failed. Watching for file changes...[39m
       [2mpress [22m[1mh[22m[2m to show help[22m[2m, [22m[2mpress [22m[1mq[22m[2m to quit[22m
